76.20.47.132 - - [01/Nov/2015:14:12:59 -0800] "GET /stat141/OmegaTech.css HTTP/1.1" 200 5221 "http://eeyore.ucdavis.edu/stat141/" "Mozilla/5.0 (Macintosh; Intel Mac OS X 10_11_1) AppleWebKit/537.36 (KHTML, like Gecko) Chrome/46.0.2490.80 Safari/537.36"
76.20.47.132 - - [01/Nov/2015:14:12:59 -0800] "GET /stat141/html.css HTTP/1.1" 200 92 "http://eeyore.ucdavis.edu/stat141/" "Mozilla/5.0 (Macintosh; Intel Mac OS X 10_11_1) AppleWebKit/537.36 (KHTML, like Gecko) Chrome/46.0.2490.80 Safari/537.36"
76.20.47.132 - - [01/Nov/2015:14:13:06 -0800] "GET /stat141/Homeworks.html HTTP/1.1" 200 1432 "http://eeyore.ucdavis.edu/stat141/" "Mozilla/5.0 (Macintosh; Intel Mac OS X 10_11_1) AppleWebKit/537.36 (KHTML, like Gecko) Chrome/46.0.2490.80 Safari/537.36"
76.20.47.132 - - [01/Nov/2015:14:13:08 -0800] "GET /stat141/Hws/assignment3.html HTTP/1.1" 200 4382 "http://eeyore.ucdavis.edu/stat141/Homeworks.html" "Mozilla/5.0 (Macintosh; Intel Mac OS X 10_11_1) AppleWebKit/537.36 (KHTML, like Gecko) Chrome/46.0.2490.80 Safari/537.36"
76.20.47.132 - - [01/Nov/2015:14:13:08 -0800] "GET /stat141/Hws/sampleDigits.png HTTP/1.1" 200 22839 "http://eeyore.ucdavis.edu/stat141/Hws/assignment3.html" "Mozilla/5.0 (Macintosh; Intel Mac OS X 10_11_1) AppleWebKit/537.36 (KHTML, like Gecko) Chrome/46.0.2490.80 Safari/537.36"
107.77.75.21 - - [01/Nov/2015:14:14:58 -0800] "GET /stat141/Discussion HTTP/1.1" 404 216 "http://eeyore.ucdavis.edu/stat141/" "Mozilla/5.0 (Macintosh; Intel Mac OS X 10.8; rv:41.0) Gecko/20100101 Firefox/41.0"
107.77.75.21 - - [01/Nov/2015:14:15:04 -0800] "GET /stat141/Handouts.html HTTP/1.1" 200 488 "http://eeyore.ucdavis.edu/stat141/" "Mozilla/5.0 (Macintosh; Intel Mac OS X 10.8; rv:41.0) Gecko/20100101 Firefox/41.0"
168.150.100.241 - - [01/Nov/2015:14:15:10 -0800] "GET /sta141/Lectures.html HTTP/1.1" 304 - "http://eeyore.ucdavis.edu/sta141/" "Mozilla/5.0 (Windows NT 6.3; WOW64) AppleWebKit/537.36 (KHTML, like Gecko) Chrome/45.0.2454.93 Safari/537.36"
168.150.100.241 - - [01/Nov/2015:14:15:16 -0800] "GET /sta141/Sessions/Session8 HTTP/1.1" 200 118338 "http://eeyore.ucdavis.edu/sta141/Lectures.html" "Mozilla/5.0 (Windows NT 6.3; WOW64) AppleWebKit/537.36 (KHTML, like Gecko) Chrome/45.0.2454.93 Safari/537.36"
76.20.63.68 - - [01/Nov/2015:14:15:55 -0800] "GET /stat141/Hws/drawCode.R HTTP/1.1" 200 351 "http://eeyore.ucdavis.edu/stat141/Hws/assignment3.html" "Mozilla/5.0 (Windows NT 6.3; WOW64) AppleWebKit/537.36 (KHTML, like Gecko) Chrome/46.0.2490.80 Safari/537.36"
108.239.176.40 - - [01/Nov/2015:14:17:06 -0800] "GET /stat141/ HTTP/1.1" 304 - "-" "Mozilla/5.0 (Windows NT 10.0; WOW64) AppleWebKit/537.36 (KHTML, like Gecko) Chrome/46.0.2490.80 Safari/537.36"
108.239.176.40 - - [01/Nov/2015:14:17:06 -0800] "GET /stat141/Class.css HTTP/1.1" 304 - "http://eeyore.ucdavis.edu/stat141/" "Mozilla/5.0 (Windows NT 10.0; WOW64) AppleWebKit/537.36 (KHTML, like Gecko) Chrome/46.0.2490.80 Safari/537.36"
108.239.176.40 - - [01/Nov/2015:14:17:06 -0800] "GET /stat141/OmegaTech.css HTTP/1.1" 304 - "http://eeyore.ucdavis.edu/stat141/" "Mozilla/5.0 (Windows NT 10.0; WOW64) AppleWebKit/537.36 (KHTML, like Gecko) Chrome/46.0.2490.80 Safari/537.36"
108.239.176.40 - - [01/Nov/2015:14:17:06 -0800] "GET /stat141/html.css HTTP/1.1" 304 - "http://eeyore.ucdavis.edu/stat141/" "Mozilla/5.0 (Windows NT 10.0; WOW64) AppleWebKit/537.36 (KHTML, like Gecko) Chrome/46.0.2490.80 Safari/537.36"
108.239.176.40 - - [01/Nov/2015:14:17:07 -0800] "GET /favicon.ico HTTP/1.1" 404 209 "http://eeyore.ucdavis.edu/stat141/" "Mozilla/5.0 (Windows NT 10.0; WOW64) AppleWebKit/537.36 (KHTML, like Gecko) Chrome/46.0.2490.80 Safari/537.36"
108.239.176.40 - - [01/Nov/2015:14:17:09 -0800] "GET /stat141/Homeworks.html HTTP/1.1" 304 - "http://eeyore.ucdavis.edu/stat141/" "Mozilla/5.0 (Windows NT 10.0; WOW64) AppleWebKit/537.36 (KHTML, like Gecko) Chrome/46.0.2490.80 Safari/537.36"
108.239.176.40 - - [01/Nov/2015:14:17:12 -0800] "GET /stat141/Hws/assignment3.html HTTP/1.1" 304 - "http://eeyore.ucdavis.edu/stat141/Homeworks.html" "Mozilla/5.0 (Windows NT 10.0; WOW64) AppleWebKit/537.36 (KHTML, like Gecko) Chrome/46.0.2490.80 Safari/537.36"
76.20.47.132 - - [01/Nov/2015:14:18:01 -0800] "GET /stat141/Hws/drawCode.R HTTP/1.1" 200 351 "http://eeyore.ucdavis.edu/stat141/Hws/assignment3.html" "Mozilla/5.0 (Macintosh; Intel Mac OS X 10_11_1) AppleWebKit/537.36 (KHTML, like Gecko) Chrome/46.0.2490.80 Safari/537.36"
168.150.56.136 - - [01/Nov/2015:14:18:16 -0800] "GET /stat141/Homeworks.html HTTP/1.1" 200 1432 "-" "Mozilla/5.0 (Macintosh; Intel Mac OS X 10_11_0) AppleWebKit/537.36 (KHTML, like Gecko) Chrome/46.0.2490.80 Safari/537.36"
168.150.56.136 - - [01/Nov/2015:14:18:16 -0800] "GET /stat141/Class.css HTTP/1.1" 200 1973 "http://eeyore.ucdavis.edu/stat141/Homeworks.html" "Mozilla/5.0 (Macintosh; Intel Mac OS X 10_11_0) AppleWebKit/537.36 (KHTML, like Gecko) Chrome/46.0.2490.80 Safari/537.36"
168.150.56.136 - - [01/Nov/2015:14:18:16 -0800] "GET /stat141/OmegaTech.css HTTP/1.1" 200 5221 "http://eeyore.ucdavis.edu/stat141/Homeworks.html" "Mozilla/5.0 (Macintosh; Intel Mac OS X 10_11_0) AppleWebKit/537.36 (KHTML, like Gecko) Chrome/46.0.2490.80 Safari/537.36"
168.150.56.136 - - [01/Nov/2015:14:18:16 -0800] "GET /stat141/html.css HTTP/1.1" 200 92 "http://eeyore.ucdavis.edu/stat141/Homeworks.html" "Mozilla/5.0 (Macintosh; Intel Mac OS X 10_11_0) AppleWebKit/537.36 (KHTML, like Gecko) Chrome/46.0.2490.80 Safari/537.36"
168.150.56.136 - - [01/Nov/2015:14:18:16 -0800] "GET /favicon.ico HTTP/1.1" 404 209 "http://eeyore.ucdavis.edu/stat141/Homeworks.html" "Mozilla/5.0 (Macintosh; Intel Mac OS X 10_11_0) AppleWebKit/537.36 (KHTML, like Gecko) Chrome/46.0.2490.80 Safari/537.36"
168.150.56.136 - - [01/Nov/2015:14:18:18 -0800] "GET /stat141/Hws/assignment3.html HTTP/1.1" 200 4382 "http://eeyore.ucdavis.edu/stat141/Homeworks.html" "Mozilla/5.0 (Macintosh; Intel Mac OS X 10_11_0) AppleWebKit/537.36 (KHTML, like Gecko) Chrome/46.0.2490.80 Safari/537.36"
168.150.56.136 - - [01/Nov/2015:14:18:19 -0800] "GET /stat141/Hws/sampleDigits.png HTTP/1.1" 200 22839 "http://eeyore.ucdavis.edu/stat141/Hws/assignment3.html" "Mozilla/5.0 (Macintosh; Intel Mac OS X 10_11_0) AppleWebKit/537.36 (KHTML, like Gecko) Chrome/46.0.2490.80 Safari/537.36"
168.150.100.241 - - [01/Nov/2015:14:28:15 -0800] "GET /stat141/ HTTP/1.1" 304 - "-" "Mozilla/5.0 (Windows NT 6.3; WOW64) AppleWebKit/537.36 (KHTML, like Gecko) Chrome/45.0.2454.93 Safari/537.36"
168.150.100.241 - - [01/Nov/2015:14:28:16 -0800] "GET /stat141/Class.css HTTP/1.1" 304 - "http://eeyore.ucdavis.edu/stat141/" "Mozilla/5.0 (Windows NT 6.3; WOW64) AppleWebKit/537.36 (KHTML, like Gecko) Chrome/45.0.2454.93 Safari/537.36"
168.150.100.241 - - [01/Nov/2015:14:28:16 -0800] "GET /stat141/OmegaTech.css HTTP/1.1" 304 - "http://eeyore.ucdavis.edu/stat141/" "Mozilla/5.0 (Windows NT 6.3; WOW64) AppleWebKit/537.36 (KHTML, like Gecko) Chrome/45.0.2454.93 Safari/537.36"
168.150.100.241 - - [01/Nov/2015:14:28:16 -0800] "GET /stat141/html.css HTTP/1.1" 304 - "http://eeyore.ucdavis.edu/stat141/" "Mozilla/5.0 (Windows NT 6.3; WOW64) AppleWebKit/537.36 (KHTML, like Gecko) Chrome/45.0.2454.93 Safari/537.36"
168.150.100.241 - - [01/Nov/2015:14:28:20 -0800] "GET /stat141/Homeworks.html HTTP/1.1" 304 - "http://eeyore.ucdavis.edu/stat141/" "Mozilla/5.0 (Windows NT 6.3; WOW64) AppleWebKit/537.36 (KHTML, like Gecko) Chrome/45.0.2454.93 Safari/537.36"
168.150.100.241 - - [01/Nov/2015:14:28:22 -0800] "GET /stat141/Lectures.html HTTP/1.1" 304 - "http://eeyore.ucdavis.edu/stat141/" "Mozilla/5.0 (Windows NT 6.3; WOW64) AppleWebKit/537.36 (KHTML, like Gecko) Chrome/45.0.2454.93 Safari/537.36"
168.150.100.241 - - [01/Nov/2015:14:28:42 -0800] "GET /stat141/Hws/assignment3.html HTTP/1.1" 200 4382 "http://eeyore.ucdavis.edu/stat141/Homeworks.html" "Mozilla/5.0 (Windows NT 6.3; WOW64) AppleWebKit/537.36 (KHTML, like Gecko) Chrome/45.0.2454.93 Safari/537.36"
168.150.100.241 - - [01/Nov/2015:14:28:43 -0800] "GET /stat141/Hws/sampleDigits.png HTTP/1.1" 200 22839 "http://eeyore.ucdavis.edu/stat141/Hws/assignment3.html" "Mozilla/5.0 (Windows NT 6.3; WOW64) AppleWebKit/537.36 (KHTML, like Gecko) Chrome/45.0.2454.93 Safari/537.36"
76.105.6.59 - - [01/Nov/2015:14:29:36 -0800] "GET /stat141/Data/digitsTrain.csv HTTP/1.1" 200 9135013 "-" "R (3.0.2 x86_64-w64-mingw32 x86_64 mingw32)"
76.105.6.59 - - [01/Nov/2015:14:29:44 -0800] "GET /stat141/Data/digitsTrain.csv HTTP/1.1" 200 9135013 "-" "R (3.0.2 x86_64-w64-mingw32 x86_64 mingw32)"
67.166.146.79 - - [01/Nov/2015:14:31:12 -0800] "GET /stat141/Hws/drawCode.R HTTP/1.1" 200 351 "http://eeyore.ucdavis.edu/stat141/Hws/assignment3.html" "Mozilla/5.0 (Windows NT 6.3; WOW64) AppleWebKit/537.36 (KHTML, like Gecko) Chrome/44.0.2403.89 Safari/537.36"
107.0.114.66 - - [01/Nov/2015:14:33:09 -0800] "GET /favicon.ico HTTP/1.1" 404 209 "http://eeyore.ucdavis.edu/stat141/" "Mozilla/5.0 (Macintosh; Intel Mac OS X 10_10_5) AppleWebKit/537.36 (KHTML, like Gecko) Chrome/46.0.2490.80 Safari/537.36"
137.208.57.141 - - [01/Nov/2015:14:34:20 -0800] "HEAD /cgi-bin/testForm1.pl HTTP/1.1" 404 - "-" "-"
168.150.32.43 - - [01/Nov/2015:14:34:26 -0800] "GET /stat141/Data/digitsTrain.csv HTTP/1.0" 200 9135013 "-" "R (3.1.2 x86_64-apple-darwin13.4.0 x86_64 darwin13.4.0)"
137.208.57.141 - - [01/Nov/2015:14:34:41 -0800] "GET /stat141/data/Elections/NYExitData.rda HTTP/1.1" 404 235 "-" "-"
168.150.103.95 - - [01/Nov/2015:14:36:00 -0800] "GET /sta141/Lectures/Day1.pdf HTTP/1.1" 200 116340 "http://eeyore.ucdavis.edu/sta141/Lectures.html" "Mozilla/5.0 (Windows NT 10.0; WOW64) AppleWebKit/537.36 (KHTML, like Gecko) Chrome/46.0.2490.80 Safari/537.36"
67.166.145.209 - - [01/Nov/2015:14:37:26 -0800] "GET /stat141/ HTTP/1.1" 200 4176 "-" "Mozilla/5.0 (Windows NT 6.1; WOW64) AppleWebKit/537.36 (KHTML, like Gecko) Chrome/46.0.2490.80 Safari/537.36"
67.166.145.209 - - [01/Nov/2015:14:37:26 -0800] "GET /stat141/Class.css HTTP/1.1" 304 - "http://eeyore.ucdavis.edu/stat141/" "Mozilla/5.0 (Windows NT 6.1; WOW64) AppleWebKit/537.36 (KHTML, like Gecko) Chrome/46.0.2490.80 Safari/537.36"
67.166.145.209 - - [01/Nov/2015:14:37:26 -0800] "GET /stat141/mcb2.jpg HTTP/1.1" 304 - "http://eeyore.ucdavis.edu/stat141/" "Mozilla/5.0 (Windows NT 6.1; WOW64) AppleWebKit/537.36 (KHTML, like Gecko) Chrome/46.0.2490.80 Safari/537.36"
67.166.145.209 - - [01/Nov/2015:14:37:26 -0800] "GET /stat141/yuki.png HTTP/1.1" 304 - "http://eeyore.ucdavis.edu/stat141/" "Mozilla/5.0 (Windows NT 6.1; WOW64) AppleWebKit/537.36 (KHTML, like Gecko) Chrome/46.0.2490.80 Safari/537.36"
67.166.145.209 - - [01/Nov/2015:14:37:26 -0800] "GET /stat141/OmegaTech.css HTTP/1.1" 304 - "http://eeyore.ucdavis.edu/stat141/" "Mozilla/5.0 (Windows NT 6.1; WOW64) AppleWebKit/537.36 (KHTML, like Gecko) Chrome/46.0.2490.80 Safari/537.36"
67.166.145.209 - - [01/Nov/2015:14:37:26 -0800] "GET /stat141/html.css HTTP/1.1" 304 - "http://eeyore.ucdavis.edu/stat141/" "Mozilla/5.0 (Windows NT 6.1; WOW64) AppleWebKit/537.36 (KHTML, like Gecko) Chrome/46.0.2490.80 Safari/537.36"
67.166.145.209 - - [01/Nov/2015:14:37:29 -0800] "GET /stat141/Homeworks.html HTTP/1.1" 304 - "http://eeyore.ucdavis.edu/stat141/" "Mozilla/5.0 (Windows NT 6.1; WOW64) AppleWebKit/537.36 (KHTML, like Gecko) Chrome/46.0.2490.80 Safari/537.36"
67.166.145.209 - - [01/Nov/2015:14:37:31 -0800] "GET /stat141/Hws/assignment3.html HTTP/1.1" 200 4382 "http://eeyore.ucdavis.edu/stat141/Homeworks.html" "Mozilla/5.0 (Windows NT 6.1; WOW64) AppleWebKit/537.36 (KHTML, like Gecko) Chrome/46.0.2490.80 Safari/537.36"
67.166.145.209 - - [01/Nov/2015:14:37:31 -0800] "GET /stat141/Hws/sampleDigits.png HTTP/1.1" 200 22839 "http://eeyore.ucdavis.edu/stat141/Hws/assignment3.html" "Mozilla/5.0 (Windows NT 6.1; WOW64) AppleWebKit/537.36 (KHTML, like Gecko) Chrome/46.0.2490.80 Safari/537.36"
50.173.37.210 - - [01/Nov/2015:14:37:32 -0800] "GET /stat141/ HTTP/1.1" 200 4176 "-" "Mozilla/5.0 (Macintosh; Intel Mac OS X 10_10_5) AppleWebKit/537.36 (KHTML, like Gecko) Chrome/46.0.2490.80 Safari/537.36"
50.173.37.210 - - [01/Nov/2015:14:37:32 -0800] "GET /stat141/Class.css HTTP/1.1" 200 1973 "http://eeyore.ucdavis.edu/stat141/" "Mozilla/5.0 (Macintosh; Intel Mac OS X 10_10_5) AppleWebKit/537.36 (KHTML, like Gecko) Chrome/46.0.2490.80 Safari/537.36"
50.173.37.210 - - [01/Nov/2015:14:37:33 -0800] "GET /stat141/mcb2.jpg HTTP/1.1" 200 12310 "http://eeyore.ucdavis.edu/stat141/" "Mozilla/5.0 (Macintosh; Intel Mac OS X 10_10_5) AppleWebKit/537.36 (KHTML, like Gecko) Chrome/46.0.2490.80 Safari/537.36"
50.173.37.210 - - [01/Nov/2015:14:37:33 -0800] "GET /stat141/yuki.png HTTP/1.1" 200 3719 "http://eeyore.ucdavis.edu/stat141/" "Mozilla/5.0 (Macintosh; Intel Mac OS X 10_10_5) AppleWebKit/537.36 (KHTML, like Gecko) Chrome/46.0.2490.80 Safari/537.36"
50.173.37.210 - - [01/Nov/2015:14:37:36 -0800] "GET /stat141/OmegaTech.css HTTP/1.1" 200 5221 "http://eeyore.ucdavis.edu/stat141/" "Mozilla/5.0 (Macintosh; Intel Mac OS X 10_10_5) AppleWebKit/537.36 (KHTML, like Gecko) Chrome/46.0.2490.80 Safari/537.36"
50.173.37.210 - - [01/Nov/2015:14:37:36 -0800] "GET /stat141/html.css HTTP/1.1" 200 92 "http://eeyore.ucdavis.edu/stat141/" "Mozilla/5.0 (Macintosh; Intel Mac OS X 10_10_5) AppleWebKit/537.36 (KHTML, like Gecko) Chrome/46.0.2490.80 Safari/537.36"
50.173.37.210 - - [01/Nov/2015:14:37:36 -0800] "GET /favicon.ico HTTP/1.1" 404 209 "http://eeyore.ucdavis.edu/stat141/" "Mozilla/5.0 (Macintosh; Intel Mac OS X 10_10_5) AppleWebKit/537.36 (KHTML, like Gecko) Chrome/46.0.2490.80 Safari/537.36"
50.173.37.210 - - [01/Nov/2015:14:38:22 -0800] "GET /stat141/Homeworks.html HTTP/1.1" 200 1432 "http://eeyore.ucdavis.edu/stat141/" "Mozilla/5.0 (Macintosh; Intel Mac OS X 10_10_5) AppleWebKit/537.36 (KHTML, like Gecko) Chrome/46.0.2490.80 Safari/537.36"
107.0.114.152 - - [01/Nov/2015:14:40:58 -0800] "GET /favicon.ico HTTP/1.1" 404 209 "-" "Mozilla/5.0 (Windows NT 6.1; WOW64) AppleWebKit/537.36 (KHTML, like Gecko) Chrome/42.0.2311.152 Safari/537.36 LBBROWSER"
168.150.32.43 - - [01/Nov/2015:14:41:06 -0800] "GET /stat141/Data/digitsTrain.csv HTTP/1.0" 200 9135013 "-" "R (3.1.2 x86_64-apple-darwin13.4.0 x86_64 darwin13.4.0)"
107.0.114.66 - - [01/Nov/2015:14:41:15 -0800] "GET /stat141/Data/digitsTrain.csv HTTP/1.0" 200 9135013 "-" "R (3.0.2 x86_64-pc-linux-gnu x86_64 linux-gnu)"
107.0.114.66 - - [01/Nov/2015:14:41:32 -0800] "GET /stat141/Data/digitsTrain.csv HTTP/1.0" 200 9135013 "-" "R (3.0.2 x86_64-pc-linux-gnu x86_64 linux-gnu)"
168.150.32.43 - - [01/Nov/2015:14:42:06 -0800] "GET /stat141/Data/digitsTrain.csv HTTP/1.0" 200 9135013 "-" "R (3.1.2 x86_64-apple-darwin13.4.0 x86_64 darwin13.4.0)"
107.0.114.152 - - [01/Nov/2015:14:43:44 -0800] "GET /favicon.ico HTTP/1.1" 404 209 "-" "Mozilla/5.0 (Windows NT 6.1; WOW64) AppleWebKit/537.36 (KHTML, like Gecko) Chrome/42.0.2311.152 Safari/537.36 LBBROWSER"
107.0.114.152 - - [01/Nov/2015:14:43:44 -0800] "GET /favicon.ico HTTP/1.1" 404 209 "-" "Mozilla/5.0 (Windows NT 6.1; WOW64) AppleWebKit/537.36 (KHTML, like Gecko) Chrome/42.0.2311.152 Safari/537.36 LBBROWSER"
98.244.54.211 - - [01/Nov/2015:14:44:47 -0800] "GET /stat141/Hws/CrossValidation.html HTTP/1.1" 200 3099 "-" "Mozilla/5.0 (Windows NT 10.0; WOW64) AppleWebKit/537.36 (KHTML, like Gecko) Chrome/46.0.2490.80 Safari/537.36"
107.0.114.66 - - [01/Nov/2015:14:51:12 -0800] "GET /stat141/Data/digitsTrain.csv HTTP/1.0" 200 9135013 "-" "R (3.0.2 x86_64-pc-linux-gnu x86_64 linux-gnu)"
50.173.37.139 - - [01/Nov/2015:14:53:56 -0800] "HEAD /stat141/Hws/assignment3.html HTTP/1.1" 200 - "-" "Mozilla/5.0 (X11; Linux x86_64; rv:10.0) Gecko/20150101 Firefox/20.0 (Chrome)"
50.173.37.139 - - [01/Nov/2015:14:53:58 -0800] "GET /stat141/Hws/assignment3.html HTTP/1.1" 200 4382 "-" "Mozilla/5.0 (X11; Linux x86_64; rv:10.0) Gecko/20150101 Firefox/20.0 (Chrome)"
24.7.179.180 - - [01/Nov/2015:14:54:20 -0800] "GET /sta141/Sessions/Session9 HTTP/1.1" 304 - "http://eeyore.ucdavis.edu/sta141/Lectures.html" "Mozilla/5.0 (Windows NT 6.1; WOW64; rv:41.0) Gecko/20100101 Firefox/41.0"
98.255.0.91 - - [01/Nov/2015:14:54:59 -0800] "GET /stat141/Hws/sampleDigits.png HTTP/1.1" 200 22839 "-" "Mozilla/5.0 (Macintosh; Intel Mac OS X 10_10_5) AppleWebKit/601.2.7 (KHTML, like Gecko) Version/9.0.1 Safari/601.2.7"
108.237.121.27 - - [01/Nov/2015:14:55:47 -0800] "GET /favicon.ico HTTP/1.1" 404 209 "http://eeyore.ucdavis.edu/stat141/" "Mozilla/5.0 (Windows NT 6.1) AppleWebKit/537.36 (KHTML, like Gecko) Chrome/46.0.2490.80 Safari/537.36"
50.173.37.139 - - [01/Nov/2015:14:56:00 -0800] "GET /stat141/Hws/assignment3.html HTTP/1.1" 200 4382 "http://eeyore.ucdavis.edu/stat141/Homeworks.html" "Mozilla/5.0 (Windows NT 10.0; WOW64) AppleWebKit/537.36 (KHTML, like Gecko) Chrome/46.0.2490.80 Safari/537.36"
50.173.37.139 - - [01/Nov/2015:14:56:00 -0800] "GET /stat141/Class.css HTTP/1.1" 200 1973 "http://eeyore.ucdavis.edu/stat141/Hws/assignment3.html" "Mozilla/5.0 (Windows NT 10.0; WOW64) AppleWebKit/537.36 (KHTML, like Gecko) Chrome/46.0.2490.80 Safari/537.36"
50.173.37.139 - - [01/Nov/2015:14:56:00 -0800] "GET /stat141/Hws/sampleDigits.png HTTP/1.1" 200 22839 "http://eeyore.ucdavis.edu/stat141/Hws/assignment3.html" "Mozilla/5.0 (Windows NT 10.0; WOW64) AppleWebKit/537.36 (KHTML, like Gecko) Chrome/46.0.2490.80 Safari/537.36"
128.54.102.151 - - [01/Nov/2015:14:56:02 -0800] "GET /sta141/Sessions/Session9 HTTP/1.1" 200 106391 "-" "Mozilla/5.0 (Macintosh; Intel Mac OS X 10_10_0) AppleWebKit/537.36 (KHTML, like Gecko) Chrome/46.0.2490.80 Safari/537.36"
128.54.102.151 - - [01/Nov/2015:14:56:02 -0800] "GET /favicon.ico HTTP/1.1" 404 209 "http://eeyore.ucdavis.edu/sta141/Sessions/Session9" "Mozilla/5.0 (Macintosh; Intel Mac OS X 10_10_0) AppleWebKit/537.36 (KHTML, like Gecko) Chrome/46.0.2490.80 Safari/537.36"
50.173.37.139 - - [01/Nov/2015:14:57:03 -0800] "HEAD /stat141/Hws/assignment3.html HTTP/1.1" 200 - "-" "Mozilla/5.0 (X11; Linux x86_64; rv:10.0) Gecko/20150101 Firefox/20.0 (Chrome)"
50.173.37.139 - - [01/Nov/2015:14:57:03 -0800] "GET /stat141/Hws/assignment3.html HTTP/1.1" 200 4382 "-" "Mozilla/5.0 (X11; Linux x86_64; rv:10.0) Gecko/20150101 Firefox/20.0 (Chrome)"
98.255.225.158 - - [01/Nov/2015:14:57:23 -0800] "GET /stat141/ HTTP/1.1" 200 4176 "-" "Mozilla/5.0 (iPhone; CPU iPhone OS 9_1 like Mac OS X) AppleWebKit/601.1.46 (KHTML, like Gecko) Version/9.0 Mobile/13B143 Safari/601.1"
98.255.225.158 - - [01/Nov/2015:14:57:23 -0800] "GET /stat141/Class.css HTTP/1.1" 200 1973 "http://eeyore.ucdavis.edu/stat141/" "Mozilla/5.0 (iPhone; CPU iPhone OS 9_1 like Mac OS X) AppleWebKit/601.1.46 (KHTML, like Gecko) Version/9.0 Mobile/13B143 Safari/601.1"
98.255.225.158 - - [01/Nov/2015:14:57:23 -0800] "GET /stat141/yuki.png HTTP/1.1" 200 3719 "http://eeyore.ucdavis.edu/stat141/" "Mozilla/5.0 (iPhone; CPU iPhone OS 9_1 like Mac OS X) AppleWebKit/601.1.46 (KHTML, like Gecko) Version/9.0 Mobile/13B143 Safari/601.1"
98.255.225.158 - - [01/Nov/2015:14:57:23 -0800] "GET /stat141/mcb2.jpg HTTP/1.1" 200 12310 "http://eeyore.ucdavis.edu/stat141/" "Mozilla/5.0 (iPhone; CPU iPhone OS 9_1 like Mac OS X) AppleWebKit/601.1.46 (KHTML, like Gecko) Version/9.0 Mobile/13B143 Safari/601.1"
98.255.225.158 - - [01/Nov/2015:14:57:23 -0800] "GET /stat141/OmegaTech.css HTTP/1.1" 200 5221 "http://eeyore.ucdavis.edu/stat141/" "Mozilla/5.0 (iPhone; CPU iPhone OS 9_1 like Mac OS X) AppleWebKit/601.1.46 (KHTML, like Gecko) Version/9.0 Mobile/13B143 Safari/601.1"
98.255.225.158 - - [01/Nov/2015:14:57:23 -0800] "GET /stat141/html.css HTTP/1.1" 200 92 "http://eeyore.ucdavis.edu/stat141/" "Mozilla/5.0 (iPhone; CPU iPhone OS 9_1 like Mac OS X) AppleWebKit/601.1.46 (KHTML, like Gecko) Version/9.0 Mobile/13B143 Safari/601.1"
98.255.225.158 - - [01/Nov/2015:14:57:23 -0800] "GET /apple-touch-icon-120x120-precomposed.png HTTP/1.1" 404 238 "-" "MobileSafari/601.1 CFNetwork/758.1.6 Darwin/15.0.0"
98.255.225.158 - - [01/Nov/2015:14:57:23 -0800] "GET /apple-touch-icon-120x120.png HTTP/1.1" 404 226 "-" "MobileSafari/601.1 CFNetwork/758.1.6 Darwin/15.0.0"
98.255.225.158 - - [01/Nov/2015:14:57:24 -0800] "GET /apple-touch-icon.png HTTP/1.1" 404 218 "-" "MobileSafari/601.1 CFNetwork/758.1.6 Darwin/15.0.0"
98.255.225.158 - - [01/Nov/2015:14:57:24 -0800] "GET /apple-touch-icon.png HTTP/1.1" 404 218 "-" "MobileSafari/601.1 CFNetwork/758.1.6 Darwin/15.0.0"
98.255.225.158 - - [01/Nov/2015:14:57:25 -0800] "GET /stat141/Homeworks.html HTTP/1.1" 200 1432 "http://eeyore.ucdavis.edu/stat141/" "Mozilla/5.0 (iPhone; CPU iPhone OS 9_1 like Mac OS X) AppleWebKit/601.1.46 (KHTML, like Gecko) Version/9.0 Mobile/13B143 Safari/601.1"
98.255.225.158 - - [01/Nov/2015:14:57:27 -0800] "GET /stat141/Hws/assignment3.html HTTP/1.1" 200 4382 "http://eeyore.ucdavis.edu/stat141/Homeworks.html" "Mozilla/5.0 (iPhone; CPU iPhone OS 9_1 like Mac OS X) AppleWebKit/601.1.46 (KHTML, like Gecko) Version/9.0 Mobile/13B143 Safari/601.1"
98.255.225.158 - - [01/Nov/2015:14:57:27 -0800] "GET /stat141/Hws/sampleDigits.png HTTP/1.1" 200 22839 "http://eeyore.ucdavis.edu/stat141/Hws/assignment3.html" "Mozilla/5.0 (iPhone; CPU iPhone OS 9_1 like Mac OS X) AppleWebKit/601.1.46 (KHTML, like Gecko) Version/9.0 Mobile/13B143 Safari/601.1"
50.173.37.139 - - [01/Nov/2015:14:59:46 -0800] "GET /favicon.ico HTTP/1.1" 404 209 "http://eeyore.ucdavis.edu/stat141/Hws/assignment3.html" "Mozilla/5.0 (Windows NT 10.0; WOW64) AppleWebKit/537.36 (KHTML, like Gecko) Chrome/46.0.2490.80 Safari/537.36"
168.150.23.208 - - [01/Nov/2015:15:00:25 -0800] "GET /stat141/ HTTP/1.1" 304 - "-" "Mozilla/5.0 (Windows NT 6.3; WOW64) AppleWebKit/537.36 (KHTML, like Gecko) Chrome/41.0.2272.89 Safari/537.36"
168.150.23.208 - - [01/Nov/2015:15:00:25 -0800] "GET /stat141/Class.css HTTP/1.1" 304 - "http://eeyore.ucdavis.edu/stat141/" "Mozilla/5.0 (Windows NT 6.3; WOW64) AppleWebKit/537.36 (KHTML, like Gecko) Chrome/41.0.2272.89 Safari/537.36"
168.150.23.208 - - [01/Nov/2015:15:00:25 -0800] "GET /stat141/mcb2.jpg HTTP/1.1" 200 12310 "http://eeyore.ucdavis.edu/stat141/" "Mozilla/5.0 (Windows NT 6.3; WOW64) AppleWebKit/537.36 (KHTML, like Gecko) Chrome/41.0.2272.89 Safari/537.36"
168.150.23.208 - - [01/Nov/2015:15:00:25 -0800] "GET /stat141/OmegaTech.css HTTP/1.1" 304 - "http://eeyore.ucdavis.edu/stat141/" "Mozilla/5.0 (Windows NT 6.3; WOW64) AppleWebKit/537.36 (KHTML, like Gecko) Chrome/41.0.2272.89 Safari/537.36"
168.150.23.208 - - [01/Nov/2015:15:00:25 -0800] "GET /stat141/yuki.png HTTP/1.1" 200 3719 "http://eeyore.ucdavis.edu/stat141/" "Mozilla/5.0 (Windows NT 6.3; WOW64) AppleWebKit/537.36 (KHTML, like Gecko) Chrome/41.0.2272.89 Safari/537.36"
168.150.23.208 - - [01/Nov/2015:15:00:25 -0800] "GET /stat141/html.css HTTP/1.1" 304 - "http://eeyore.ucdavis.edu/stat141/" "Mozilla/5.0 (Windows NT 6.3; WOW64) AppleWebKit/537.36 (KHTML, like Gecko) Chrome/41.0.2272.89 Safari/537.36"
168.150.23.208 - - [01/Nov/2015:15:00:27 -0800] "GET /stat141/Homeworks.html HTTP/1.1" 200 1432 "http://eeyore.ucdavis.edu/stat141/" "Mozilla/5.0 (Windows NT 6.3; WOW64) AppleWebKit/537.36 (KHTML, like Gecko) Chrome/41.0.2272.89 Safari/537.36"
166.164.73.174 - - [01/Nov/2015:15:00:28 -0800] "GET /stat141/ HTTP/1.1" 304 - "-" "Mozilla/5.0 (Macintosh; Intel Mac OS X 10_10_5) AppleWebKit/537.36 (KHTML, like Gecko) Chrome/46.0.2490.80 Safari/537.36"
166.164.73.174 - - [01/Nov/2015:15:00:29 -0800] "GET /stat141/Class.css HTTP/1.1" 304 - "http://eeyore.ucdavis.edu/stat141/" "Mozilla/5.0 (Macintosh; Intel Mac OS X 10_10_5) AppleWebKit/537.36 (KHTML, like Gecko) Chrome/46.0.2490.80 Safari/537.36"
166.164.73.174 - - [01/Nov/2015:15:00:29 -0800] "GET /stat141/OmegaTech.css HTTP/1.1" 304 - "http://eeyore.ucdavis.edu/stat141/" "Mozilla/5.0 (Macintosh; Intel Mac OS X 10_10_5) AppleWebKit/537.36 (KHTML, like Gecko) Chrome/46.0.2490.80 Safari/537.36"
166.164.73.174 - - [01/Nov/2015:15:00:29 -0800] "GET /stat141/html.css HTTP/1.1" 304 - "http://eeyore.ucdavis.edu/stat141/" "Mozilla/5.0 (Macintosh; Intel Mac OS X 10_10_5) AppleWebKit/537.36 (KHTML, like Gecko) Chrome/46.0.2490.80 Safari/537.36"
168.150.23.208 - - [01/Nov/2015:15:00:33 -0800] "GET /stat141/Hws/assignment3.html HTTP/1.1" 200 4382 "http://eeyore.ucdavis.edu/stat141/Homeworks.html" "Mozilla/5.0 (Windows NT 6.3; WOW64) AppleWebKit/537.36 (KHTML, like Gecko) Chrome/41.0.2272.89 Safari/537.36"
168.150.23.208 - - [01/Nov/2015:15:00:33 -0800] "GET /stat141/Hws/sampleDigits.png HTTP/1.1" 200 22839 "http://eeyore.ucdavis.edu/stat141/Hws/assignment3.html" "Mozilla/5.0 (Windows NT 6.3; WOW64) AppleWebKit/537.36 (KHTML, like Gecko) Chrome/41.0.2272.89 Safari/537.36"
64.124.98.9 - - [01/Nov/2015:15:01:04 -0800] "GET /stat141/ HTTP/1.1" 200 4176 "-" "Mozilla/5.0 (Windows; U; Windows NT 5.1; en-US; rv:1.9.0.1) Gecko/2008070208 Firefox/3.0.1"
168.150.28.160 - - [01/Nov/2015:15:01:04 -0800] "GET /stat141/ HTTP/1.1" 304 - "-" "Mozilla/5.0 (Windows NT 10.0; WOW64) AppleWebKit/537.36 (KHTML, like Gecko) Chrome/46.0.2490.80 Safari/537.36"
64.124.98.9 - - [01/Nov/2015:15:01:05 -0800] "GET /stat141/Class.css HTTP/1.1" 200 1973 "-" "Mozilla/5.0 (Windows; U; Windows NT 5.1; en-US; rv:1.9.0.1) Gecko/2008070208 Firefox/3.0.1"
168.150.28.160 - - [01/Nov/2015:15:01:05 -0800] "GET /stat141/Class.css HTTP/1.1" 304 - "http://eeyore.ucdavis.edu/stat141/" "Mozilla/5.0 (Windows NT 10.0; WOW64) AppleWebKit/537.36 (KHTML, like Gecko) Chrome/46.0.2490.80 Safari/537.36"
64.124.98.9 - - [01/Nov/2015:15:01:05 -0800] "GET /stat141/OmegaTech.css HTTP/1.1" 200 5221 "-" "Mozilla/5.0 (Windows; U; Windows NT 5.1; en-US; rv:1.9.0.1) Gecko/2008070208 Firefox/3.0.1"
168.150.28.160 - - [01/Nov/2015:15:01:05 -0800] "GET /stat141/OmegaTech.css HTTP/1.1" 304 - "http://eeyore.ucdavis.edu/stat141/" "Mozilla/5.0 (Windows NT 10.0; WOW64) AppleWebKit/537.36 (KHTML, like Gecko) Chrome/46.0.2490.80 Safari/537.36"
64.124.98.9 - - [01/Nov/2015:15:01:06 -0800] "GET /stat141/html.css HTTP/1.1" 200 92 "-" "Mozilla/5.0 (Windows; U; Windows NT 5.1; en-US; rv:1.9.0.1) Gecko/2008070208 Firefox/3.0.1"
168.150.28.160 - - [01/Nov/2015:15:01:06 -0800] "GET /stat141/html.css HTTP/1.1" 304 - "http://eeyore.ucdavis.edu/stat141/" "Mozilla/5.0 (Windows NT 10.0; WOW64) AppleWebKit/537.36 (KHTML, like Gecko) Chrome/46.0.2490.80 Safari/537.36"
64.124.98.9 - - [01/Nov/2015:15:01:06 -0800] "GET /favicon.ico HTTP/1.1" 404 209 "-" "Mozilla/5.0 (Windows; U; Windows NT 5.1; en-US; rv:1.9.0.1) Gecko/2008070208 Firefox/3.0.1"
168.150.28.160 - - [01/Nov/2015:15:01:06 -0800] "GET /favicon.ico HTTP/1.1" 404 209 "http://eeyore.ucdavis.edu/stat141/" "Mozilla/5.0 (Windows NT 10.0; WOW64) AppleWebKit/537.36 (KHTML, like Gecko) Chrome/46.0.2490.80 Safari/537.36"
64.124.98.9 - - [01/Nov/2015:15:01:08 -0800] "GET /stat141/Homeworks.html HTTP/1.1" 200 1432 "-" "Mozilla/5.0 (Windows; U; Windows NT 5.1; en-US; rv:1.9.0.1) Gecko/2008070208 Firefox/3.0.1"
168.150.28.160 - - [01/Nov/2015:15:01:09 -0800] "GET /stat141/Homeworks.html HTTP/1.1" 304 - "http://eeyore.ucdavis.edu/stat141/" "Mozilla/5.0 (Windows NT 10.0; WOW64) AppleWebKit/537.36 (KHTML, like Gecko) Chrome/46.0.2490.80 Safari/537.36"
64.124.98.9 - - [01/Nov/2015:15:01:10 -0800] "GET /stat141/Hws/assignment3.html HTTP/1.1" 200 4382 "-" "Mozilla/5.0 (Windows; U; Windows NT 5.1; en-US; rv:1.9.0.1) Gecko/2008070208 Firefox/3.0.1"
168.150.28.160 - - [01/Nov/2015:15:01:10 -0800] "GET /stat141/Hws/assignment3.html HTTP/1.1" 304 - "http://eeyore.ucdavis.edu/stat141/Homeworks.html" "Mozilla/5.0 (Windows NT 10.0; WOW64) AppleWebKit/537.36 (KHTML, like Gecko) Chrome/46.0.2490.80 Safari/537.36"
168.150.23.208 - - [01/Nov/2015:15:01:13 -0800] "GET /stat141/Lectures.html HTTP/1.1" 200 5227 "http://eeyore.ucdavis.edu/stat141/" "Mozilla/5.0 (Windows NT 6.3; WOW64) AppleWebKit/537.36 (KHTML, like Gecko) Chrome/41.0.2272.89 Safari/537.36"
168.150.23.208 - - [01/Nov/2015:15:01:15 -0800] "GET /stat141/Discussion HTTP/1.1" 404 216 "http://eeyore.ucdavis.edu/stat141/" "Mozilla/5.0 (Windows NT 6.3; WOW64) AppleWebKit/537.36 (KHTML, like Gecko) Chrome/41.0.2272.89 Safari/537.36"
50.173.37.210 - - [01/Nov/2015:15:02:34 -0800] "GET /favicon.ico HTTP/1.1" 404 209 "http://eeyore.ucdavis.edu/stat141/" "Mozilla/5.0 (Macintosh; Intel Mac OS X 10_10_5) AppleWebKit/537.36 (KHTML, like Gecko) Chrome/46.0.2490.80 Safari/537.36"
50.173.37.210 - - [01/Nov/2015:15:02:38 -0800] "GET /stat141/Hws/assignment3.html HTTP/1.1" 200 4382 "http://eeyore.ucdavis.edu/stat141/Homeworks.html" "Mozilla/5.0 (Macintosh; Intel Mac OS X 10_10_5) AppleWebKit/537.36 (KHTML, like Gecko) Chrome/46.0.2490.80 Safari/537.36"
50.173.37.210 - - [01/Nov/2015:15:02:38 -0800] "GET /stat141/Hws/sampleDigits.png HTTP/1.1" 200 22839 "http://eeyore.ucdavis.edu/stat141/Hws/assignment3.html" "Mozilla/5.0 (Macintosh; Intel Mac OS X 10_10_5) AppleWebKit/537.36 (KHTML, like Gecko) Chrome/46.0.2490.80 Safari/537.36"
50.173.37.210 - - [01/Nov/2015:15:02:47 -0800] "GET /stat141/Hws/drawCode.R HTTP/1.1" 200 351 "http://eeyore.ucdavis.edu/stat141/Hws/assignment3.html" "Mozilla/5.0 (Macintosh; Intel Mac OS X 10_10_5) AppleWebKit/537.36 (KHTML, like Gecko) Chrome/46.0.2490.80 Safari/537.36"
64.124.98.9 - - [01/Nov/2015:15:03:44 -0800] "GET /stat141/yuki.png HTTP/1.1" 200 3719 "-" "Mozilla/5.0 (Windows; U; Windows NT 5.1; en-US; rv:1.9.0.1) Gecko/2008070208 Firefox/3.0.1"
64.124.98.9 - - [01/Nov/2015:15:03:44 -0800] "GET /stat141/mcb2.jpg HTTP/1.1" 200 12310 "-" "Mozilla/5.0 (Windows; U; Windows NT 5.1; en-US; rv:1.9.0.1) Gecko/2008070208 Firefox/3.0.1"
64.124.98.9 - - [01/Nov/2015:15:03:46 -0800] "GET /stat141/Hws/sampleDigits.png HTTP/1.1" 200 22839 "-" "Mozilla/5.0 (Windows; U; Windows NT 5.1; en-US; rv:1.9.0.1) Gecko/2008070208 Firefox/3.0.1"
107.0.114.66 - - [01/Nov/2015:15:03:58 -0800] "GET /stat141/Data/digitsTrain.csv HTTP/1.0" 200 9135013 "-" "R (3.0.2 x86_64-pc-linux-gnu x86_64 linux-gnu)"
108.237.121.27 - - [01/Nov/2015:15:04:53 -0800] "GET /stat141/Homeworks.html HTTP/1.1" 304 - "http://eeyore.ucdavis.edu/stat141/" "Mozilla/5.0 (Windows NT 6.1) AppleWebKit/537.36 (KHTML, like Gecko) Chrome/46.0.2490.80 Safari/537.36"
108.237.121.27 - - [01/Nov/2015:15:04:55 -0800] "GET /stat141/Hws/assignment3.html HTTP/1.1" 304 - "http://eeyore.ucdavis.edu/stat141/Homeworks.html" "Mozilla/5.0 (Windows NT 6.1) AppleWebKit/537.36 (KHTML, like Gecko) Chrome/46.0.2490.80 Safari/537.36"
108.237.121.27 - - [01/Nov/2015:15:04:55 -0800] "GET /stat141/Hws/sampleDigits.png HTTP/1.1" 304 - "http://eeyore.ucdavis.edu/stat141/Hws/assignment3.html" "Mozilla/5.0 (Windows NT 6.1) AppleWebKit/537.36 (KHTML, like Gecko) Chrome/46.0.2490.80 Safari/537.36"
98.255.1.143 - - [01/Nov/2015:15:06:41 -0800] "GET /sta141/Data/digitsTrain.csv HTTP/1.1" 200 9135013 "http://eeyore.ucdavis.edu/sta141/Hws/assignment3.html" "Mozilla/5.0 (Windows NT 10.0; WOW64) AppleWebKit/537.36 (KHTML, like Gecko) Chrome/46.0.2490.80 Safari/537.36"
98.255.1.143 - - [01/Nov/2015:15:07:02 -0800] "GET /sta141/Hws/drawCode.R HTTP/1.1" 200 351 "http://eeyore.ucdavis.edu/sta141/Hws/assignment3.html" "Mozilla/5.0 (Windows NT 10.0; WOW64) AppleWebKit/537.36 (KHTML, like Gecko) Chrome/46.0.2490.80 Safari/537.36"
98.255.1.143 - - [01/Nov/2015:15:07:27 -0800] "GET /sta141/Hws/assignment3.html HTTP/1.1" 200 4382 "http://eeyore.ucdavis.edu/sta141/Homeworks.html" "Mozilla/5.0 (Windows NT 10.0; WOW64) AppleWebKit/537.36 (KHTML, like Gecko) Chrome/46.0.2490.80 Safari/537.36"
168.150.32.43 - - [01/Nov/2015:15:08:35 -0800] "GET /stat141/Data/digitsTrain.csv HTTP/1.0" 200 9135013 "-" "R (3.1.2 x86_64-apple-darwin13.4.0 x86_64 darwin13.4.0)"
128.120.156.33 - - [01/Nov/2015:15:08:43 -0800] "GET / HTTP/1.1" 200 - "-" "Mozilla/5.0 (Windows NT 6.1; WOW64) AppleWebKit/537.36 (KHTML, like Gecko) Chrome/46.0.2490.80 Safari/537.36"
128.120.156.33 - - [01/Nov/2015:15:08:43 -0800] "GET /favicon.ico HTTP/1.1" 404 209 "http://eeyore.ucdavis.edu/" "Mozilla/5.0 (Windows NT 6.1; WOW64) AppleWebKit/537.36 (KHTML, like Gecko) Chrome/46.0.2490.80 Safari/537.36"
128.120.156.33 - - [01/Nov/2015:15:08:52 -0800] "GET /stat141 HTTP/1.1" 301 242 "-" "Mozilla/5.0 (Windows NT 6.1; WOW64) AppleWebKit/537.36 (KHTML, like Gecko) Chrome/46.0.2490.80 Safari/537.36"
128.120.156.33 - - [01/Nov/2015:15:08:52 -0800] "GET /stat141/ HTTP/1.1" 200 4176 "-" "Mozilla/5.0 (Windows NT 6.1; WOW64) AppleWebKit/537.36 (KHTML, like Gecko) Chrome/46.0.2490.80 Safari/537.36"
128.120.156.33 - - [01/Nov/2015:15:08:52 -0800] "GET /stat141/Class.css HTTP/1.1" 200 1973 "http://eeyore.ucdavis.edu/stat141/" "Mozilla/5.0 (Windows NT 6.1; WOW64) AppleWebKit/537.36 (KHTML, like Gecko) Chrome/46.0.2490.80 Safari/537.36"
128.120.156.33 - - [01/Nov/2015:15:08:52 -0800] "GET /stat141/mcb2.jpg HTTP/1.1" 200 12310 "http://eeyore.ucdavis.edu/stat141/" "Mozilla/5.0 (Windows NT 6.1; WOW64) AppleWebKit/537.36 (KHTML, like Gecko) Chrome/46.0.2490.80 Safari/537.36"
128.120.156.33 - - [01/Nov/2015:15:08:52 -0800] "GET /stat141/OmegaTech.css HTTP/1.1" 200 5221 "http://eeyore.ucdavis.edu/stat141/" "Mozilla/5.0 (Windows NT 6.1; WOW64) AppleWebKit/537.36 (KHTML, like Gecko) Chrome/46.0.2490.80 Safari/537.36"
128.120.156.33 - - [01/Nov/2015:15:08:52 -0800] "GET /stat141/yuki.png HTTP/1.1" 200 3719 "http://eeyore.ucdavis.edu/stat141/" "Mozilla/5.0 (Windows NT 6.1; WOW64) AppleWebKit/537.36 (KHTML, like Gecko) Chrome/46.0.2490.80 Safari/537.36"
128.120.156.33 - - [01/Nov/2015:15:08:52 -0800] "GET /stat141/html.css HTTP/1.1" 200 92 "http://eeyore.ucdavis.edu/stat141/" "Mozilla/5.0 (Windows NT 6.1; WOW64) AppleWebKit/537.36 (KHTML, like Gecko) Chrome/46.0.2490.80 Safari/537.36"
128.120.156.33 - - [01/Nov/2015:15:08:55 -0800] "GET /stat141/Discussion HTTP/1.1" 404 216 "http://eeyore.ucdavis.edu/stat141/" "Mozilla/5.0 (Windows NT 6.1; WOW64) AppleWebKit/537.36 (KHTML, like Gecko) Chrome/46.0.2490.80 Safari/537.36"
168.150.5.131 - - [01/Nov/2015:15:08:58 -0800] "GET /stat141/Hws/knn.html HTTP/1.1" 200 1812 "http://eeyore.ucdavis.edu/stat141/Hws/assignment3.html" "Mozilla/5.0 (Macintosh; Intel Mac OS X 10_10_2) AppleWebKit/537.36 (KHTML, like Gecko) Chrome/46.0.2490.80 Safari/537.36"
168.150.5.131 - - [01/Nov/2015:15:08:58 -0800] "GET /stat141/Hws/knn.svg HTTP/1.1" 200 29458 "http://eeyore.ucdavis.edu/stat141/Hws/knn.html" "Mozilla/5.0 (Macintosh; Intel Mac OS X 10_10_2) AppleWebKit/537.36 (KHTML, like Gecko) Chrome/46.0.2490.80 Safari/537.36"
128.120.156.33 - - [01/Nov/2015:15:08:59 -0800] "GET /stat141/Lectures.html HTTP/1.1" 200 5227 "http://eeyore.ucdavis.edu/stat141/" "Mozilla/5.0 (Windows NT 6.1; WOW64) AppleWebKit/537.36 (KHTML, like Gecko) Chrome/46.0.2490.80 Safari/537.36"
128.120.156.33 - - [01/Nov/2015:15:09:21 -0800] "GET /stat141/Sessions/Session8 HTTP/1.1" 200 118338 "http://eeyore.ucdavis.edu/stat141/Lectures.html" "Mozilla/5.0 (Windows NT 6.1; WOW64) AppleWebKit/537.36 (KHTML, like Gecko) Chrome/46.0.2490.80 Safari/537.36"
168.150.39.225 - - [01/Nov/2015:15:09:32 -0800] "GET /stat141/Data/digitsTrain.csv HTTP/1.0" 200 9135013 "-" "R (3.1.2 x86_64-apple-darwin10.8.0 x86_64 darwin10.8.0)"
128.120.156.33 - - [01/Nov/2015:15:09:45 -0800] "GET /stat141/Sessions/Session9 HTTP/1.1" 200 106391 "http://eeyore.ucdavis.edu/stat141/Lectures.html" "Mozilla/5.0 (Windows NT 6.1; WOW64) AppleWebKit/537.36 (KHTML, like Gecko) Chrome/46.0.2490.80 Safari/537.36"
128.120.156.33 - - [01/Nov/2015:15:10:32 -0800] "GET /stat141/drawCode.R HTTP/1.1" 200 351 "http://eeyore.ucdavis.edu/stat141/Lectures.html" "Mozilla/5.0 (Windows NT 6.1; WOW64) AppleWebKit/537.36 (KHTML, like Gecko) Chrome/46.0.2490.80 Safari/537.36"
128.120.156.33 - - [01/Nov/2015:15:10:50 -0800] "GET /stat141/if.R HTTP/1.1" 200 165 "http://eeyore.ucdavis.edu/stat141/Lectures.html" "Mozilla/5.0 (Windows NT 6.1; WOW64) AppleWebKit/537.36 (KHTML, like Gecko) Chrome/46.0.2490.80 Safari/537.36"
128.120.156.33 - - [01/Nov/2015:15:10:53 -0800] "GET /stat141/data.R HTTP/1.1" 200 977 "http://eeyore.ucdavis.edu/stat141/Lectures.html" "Mozilla/5.0 (Windows NT 6.1; WOW64) AppleWebKit/537.36 (KHTML, like Gecko) Chrome/46.0.2490.80 Safari/537.36"
107.0.114.66 - - [01/Nov/2015:15:13:46 -0800] "GET /stat141/Data/digitsTrain.csv HTTP/1.0" 200 9135013 "-" "R (3.0.2 x86_64-pc-linux-gnu x86_64 linux-gnu)"
107.0.114.141 - - [01/Nov/2015:15:14:16 -0800] "GET /stat141/ HTTP/1.1" 200 4176 "-" "Mozilla/5.0 (Macintosh; Intel Mac OS X 10_10_5) AppleWebKit/601.1.56 (KHTML, like Gecko)"
107.0.114.141 - - [01/Nov/2015:15:14:17 -0800] "GET /apple-touch-icon-precomposed.png HTTP/1.1" 404 230 "-" "Safari/10601.1.56.2 CFNetwork/720.5.7 Darwin/14.5.0 (x86_64)"
107.0.114.141 - - [01/Nov/2015:15:14:17 -0800] "GET /favicon.ico HTTP/1.1" 404 209 "-" "Safari/10601.1.56.2 CFNetwork/720.5.7 Darwin/14.5.0 (x86_64)"
107.0.114.141 - - [01/Nov/2015:15:14:17 -0800] "GET /apple-touch-icon.png HTTP/1.1" 404 218 "-" "Safari/10601.1.56.2 CFNetwork/720.5.7 Darwin/14.5.0 (x86_64)"
107.0.114.141 - - [01/Nov/2015:15:14:17 -0800] "GET /apple-touch-icon-precomposed.png HTTP/1.1" 404 230 "-" "Safari/10601.1.56.2 CFNetwork/720.5.7 Darwin/14.5.0 (x86_64)"
107.0.114.141 - - [01/Nov/2015:15:14:17 -0800] "GET /apple-touch-icon.png HTTP/1.1" 404 218 "-" "Safari/10601.1.56.2 CFNetwork/720.5.7 Darwin/14.5.0 (x86_64)"
73.12.160.117 - - [01/Nov/2015:15:14:28 -0800] "GET /stat141/Hws/assignment1.html HTTP/1.1" 304 - "-" "Mozilla/5.0 (Windows NT 6.1; WOW64) AppleWebKit/537.36 (KHTML, like Gecko) Chrome/46.0.2490.80 Safari/537.36"
73.12.160.117 - - [01/Nov/2015:15:14:28 -0800] "GET /stat141/Class.css HTTP/1.1" 304 - "http://eeyore.ucdavis.edu/stat141/Hws/assignment1.html" "Mozilla/5.0 (Windows NT 6.1; WOW64) AppleWebKit/537.36 (KHTML, like Gecko) Chrome/46.0.2490.80 Safari/537.36"
73.12.160.117 - - [01/Nov/2015:15:14:29 -0800] "GET /stat141/OmegaTech.css HTTP/1.1" 304 - "http://eeyore.ucdavis.edu/stat141/Hws/assignment1.html" "Mozilla/5.0 (Windows NT 6.1; WOW64) AppleWebKit/537.36 (KHTML, like Gecko) Chrome/46.0.2490.80 Safari/537.36"
73.12.160.117 - - [01/Nov/2015:15:14:29 -0800] "GET /stat141/html.css HTTP/1.1" 304 - "http://eeyore.ucdavis.edu/stat141/Hws/assignment1.html" "Mozilla/5.0 (Windows NT 6.1; WOW64) AppleWebKit/537.36 (KHTML, like Gecko) Chrome/46.0.2490.80 Safari/537.36"
73.12.160.117 - - [01/Nov/2015:15:14:29 -0800] "GET /favicon.ico HTTP/1.1" 404 209 "http://eeyore.ucdavis.edu/stat141/Hws/assignment1.html" "Mozilla/5.0 (Windows NT 6.1; WOW64) AppleWebKit/537.36 (KHTML, like Gecko) Chrome/46.0.2490.80 Safari/537.36"
73.12.160.117 - - [01/Nov/2015:15:14:34 -0800] "GET /stat141 HTTP/1.1" 301 242 "-" "Mozilla/5.0 (Windows NT 6.1; WOW64) AppleWebKit/537.36 (KHTML, like Gecko) Chrome/46.0.2490.80 Safari/537.36"
73.12.160.117 - - [01/Nov/2015:15:14:34 -0800] "GET /stat141/ HTTP/1.1" 304 - "-" "Mozilla/5.0 (Windows NT 6.1; WOW64) AppleWebKit/537.36 (KHTML, like Gecko) Chrome/46.0.2490.80 Safari/537.36"
73.12.160.117 - - [01/Nov/2015:15:14:34 -0800] "GET /stat141/mcb2.jpg HTTP/1.1" 200 12310 "http://eeyore.ucdavis.edu/stat141/" "Mozilla/5.0 (Windows NT 6.1; WOW64) AppleWebKit/537.36 (KHTML, like Gecko) Chrome/46.0.2490.80 Safari/537.36"
73.12.160.117 - - [01/Nov/2015:15:14:34 -0800] "GET /stat141/yuki.png HTTP/1.1" 200 3719 "http://eeyore.ucdavis.edu/stat141/" "Mozilla/5.0 (Windows NT 6.1; WOW64) AppleWebKit/537.36 (KHTML, like Gecko) Chrome/46.0.2490.80 Safari/537.36"
73.12.160.117 - - [01/Nov/2015:15:14:35 -0800] "GET /stat141/Homeworks.html HTTP/1.1" 304 - "http://eeyore.ucdavis.edu/stat141/" "Mozilla/5.0 (Windows NT 6.1; WOW64) AppleWebKit/537.36 (KHTML, like Gecko) Chrome/46.0.2490.80 Safari/537.36"
73.12.160.117 - - [01/Nov/2015:15:14:37 -0800] "GET /stat141/Hws/assignment3.html HTTP/1.1" 304 - "http://eeyore.ucdavis.edu/stat141/Homeworks.html" "Mozilla/5.0 (Windows NT 6.1; WOW64) AppleWebKit/537.36 (KHTML, like Gecko) Chrome/46.0.2490.80 Safari/537.36"
73.12.160.117 - - [01/Nov/2015:15:14:37 -0800] "GET /stat141/Hws/sampleDigits.png HTTP/1.1" 200 22839 "http://eeyore.ucdavis.edu/stat141/Hws/assignment3.html" "Mozilla/5.0 (Windows NT 6.1; WOW64) AppleWebKit/537.36 (KHTML, like Gecko) Chrome/46.0.2490.80 Safari/537.36"
68.180.229.48 - - [01/Nov/2015:15:14:49 -0800] "GET /stat242/Data/CherryBlossom.tar.gz HTTP/1.1" 304 - "-" "Mozilla/5.0 (compatible; Yahoo! Slurp; http://help.yahoo.com/help/us/ysearch/slurp)"
73.41.85.35 - - [01/Nov/2015:15:18:18 -0800] "GET /stat141/drawCode.R HTTP/1.1" 200 351 "-" "Mozilla/5.0 (Macintosh; Intel Mac OS X 10_10_2) AppleWebKit/600.4.8 (KHTML, like Gecko) Version/8.0.3 Safari/600.4.8"
73.41.85.35 - - [01/Nov/2015:15:18:18 -0800] "GET /apple-touch-icon-precomposed.png HTTP/1.1" 404 230 "-" "Safari/10600.4.8 CFNetwork/720.2.5 Darwin/14.1.1 (x86_64)"
73.41.85.35 - - [01/Nov/2015:15:18:18 -0800] "GET /apple-touch-icon.png HTTP/1.1" 404 218 "-" "Safari/10600.4.8 CFNetwork/720.2.5 Darwin/14.1.1 (x86_64)"
73.41.85.35 - - [01/Nov/2015:15:18:28 -0800] "GET /stat141/if.R HTTP/1.1" 200 165 "-" "Mozilla/5.0 (Macintosh; Intel Mac OS X 10_10_2) AppleWebKit/600.4.8 (KHTML, like Gecko) Version/8.0.3 Safari/600.4.8"
73.41.85.35 - - [01/Nov/2015:15:18:28 -0800] "GET /apple-touch-icon-precomposed.png HTTP/1.1" 404 230 "-" "Safari/10600.4.8 CFNetwork/720.2.5 Darwin/14.1.1 (x86_64)"
73.41.85.35 - - [01/Nov/2015:15:18:28 -0800] "GET /apple-touch-icon.png HTTP/1.1" 404 218 "-" "Safari/10600.4.8 CFNetwork/720.2.5 Darwin/14.1.1 (x86_64)"
73.2.104.211 - - [01/Nov/2015:15:19:42 -0800] "GET /sta141/ HTTP/1.1" 304 - "-" "Mozilla/5.0 (Macintosh; Intel Mac OS X 10_11_0) AppleWebKit/537.36 (KHTML, like Gecko) Chrome/46.0.2490.71 Safari/537.36"
73.2.104.211 - - [01/Nov/2015:15:19:42 -0800] "GET /sta141/yuki.png HTTP/1.1" 304 - "http://eeyore.ucdavis.edu/sta141/" "Mozilla/5.0 (Macintosh; Intel Mac OS X 10_11_0) AppleWebKit/537.36 (KHTML, like Gecko) Chrome/46.0.2490.71 Safari/537.36"
128.120.156.33 - - [01/Nov/2015:15:21:36 -0800] "GET /stat141/Homeworks.html HTTP/1.1" 200 1432 "http://eeyore.ucdavis.edu/stat141/" "Mozilla/5.0 (Windows NT 6.1; WOW64) AppleWebKit/537.36 (KHTML, like Gecko) Chrome/46.0.2490.80 Safari/537.36"
128.120.156.33 - - [01/Nov/2015:15:21:40 -0800] "GET /stat141/Hws/assignment3.html HTTP/1.1" 200 4382 "http://eeyore.ucdavis.edu/stat141/Homeworks.html" "Mozilla/5.0 (Windows NT 6.1; WOW64) AppleWebKit/537.36 (KHTML, like Gecko) Chrome/46.0.2490.80 Safari/537.36"
128.120.156.33 - - [01/Nov/2015:15:21:40 -0800] "GET /stat141/Hws/sampleDigits.png HTTP/1.1" 200 22839 "http://eeyore.ucdavis.edu/stat141/Hws/assignment3.html" "Mozilla/5.0 (Windows NT 6.1; WOW64) AppleWebKit/537.36 (KHTML, like Gecko) Chrome/46.0.2490.80 Safari/537.36"
73.41.85.35 - - [01/Nov/2015:15:22:01 -0800] "GET /apple-touch-icon-precomposed.png HTTP/1.1" 404 230 "-" "Safari/10600.4.8 CFNetwork/720.2.5 Darwin/14.1.1 (x86_64)"
73.41.85.35 - - [01/Nov/2015:15:22:01 -0800] "GET /apple-touch-icon.png HTTP/1.1" 404 218 "-" "Safari/10600.4.8 CFNetwork/720.2.5 Darwin/14.1.1 (x86_64)"
107.0.114.66 - - [01/Nov/2015:15:22:11 -0800] "GET /stat141/Data/digitsTrain.csv HTTP/1.0" 200 9135013 "-" "R (3.0.2 x86_64-pc-linux-gnu x86_64 linux-gnu)"
128.120.156.33 - - [01/Nov/2015:15:23:26 -0800] "GET /stat141/Data/digitsTrain.csv HTTP/1.1" 200 9135013 "-" "R (3.2.2 x86_64-w64-mingw32 x86_64 mingw32)"
128.120.156.33 - - [01/Nov/2015:15:23:56 -0800] "GET /stat141/Data/digitsTrain.csv HTTP/1.1" 200 9135013 "http://eeyore.ucdavis.edu/stat141/Hws/assignment3.html" "Mozilla/5.0 (Windows NT 6.1; WOW64) AppleWebKit/537.36 (KHTML, like Gecko) Chrome/46.0.2490.80 Safari/537.36"
128.120.156.33 - - [01/Nov/2015:15:25:50 -0800] "GET /stat141/Data/digitsTrain.csv HTTP/1.1" 200 9135013 "http://eeyore.ucdavis.edu/stat141/Hws/assignment3.html" "Mozilla/5.0 (Windows NT 6.1; WOW64) AppleWebKit/537.36 (KHTML, like Gecko) Chrome/46.0.2490.80 Safari/537.36"
128.120.156.33 - - [01/Nov/2015:15:25:52 -0800] "GET /stat141/Hws/drawCode.R HTTP/1.1" 200 351 "http://eeyore.ucdavis.edu/stat141/Hws/assignment3.html" "Mozilla/5.0 (Windows NT 6.1; WOW64) AppleWebKit/537.36 (KHTML, like Gecko) Chrome/46.0.2490.80 Safari/537.36"
128.120.156.33 - - [01/Nov/2015:15:26:00 -0800] "GET /stat141/Hws/knn.html HTTP/1.1" 200 1812 "http://eeyore.ucdavis.edu/stat141/Hws/assignment3.html" "Mozilla/5.0 (Windows NT 6.1; WOW64) AppleWebKit/537.36 (KHTML, like Gecko) Chrome/46.0.2490.80 Safari/537.36"
128.120.156.33 - - [01/Nov/2015:15:26:00 -0800] "GET /stat141/Hws/knn.svg HTTP/1.1" 200 29458 "http://eeyore.ucdavis.edu/stat141/Hws/knn.html" "Mozilla/5.0 (Windows NT 6.1; WOW64) AppleWebKit/537.36 (KHTML, like Gecko) Chrome/46.0.2490.80 Safari/537.36"
128.120.156.33 - - [01/Nov/2015:15:27:06 -0800] "GET /stat141/Hws/CrossValidation.html HTTP/1.1" 200 3099 "http://eeyore.ucdavis.edu/stat141/Hws/knn.html" "Mozilla/5.0 (Windows NT 6.1; WOW64) AppleWebKit/537.36 (KHTML, like Gecko) Chrome/46.0.2490.80 Safari/537.36"
99.121.201.99 - - [01/Nov/2015:15:27:42 -0800] "GET /sta141/Hws/assignment3.html HTTP/1.1" 200 4382 "-" "Mozilla/5.0 (Macintosh; Intel Mac OS X 10_6_8) AppleWebKit/537.36 (KHTML, like Gecko) Chrome/46.0.2490.80 Safari/537.36"
168.150.5.131 - - [01/Nov/2015:15:27:44 -0800] "GET /stat141/Books.html HTTP/1.1" 200 5166 "http://eeyore.ucdavis.edu/stat141/" "Mozilla/5.0 (Macintosh; Intel Mac OS X 10_10_2) AppleWebKit/537.36 (KHTML, like Gecko) Chrome/46.0.2490.80 Safari/537.36"
99.121.201.99 - - [01/Nov/2015:15:27:48 -0800] "GET /sta141/Class.css HTTP/1.1" 200 1973 "http://eeyore.ucdavis.edu/sta141/Hws/assignment3.html" "Mozilla/5.0 (Macintosh; Intel Mac OS X 10_6_8) AppleWebKit/537.36 (KHTML, like Gecko) Chrome/46.0.2490.80 Safari/537.36"
99.121.201.99 - - [01/Nov/2015:15:27:57 -0800] "GET /sta141/ HTTP/1.1" 200 4176 "-" "Mozilla/5.0 (Macintosh; Intel Mac OS X 10_6_8) AppleWebKit/537.36 (KHTML, like Gecko) Chrome/46.0.2490.80 Safari/537.36"
99.121.201.99 - - [01/Nov/2015:15:27:57 -0800] "GET /sta141/Hws/sampleDigits.png HTTP/1.1" 200 22839 "http://eeyore.ucdavis.edu/sta141/Hws/assignment3.html" "Mozilla/5.0 (Macintosh; Intel Mac OS X 10_6_8) AppleWebKit/537.36 (KHTML, like Gecko) Chrome/46.0.2490.80 Safari/537.36"
99.121.201.99 - - [01/Nov/2015:15:28:29 -0800] "GET /sta141/Class.css HTTP/1.1" 200 1973 "http://eeyore.ucdavis.edu/sta141/" "Mozilla/5.0 (Macintosh; Intel Mac OS X 10_6_8) AppleWebKit/537.36 (KHTML, like Gecko) Chrome/46.0.2490.80 Safari/537.36"
99.121.201.99 - - [01/Nov/2015:15:28:33 -0800] "GET /sta141/yuki.png HTTP/1.1" 200 3719 "http://eeyore.ucdavis.edu/sta141/" "Mozilla/5.0 (Macintosh; Intel Mac OS X 10_6_8) AppleWebKit/537.36 (KHTML, like Gecko) Chrome/46.0.2490.80 Safari/537.36"
99.121.201.99 - - [01/Nov/2015:15:28:52 -0800] "GET /sta141/mcb2.jpg HTTP/1.1" 200 12310 "http://eeyore.ucdavis.edu/sta141/" "Mozilla/5.0 (Macintosh; Intel Mac OS X 10_6_8) AppleWebKit/537.36 (KHTML, like Gecko) Chrome/46.0.2490.80 Safari/537.36"
99.121.201.99 - - [01/Nov/2015:15:29:07 -0800] "GET /sta141/OmegaTech.css HTTP/1.1" 200 5221 "http://eeyore.ucdavis.edu/sta141/Hws/assignment3.html" "Mozilla/5.0 (Macintosh; Intel Mac OS X 10_6_8) AppleWebKit/537.36 (KHTML, like Gecko) Chrome/46.0.2490.80 Safari/537.36"
99.121.201.99 - - [01/Nov/2015:15:29:15 -0800] "GET /sta141/html.css HTTP/1.1" 200 92 "http://eeyore.ucdavis.edu/sta141/Hws/assignment3.html" "Mozilla/5.0 (Macintosh; Intel Mac OS X 10_6_8) AppleWebKit/537.36 (KHTML, like Gecko) Chrome/46.0.2490.80 Safari/537.36"
168.150.27.191 - - [01/Nov/2015:15:29:17 -0800] "GET /stat141/Hws/drawCode.R HTTP/1.1" 200 351 "http://eeyore.ucdavis.edu/stat141/Hws/assignment3.html" "Mozilla/5.0 (Windows NT 6.1; WOW64) AppleWebKit/537.36 (KHTML, like Gecko) Chrome/46.0.2490.71 Safari/537.36"
99.121.201.99 - - [01/Nov/2015:15:29:22 -0800] "GET /favicon.ico HTTP/1.1" 404 209 "http://eeyore.ucdavis.edu/sta141/Hws/assignment3.html" "Mozilla/5.0 (Macintosh; Intel Mac OS X 10_6_8) AppleWebKit/537.36 (KHTML, like Gecko) Chrome/46.0.2490.80 Safari/537.36"
99.121.201.99 - - [01/Nov/2015:15:29:47 -0800] "GET /sta141/Sessions/Day3Session HTTP/1.1" 200 60037 "-" "Mozilla/5.0 (Macintosh; Intel Mac OS X 10_6_8) AppleWebKit/537.36 (KHTML, like Gecko) Chrome/46.0.2490.80 Safari/537.36"
99.121.201.99 - - [01/Nov/2015:15:32:48 -0800] "GET /sta141/Hws/drawCode.R HTTP/1.1" 200 351 "http://eeyore.ucdavis.edu/sta141/Hws/assignment3.html" "Mozilla/5.0 (Macintosh; Intel Mac OS X 10_6_8) AppleWebKit/537.36 (KHTML, like Gecko) Chrome/46.0.2490.80 Safari/537.36"
168.150.6.32 - - [01/Nov/2015:15:34:03 -0800] "GET /stat141/ HTTP/1.1" 200 4176 "-" "Mozilla/5.0 (Macintosh; Intel Mac OS X 10_10_5) AppleWebKit/600.8.9 (KHTML, like Gecko) Version/8.0.8 Safari/600.8.9"
168.150.6.32 - - [01/Nov/2015:15:34:03 -0800] "GET /stat141/Class.css HTTP/1.1" 200 1973 "http://eeyore.ucdavis.edu/stat141/" "Mozilla/5.0 (Macintosh; Intel Mac OS X 10_10_5) AppleWebKit/600.8.9 (KHTML, like Gecko) Version/8.0.8 Safari/600.8.9"
168.150.6.32 - - [01/Nov/2015:15:34:03 -0800] "GET /stat141/mcb2.jpg HTTP/1.1" 200 12310 "http://eeyore.ucdavis.edu/stat141/" "Mozilla/5.0 (Macintosh; Intel Mac OS X 10_10_5) AppleWebKit/600.8.9 (KHTML, like Gecko) Version/8.0.8 Safari/600.8.9"
168.150.6.32 - - [01/Nov/2015:15:34:03 -0800] "GET /stat141/yuki.png HTTP/1.1" 200 3719 "http://eeyore.ucdavis.edu/stat141/" "Mozilla/5.0 (Macintosh; Intel Mac OS X 10_10_5) AppleWebKit/600.8.9 (KHTML, like Gecko) Version/8.0.8 Safari/600.8.9"
168.150.6.32 - - [01/Nov/2015:15:34:03 -0800] "GET /stat141/OmegaTech.css HTTP/1.1" 200 5221 "http://eeyore.ucdavis.edu/stat141/" "Mozilla/5.0 (Macintosh; Intel Mac OS X 10_10_5) AppleWebKit/600.8.9 (KHTML, like Gecko) Version/8.0.8 Safari/600.8.9"
168.150.6.32 - - [01/Nov/2015:15:34:03 -0800] "GET /stat141/html.css HTTP/1.1" 200 92 "http://eeyore.ucdavis.edu/stat141/" "Mozilla/5.0 (Macintosh; Intel Mac OS X 10_10_5) AppleWebKit/600.8.9 (KHTML, like Gecko) Version/8.0.8 Safari/600.8.9"
168.150.6.32 - - [01/Nov/2015:15:34:30 -0800] "GET /stat141/Homeworks.html HTTP/1.1" 200 1432 "http://eeyore.ucdavis.edu/stat141/" "Mozilla/5.0 (Macintosh; Intel Mac OS X 10_10_5) AppleWebKit/600.8.9 (KHTML, like Gecko) Version/8.0.8 Safari/600.8.9"
98.255.224.109 - - [01/Nov/2015:15:34:35 -0800] "GET /stat141/ HTTP/1.1" 304 - "-" "Mozilla/5.0 (Windows NT 6.1; Win64; x64) AppleWebKit/537.36 (KHTML, like Gecko) Chrome/46.0.2490.80 Safari/537.36"
