98.255.0.211 - - [01/Nov/2015:13:25:47 -0800] "GET /stat141/Lectures.html HTTP/1.1" 200 5227 "http://eeyore.ucdavis.edu/stat141/" "Mozilla/5.0 (Windows NT 6.1; Win64; x64) AppleWebKit/537.36 (KHTML, like Gecko) Chrome/47.0.2526.27 Safari/537.36"
98.255.0.211 - - [01/Nov/2015:13:25:47 -0800] "GET /stat141/Class.css HTTP/1.1" 304 - "http://eeyore.ucdavis.edu/stat141/Lectures.html" "Mozilla/5.0 (Windows NT 6.1; Win64; x64) AppleWebKit/537.36 (KHTML, like Gecko) Chrome/47.0.2526.27 Safari/537.36"
50.173.37.210 - - [01/Nov/2015:13:25:47 -0800] "GET /stat141/ HTTP/1.1" 200 4176 "-" "Mozilla/5.0 (Windows NT 10.0; WOW64) AppleWebKit/537.36 (KHTML, like Gecko) Chrome/46.0.2490.80 Safari/537.36"
98.255.0.211 - - [01/Nov/2015:13:25:47 -0800] "GET /stat141/OmegaTech.css HTTP/1.1" 304 - "http://eeyore.ucdavis.edu/stat141/Lectures.html" "Mozilla/5.0 (Windows NT 6.1; Win64; x64) AppleWebKit/537.36 (KHTML, like Gecko) Chrome/47.0.2526.27 Safari/537.36"
98.255.0.211 - - [01/Nov/2015:13:25:47 -0800] "GET /stat141/html.css HTTP/1.1" 304 - "http://eeyore.ucdavis.edu/stat141/Lectures.html" "Mozilla/5.0 (Windows NT 6.1; Win64; x64) AppleWebKit/537.36 (KHTML, like Gecko) Chrome/47.0.2526.27 Safari/537.36"
50.173.37.210 - - [01/Nov/2015:13:25:48 -0800] "GET /stat141/Class.css HTTP/1.1" 304 - "http://eeyore.ucdavis.edu/stat141/" "Mozilla/5.0 (Windows NT 10.0; WOW64) AppleWebKit/537.36 (KHTML, like Gecko) Chrome/46.0.2490.80 Safari/537.36"
50.173.37.210 - - [01/Nov/2015:13:25:50 -0800] "GET /stat141/mcb2.jpg HTTP/1.1" 304 - "http://eeyore.ucdavis.edu/stat141/" "Mozilla/5.0 (Windows NT 10.0; WOW64) AppleWebKit/537.36 (KHTML, like Gecko) Chrome/46.0.2490.80 Safari/537.36"
50.173.37.210 - - [01/Nov/2015:13:25:50 -0800] "GET /stat141/yuki.png HTTP/1.1" 304 - "http://eeyore.ucdavis.edu/stat141/" "Mozilla/5.0 (Windows NT 10.0; WOW64) AppleWebKit/537.36 (KHTML, like Gecko) Chrome/46.0.2490.80 Safari/537.36"
50.173.37.210 - - [01/Nov/2015:13:25:51 -0800] "GET /stat141/OmegaTech.css HTTP/1.1" 304 - "http://eeyore.ucdavis.edu/stat141/" "Mozilla/5.0 (Windows NT 10.0; WOW64) AppleWebKit/537.36 (KHTML, like Gecko) Chrome/46.0.2490.80 Safari/537.36"
50.173.37.210 - - [01/Nov/2015:13:25:51 -0800] "GET /stat141/html.css HTTP/1.1" 304 - "http://eeyore.ucdavis.edu/stat141/" "Mozilla/5.0 (Windows NT 10.0; WOW64) AppleWebKit/537.36 (KHTML, like Gecko) Chrome/46.0.2490.80 Safari/537.36"
50.173.37.210 - - [01/Nov/2015:13:25:52 -0800] "GET /favicon.ico HTTP/1.1" 404 209 "http://eeyore.ucdavis.edu/stat141/" "Mozilla/5.0 (Windows NT 10.0; WOW64) AppleWebKit/537.36 (KHTML, like Gecko) Chrome/46.0.2490.80 Safari/537.36"
50.173.37.210 - - [01/Nov/2015:13:25:58 -0800] "GET /stat141/Homeworks.html HTTP/1.1" 304 - "http://eeyore.ucdavis.edu/stat141/" "Mozilla/5.0 (Windows NT 10.0; WOW64) AppleWebKit/537.36 (KHTML, like Gecko) Chrome/46.0.2490.80 Safari/537.36"
98.255.0.211 - - [01/Nov/2015:13:26:00 -0800] "GET /stat141/Sessions/Session9 HTTP/1.1" 200 106391 "http://eeyore.ucdavis.edu/stat141/Lectures.html" "Mozilla/5.0 (Windows NT 6.1; Win64; x64) AppleWebKit/537.36 (KHTML, like Gecko) Chrome/47.0.2526.27 Safari/537.36"
50.173.37.210 - - [01/Nov/2015:13:26:05 -0800] "GET /stat141/Hws/assignment3.html HTTP/1.1" 304 - "http://eeyore.ucdavis.edu/stat141/Homeworks.html" "Mozilla/5.0 (Windows NT 10.0; WOW64) AppleWebKit/537.36 (KHTML, like Gecko) Chrome/46.0.2490.80 Safari/537.36"
50.173.37.210 - - [01/Nov/2015:13:26:06 -0800] "GET /stat141/Hws/sampleDigits.png HTTP/1.1" 304 - "http://eeyore.ucdavis.edu/stat141/Hws/assignment3.html" "Mozilla/5.0 (Windows NT 10.0; WOW64) AppleWebKit/537.36 (KHTML, like Gecko) Chrome/46.0.2490.80 Safari/537.36"
50.173.37.210 - - [01/Nov/2015:13:27:18 -0800] "GET /stat141/Hws/drawCode.R HTTP/1.1" 200 351 "http://eeyore.ucdavis.edu/stat141/Hws/assignment3.html" "Mozilla/5.0 (Windows NT 10.0; WOW64) AppleWebKit/537.36 (KHTML, like Gecko) Chrome/46.0.2490.80 Safari/537.36"
50.173.37.210 - - [01/Nov/2015:13:27:12 -0800] "GET /stat141/Data/digitsTrain.csv HTTP/1.1" 200 9135013 "http://eeyore.ucdavis.edu/stat141/Hws/assignment3.html" "Mozilla/5.0 (Windows NT 10.0; WOW64) AppleWebKit/537.36 (KHTML, like Gecko) Chrome/46.0.2490.80 Safari/537.36"
24.7.179.180 - - [01/Nov/2015:13:27:21 -0800] "GET /stat141/Data/digitsTrain.csv HTTP/1.1" 200 9135013 "-" "R (3.2.2 x86_64-w64-mingw32 x86_64 mingw32)"
24.7.179.180 - - [01/Nov/2015:13:27:29 -0800] "GET /stat141/Data/digitsTrain.csv HTTP/1.1" 200 9135013 "-" "R (3.2.2 x86_64-w64-mingw32 x86_64 mingw32)"
168.150.32.43 - - [01/Nov/2015:13:32:12 -0800] "GET /stat141/Data/digitsTrain.csv HTTP/1.0" 200 9135013 "-" "R (3.1.2 x86_64-apple-darwin13.4.0 x86_64 darwin13.4.0)"
50.173.37.210 - - [01/Nov/2015:13:32:25 -0800] "GET /stat141/Hws/knn.html HTTP/1.1" 304 - "http://eeyore.ucdavis.edu/stat141/Hws/assignment3.html" "Mozilla/5.0 (Windows NT 10.0; WOW64) AppleWebKit/537.36 (KHTML, like Gecko) Chrome/46.0.2490.80 Safari/537.36"
50.173.37.210 - - [01/Nov/2015:13:32:25 -0800] "GET /stat141/Hws/knn.svg HTTP/1.1" 304 - "http://eeyore.ucdavis.edu/stat141/Hws/knn.html" "Mozilla/5.0 (Windows NT 10.0; WOW64) AppleWebKit/537.36 (KHTML, like Gecko) Chrome/46.0.2490.80 Safari/537.36"
50.173.37.210 - - [01/Nov/2015:13:32:33 -0800] "GET /stat141/Hws/CrossValidation.html HTTP/1.1" 200 3099 "http://eeyore.ucdavis.edu/stat141/Hws/assignment3.html" "Mozilla/5.0 (Windows NT 10.0; WOW64) AppleWebKit/537.36 (KHTML, like Gecko) Chrome/46.0.2490.80 Safari/537.36"
168.150.44.137 - - [01/Nov/2015:13:33:16 -0800] "GET /sta141/Data/digitsTrain.csv HTTP/1.1" 200 9135013 "http://eeyore.ucdavis.edu/sta141/Hws/assignment3.html" "Mozilla/5.0 (Macintosh; Intel Mac OS X 10_8_5) AppleWebKit/536.30.1 (KHTML, like Gecko) Version/6.0.5 Safari/536.30.1"
168.150.44.137 - - [01/Nov/2015:13:35:13 -0800] "GET /sta141/Data/digitsTrain.csv HTTP/1.0" 200 9135013 "-" "R (3.1.1 x86_64-apple-darwin10.8.0 x86_64 darwin10.8.0)"
168.150.108.146 - - [01/Nov/2015:13:35:27 -0800] "GET /sta141/ HTTP/1.1" 304 - "-" "Mozilla/5.0 (Windows NT 10.0; WOW64) AppleWebKit/537.36 (KHTML, like Gecko) Chrome/46.0.2490.80 Safari/537.36"
168.150.108.146 - - [01/Nov/2015:13:35:27 -0800] "GET /sta141/Class.css HTTP/1.1" 304 - "http://eeyore.ucdavis.edu/sta141/" "Mozilla/5.0 (Windows NT 10.0; WOW64) AppleWebKit/537.36 (KHTML, like Gecko) Chrome/46.0.2490.80 Safari/537.36"
168.150.108.146 - - [01/Nov/2015:13:35:27 -0800] "GET /sta141/OmegaTech.css HTTP/1.1" 304 - "http://eeyore.ucdavis.edu/sta141/" "Mozilla/5.0 (Windows NT 10.0; WOW64) AppleWebKit/537.36 (KHTML, like Gecko) Chrome/46.0.2490.80 Safari/537.36"
168.150.108.146 - - [01/Nov/2015:13:35:27 -0800] "GET /sta141/html.css HTTP/1.1" 304 - "http://eeyore.ucdavis.edu/sta141/" "Mozilla/5.0 (Windows NT 10.0; WOW64) AppleWebKit/537.36 (KHTML, like Gecko) Chrome/46.0.2490.80 Safari/537.36"
73.241.133.170 - - [01/Nov/2015:13:35:59 -0800] "GET /stat141/Hws/assignment3.html HTTP/1.1" 200 4382 "http://eeyore.ucdavis.edu/stat141/Homeworks.html" "Mozilla/5.0 (Windows NT 10.0; WOW64) AppleWebKit/537.36 (KHTML, like Gecko) Chrome/46.0.2490.80 Safari/537.36"
73.241.133.170 - - [01/Nov/2015:13:36:00 -0800] "GET /stat141/Class.css HTTP/1.1" 200 1973 "http://eeyore.ucdavis.edu/stat141/Hws/assignment3.html" "Mozilla/5.0 (Windows NT 10.0; WOW64) AppleWebKit/537.36 (KHTML, like Gecko) Chrome/46.0.2490.80 Safari/537.36"
73.241.133.170 - - [01/Nov/2015:13:36:00 -0800] "GET /stat141/Hws/sampleDigits.png HTTP/1.1" 200 22839 "http://eeyore.ucdavis.edu/stat141/Hws/assignment3.html" "Mozilla/5.0 (Windows NT 10.0; WOW64) AppleWebKit/537.36 (KHTML, like Gecko) Chrome/46.0.2490.80 Safari/537.36"
73.241.133.170 - - [01/Nov/2015:13:36:00 -0800] "GET /stat141/OmegaTech.css HTTP/1.1" 200 5221 "http://eeyore.ucdavis.edu/stat141/Hws/assignment3.html" "Mozilla/5.0 (Windows NT 10.0; WOW64) AppleWebKit/537.36 (KHTML, like Gecko) Chrome/46.0.2490.80 Safari/537.36"
73.241.133.170 - - [01/Nov/2015:13:36:00 -0800] "GET /stat141/html.css HTTP/1.1" 200 92 "http://eeyore.ucdavis.edu/stat141/Hws/assignment3.html" "Mozilla/5.0 (Windows NT 10.0; WOW64) AppleWebKit/537.36 (KHTML, like Gecko) Chrome/46.0.2490.80 Safari/537.36"
73.241.133.170 - - [01/Nov/2015:13:36:00 -0800] "GET /favicon.ico HTTP/1.1" 404 209 "http://eeyore.ucdavis.edu/stat141/Hws/assignment3.html" "Mozilla/5.0 (Windows NT 10.0; WOW64) AppleWebKit/537.36 (KHTML, like Gecko) Chrome/46.0.2490.80 Safari/537.36"
168.150.108.146 - - [01/Nov/2015:13:36:58 -0800] "GET /sta141/Homeworks.html HTTP/1.1" 304 - "http://eeyore.ucdavis.edu/sta141/" "Mozilla/5.0 (Windows NT 10.0; WOW64) AppleWebKit/537.36 (KHTML, like Gecko) Chrome/46.0.2490.80 Safari/537.36"
168.150.108.146 - - [01/Nov/2015:13:36:59 -0800] "GET /sta141/Hws/assignment3.html HTTP/1.1" 304 - "http://eeyore.ucdavis.edu/sta141/Homeworks.html" "Mozilla/5.0 (Windows NT 10.0; WOW64) AppleWebKit/537.36 (KHTML, like Gecko) Chrome/46.0.2490.80 Safari/537.36"
50.194.16.213 - - [01/Nov/2015:13:38:48 -0800] "GET /stat141/Lectures.html HTTP/1.1" 304 - "http://eeyore.ucdavis.edu/stat141/" "Mozilla/5.0 (Macintosh; Intel Mac OS X 10_10_2) AppleWebKit/600.4.8 (KHTML, like Gecko) Version/8.0.3 Safari/600.4.8"
50.194.16.213 - - [01/Nov/2015:13:38:48 -0800] "GET /apple-touch-icon-precomposed.png HTTP/1.1" 404 230 "-" "Safari/10600.4.8 CFNetwork/720.2.5 Darwin/14.1.1 (x86_64)"
50.194.16.213 - - [01/Nov/2015:13:38:48 -0800] "GET /apple-touch-icon.png HTTP/1.1" 404 218 "-" "Safari/10600.4.8 CFNetwork/720.2.5 Darwin/14.1.1 (x86_64)"
50.194.16.213 - - [01/Nov/2015:13:40:47 -0800] "GET /stat141/Sessions/Session8 HTTP/1.1" 304 - "-" "Mozilla/5.0 (Macintosh; Intel Mac OS X 10_10_2) AppleWebKit/600.4.8 (KHTML, like Gecko) Version/8.0.3 Safari/600.4.8"
50.194.16.213 - - [01/Nov/2015:13:40:47 -0800] "GET /apple-touch-icon-precomposed.png HTTP/1.1" 404 230 "-" "Safari/10600.4.8 CFNetwork/720.2.5 Darwin/14.1.1 (x86_64)"
50.194.16.213 - - [01/Nov/2015:13:40:47 -0800] "GET /apple-touch-icon.png HTTP/1.1" 404 218 "-" "Safari/10600.4.8 CFNetwork/720.2.5 Darwin/14.1.1 (x86_64)"
168.150.100.241 - - [01/Nov/2015:13:43:10 -0800] "GET /sta141/Homeworks.html HTTP/1.1" 304 - "http://eeyore.ucdavis.edu/sta141/" "Mozilla/5.0 (Windows NT 6.3; WOW64) AppleWebKit/537.36 (KHTML, like Gecko) Chrome/45.0.2454.93 Safari/537.36"
168.150.100.241 - - [01/Nov/2015:13:43:11 -0800] "GET /sta141/Class.css HTTP/1.1" 304 - "http://eeyore.ucdavis.edu/sta141/Homeworks.html" "Mozilla/5.0 (Windows NT 6.3; WOW64) AppleWebKit/537.36 (KHTML, like Gecko) Chrome/45.0.2454.93 Safari/537.36"
168.150.100.241 - - [01/Nov/2015:13:43:11 -0800] "GET /sta141/OmegaTech.css HTTP/1.1" 304 - "http://eeyore.ucdavis.edu/sta141/Homeworks.html" "Mozilla/5.0 (Windows NT 6.3; WOW64) AppleWebKit/537.36 (KHTML, like Gecko) Chrome/45.0.2454.93 Safari/537.36"
168.150.100.241 - - [01/Nov/2015:13:43:11 -0800] "GET /sta141/html.css HTTP/1.1" 304 - "http://eeyore.ucdavis.edu/sta141/Homeworks.html" "Mozilla/5.0 (Windows NT 6.3; WOW64) AppleWebKit/537.36 (KHTML, like Gecko) Chrome/45.0.2454.93 Safari/537.36"
168.150.100.241 - - [01/Nov/2015:13:43:13 -0800] "GET /sta141/Hws/assignment3.html HTTP/1.1" 304 - "http://eeyore.ucdavis.edu/sta141/Homeworks.html" "Mozilla/5.0 (Windows NT 6.3; WOW64) AppleWebKit/537.36 (KHTML, like Gecko) Chrome/45.0.2454.93 Safari/537.36"
168.150.100.241 - - [01/Nov/2015:13:43:14 -0800] "GET /sta141/Hws/sampleDigits.png HTTP/1.1" 304 - "http://eeyore.ucdavis.edu/sta141/Hws/assignment3.html" "Mozilla/5.0 (Windows NT 6.3; WOW64) AppleWebKit/537.36 (KHTML, like Gecko) Chrome/45.0.2454.93 Safari/537.36"
50.143.229.99 - - [01/Nov/2015:13:43:58 -0800] "GET /stat141/ HTTP/1.1" 304 - "-" "Mozilla/5.0 (Macintosh; Intel Mac OS X 10_10_2) AppleWebKit/537.36 (KHTML, like Gecko) Chrome/46.0.2490.80 Safari/537.36"
50.143.229.99 - - [01/Nov/2015:13:43:58 -0800] "GET /stat141/Class.css HTTP/1.1" 304 - "http://eeyore.ucdavis.edu/stat141/" "Mozilla/5.0 (Macintosh; Intel Mac OS X 10_10_2) AppleWebKit/537.36 (KHTML, like Gecko) Chrome/46.0.2490.80 Safari/537.36"
50.143.229.99 - - [01/Nov/2015:13:43:58 -0800] "GET /stat141/mcb2.jpg HTTP/1.1" 304 - "http://eeyore.ucdavis.edu/stat141/" "Mozilla/5.0 (Macintosh; Intel Mac OS X 10_10_2) AppleWebKit/537.36 (KHTML, like Gecko) Chrome/46.0.2490.80 Safari/537.36"
50.143.229.99 - - [01/Nov/2015:13:43:58 -0800] "GET /stat141/yuki.png HTTP/1.1" 304 - "http://eeyore.ucdavis.edu/stat141/" "Mozilla/5.0 (Macintosh; Intel Mac OS X 10_10_2) AppleWebKit/537.36 (KHTML, like Gecko) Chrome/46.0.2490.80 Safari/537.36"
50.143.229.99 - - [01/Nov/2015:13:43:58 -0800] "GET /stat141/OmegaTech.css HTTP/1.1" 304 - "http://eeyore.ucdavis.edu/stat141/" "Mozilla/5.0 (Macintosh; Intel Mac OS X 10_10_2) AppleWebKit/537.36 (KHTML, like Gecko) Chrome/46.0.2490.80 Safari/537.36"
50.143.229.99 - - [01/Nov/2015:13:43:59 -0800] "GET /stat141/html.css HTTP/1.1" 304 - "http://eeyore.ucdavis.edu/stat141/" "Mozilla/5.0 (Macintosh; Intel Mac OS X 10_10_2) AppleWebKit/537.36 (KHTML, like Gecko) Chrome/46.0.2490.80 Safari/537.36"
50.143.229.99 - - [01/Nov/2015:13:43:59 -0800] "GET /favicon.ico HTTP/1.1" 404 209 "http://eeyore.ucdavis.edu/stat141/" "Mozilla/5.0 (Macintosh; Intel Mac OS X 10_10_2) AppleWebKit/537.36 (KHTML, like Gecko) Chrome/46.0.2490.80 Safari/537.36"
108.237.121.41 - - [01/Nov/2015:13:44:13 -0800] "GET /stat141/ HTTP/1.1" 200 4176 "-" "Mozilla/5.0 (Macintosh; Intel Mac OS X 10_11_1) AppleWebKit/601.2.7 (KHTML, like Gecko)"
108.237.121.41 - - [01/Nov/2015:13:44:14 -0800] "GET /favicon.ico HTTP/1.1" 404 209 "-" "Safari/11601.2.7.2 CFNetwork/760.1.2 Darwin/15.0.0 (x86_64)"
108.237.121.41 - - [01/Nov/2015:13:44:14 -0800] "GET /apple-touch-icon-precomposed.png HTTP/1.1" 404 230 "-" "Safari/11601.2.7.2 CFNetwork/760.1.2 Darwin/15.0.0 (x86_64)"
108.237.121.41 - - [01/Nov/2015:13:44:14 -0800] "GET /apple-touch-icon.png HTTP/1.1" 404 218 "-" "Safari/11601.2.7.2 CFNetwork/760.1.2 Darwin/15.0.0 (x86_64)"
108.237.121.41 - - [01/Nov/2015:13:44:14 -0800] "GET /apple-touch-icon-precomposed.png HTTP/1.1" 404 230 "-" "Safari/11601.2.7.2 CFNetwork/760.1.2 Darwin/15.0.0 (x86_64)"
108.237.121.41 - - [01/Nov/2015:13:44:15 -0800] "GET /apple-touch-icon.png HTTP/1.1" 404 218 "-" "Safari/11601.2.7.2 CFNetwork/760.1.2 Darwin/15.0.0 (x86_64)"
50.143.229.99 - - [01/Nov/2015:13:44:21 -0800] "GET /stat141/Homeworks.html HTTP/1.1" 200 1432 "http://eeyore.ucdavis.edu/stat141/" "Mozilla/5.0 (Macintosh; Intel Mac OS X 10_10_2) AppleWebKit/537.36 (KHTML, like Gecko) Chrome/46.0.2490.80 Safari/537.36"
50.143.229.99 - - [01/Nov/2015:13:44:23 -0800] "GET /stat141/Hws/assignment3.html HTTP/1.1" 200 4382 "http://eeyore.ucdavis.edu/stat141/Homeworks.html" "Mozilla/5.0 (Macintosh; Intel Mac OS X 10_10_2) AppleWebKit/537.36 (KHTML, like Gecko) Chrome/46.0.2490.80 Safari/537.36"
50.143.229.99 - - [01/Nov/2015:13:44:27 -0800] "GET /stat141/Hws/sampleDigits.png HTTP/1.1" 200 22839 "http://eeyore.ucdavis.edu/stat141/Hws/assignment3.html" "Mozilla/5.0 (Macintosh; Intel Mac OS X 10_10_2) AppleWebKit/537.36 (KHTML, like Gecko) Chrome/46.0.2490.80 Safari/537.36"
98.244.54.222 - - [01/Nov/2015:13:44:40 -0800] "GET /stat141/Lectures.html HTTP/1.1" 304 - "http://eeyore.ucdavis.edu/stat141/" "Mozilla/5.0 (Macintosh; Intel Mac OS X 10_11_1) AppleWebKit/601.2.7 (KHTML, like Gecko) Version/9.0.1 Safari/601.2.7"
98.244.54.222 - - [01/Nov/2015:13:44:40 -0800] "GET /stat141/Class.css HTTP/1.1" 304 - "http://eeyore.ucdavis.edu/stat141/" "Mozilla/5.0 (Macintosh; Intel Mac OS X 10_11_1) AppleWebKit/601.2.7 (KHTML, like Gecko) Version/9.0.1 Safari/601.2.7"
98.244.54.222 - - [01/Nov/2015:13:44:40 -0800] "GET /stat141/OmegaTech.css HTTP/1.1" 304 - "http://eeyore.ucdavis.edu/stat141/" "Mozilla/5.0 (Macintosh; Intel Mac OS X 10_11_1) AppleWebKit/601.2.7 (KHTML, like Gecko) Version/9.0.1 Safari/601.2.7"
98.244.54.222 - - [01/Nov/2015:13:44:41 -0800] "GET /stat141/html.css HTTP/1.1" 304 - "http://eeyore.ucdavis.edu/stat141/" "Mozilla/5.0 (Macintosh; Intel Mac OS X 10_11_1) AppleWebKit/601.2.7 (KHTML, like Gecko) Version/9.0.1 Safari/601.2.7"
98.244.54.222 - - [01/Nov/2015:13:44:51 -0800] "GET /stat141/Lectures/Revaluation.R HTTP/1.1" 200 368 "http://eeyore.ucdavis.edu/stat141/Lectures.html" "Mozilla/5.0 (Macintosh; Intel Mac OS X 10_11_1) AppleWebKit/601.2.7 (KHTML, like Gecko) Version/9.0.1 Safari/601.2.7"
108.237.124.28 - - [01/Nov/2015:13:45:18 -0800] "GET /stat141/Homeworks.html HTTP/1.1" 200 1432 "http://eeyore.ucdavis.edu/stat141/" "Mozilla/5.0 (Macintosh; Intel Mac OS X 10_10_5) AppleWebKit/601.2.7 (KHTML, like Gecko) Version/9.0.1 Safari/601.2.7"
108.237.124.28 - - [01/Nov/2015:13:45:18 -0800] "GET /favicon.ico HTTP/1.1" 404 209 "http://eeyore.ucdavis.edu/stat141/Homeworks.html" "Mozilla/5.0 (Macintosh; Intel Mac OS X 10_10_5) AppleWebKit/601.2.7 (KHTML, like Gecko) Version/9.0.1 Safari/601.2.7"
108.237.124.28 - - [01/Nov/2015:13:45:19 -0800] "GET /stat141/Hws/assignment3.html HTTP/1.1" 200 4382 "http://eeyore.ucdavis.edu/stat141/Homeworks.html" "Mozilla/5.0 (Macintosh; Intel Mac OS X 10_10_5) AppleWebKit/601.2.7 (KHTML, like Gecko) Version/9.0.1 Safari/601.2.7"
108.237.124.28 - - [01/Nov/2015:13:45:19 -0800] "GET /stat141/Class.css HTTP/1.1" 304 - "http://eeyore.ucdavis.edu/stat141/Hws/assignment3.html" "Mozilla/5.0 (Macintosh; Intel Mac OS X 10_10_5) AppleWebKit/601.2.7 (KHTML, like Gecko) Version/9.0.1 Safari/601.2.7"
108.237.124.28 - - [01/Nov/2015:13:45:19 -0800] "GET /stat141/Hws/sampleDigits.png HTTP/1.1" 304 - "http://eeyore.ucdavis.edu/stat141/Hws/assignment3.html" "Mozilla/5.0 (Macintosh; Intel Mac OS X 10_10_5) AppleWebKit/601.2.7 (KHTML, like Gecko) Version/9.0.1 Safari/601.2.7"
108.237.124.28 - - [01/Nov/2015:13:45:19 -0800] "GET /stat141/OmegaTech.css HTTP/1.1" 304 - "http://eeyore.ucdavis.edu/stat141/Hws/assignment3.html" "Mozilla/5.0 (Macintosh; Intel Mac OS X 10_10_5) AppleWebKit/601.2.7 (KHTML, like Gecko) Version/9.0.1 Safari/601.2.7"
108.237.124.28 - - [01/Nov/2015:13:45:19 -0800] "GET /stat141/html.css HTTP/1.1" 304 - "http://eeyore.ucdavis.edu/stat141/Hws/assignment3.html" "Mozilla/5.0 (Macintosh; Intel Mac OS X 10_10_5) AppleWebKit/601.2.7 (KHTML, like Gecko) Version/9.0.1 Safari/601.2.7"
50.194.16.213 - - [01/Nov/2015:13:45:58 -0800] "GET /stat141/Sessions/Session9 HTTP/1.1" 200 106391 "-" "Mozilla/5.0 (Macintosh; Intel Mac OS X 10_10_2) AppleWebKit/600.4.8 (KHTML, like Gecko) Version/8.0.3 Safari/600.4.8"
50.194.16.213 - - [01/Nov/2015:13:45:58 -0800] "GET /apple-touch-icon-precomposed.png HTTP/1.1" 404 230 "-" "Safari/10600.4.8 CFNetwork/720.2.5 Darwin/14.1.1 (x86_64)"
50.194.16.213 - - [01/Nov/2015:13:45:58 -0800] "GET /apple-touch-icon.png HTTP/1.1" 404 218 "-" "Safari/10600.4.8 CFNetwork/720.2.5 Darwin/14.1.1 (x86_64)"
50.173.37.210 - - [01/Nov/2015:13:49:10 -0800] "GET /sta141/Hws/knn.html HTTP/1.1" 200 1812 "http://eeyore.ucdavis.edu/sta141/Hws/assignment3.html" "Mozilla/5.0 (Macintosh; Intel Mac OS X 10_10_2) AppleWebKit/600.3.18 (KHTML, like Gecko) Version/8.0.3 Safari/600.3.18"
50.173.37.210 - - [01/Nov/2015:13:49:10 -0800] "GET /sta141/Class.css HTTP/1.1" 304 - "http://eeyore.ucdavis.edu/sta141/" "Mozilla/5.0 (Macintosh; Intel Mac OS X 10_10_2) AppleWebKit/600.3.18 (KHTML, like Gecko) Version/8.0.3 Safari/600.3.18"
50.173.37.210 - - [01/Nov/2015:13:49:14 -0800] "GET /sta141/OmegaTech.css HTTP/1.1" 304 - "http://eeyore.ucdavis.edu/sta141/" "Mozilla/5.0 (Macintosh; Intel Mac OS X 10_10_2) AppleWebKit/600.3.18 (KHTML, like Gecko) Version/8.0.3 Safari/600.3.18"
50.173.37.210 - - [01/Nov/2015:13:49:14 -0800] "GET /sta141/html.css HTTP/1.1" 304 - "http://eeyore.ucdavis.edu/sta141/" "Mozilla/5.0 (Macintosh; Intel Mac OS X 10_10_2) AppleWebKit/600.3.18 (KHTML, like Gecko) Version/8.0.3 Safari/600.3.18"
50.173.37.210 - - [01/Nov/2015:13:49:14 -0800] "GET /sta141/Hws/knn.svg HTTP/1.1" 200 29458 "http://eeyore.ucdavis.edu/sta141/Hws/knn.html" "Mozilla/5.0 (Macintosh; Intel Mac OS X 10_10_2) AppleWebKit/600.3.18 (KHTML, like Gecko) Version/8.0.3 Safari/600.3.18"
168.150.45.130 - - [01/Nov/2015:13:49:20 -0800] "GET /stat141/ HTTP/1.1" 200 4176 "-" "Mozilla/5.0 (Macintosh; Intel Mac OS X 10_11_1) AppleWebKit/537.36 (KHTML, like Gecko) Chrome/46.0.2490.80 Safari/537.36"
168.150.45.130 - - [01/Nov/2015:13:49:20 -0800] "GET /stat141/Class.css HTTP/1.1" 200 1973 "http://eeyore.ucdavis.edu/stat141/" "Mozilla/5.0 (Macintosh; Intel Mac OS X 10_11_1) AppleWebKit/537.36 (KHTML, like Gecko) Chrome/46.0.2490.80 Safari/537.36"
168.150.45.130 - - [01/Nov/2015:13:49:20 -0800] "GET /stat141/OmegaTech.css HTTP/1.1" 200 5221 "http://eeyore.ucdavis.edu/stat141/" "Mozilla/5.0 (Macintosh; Intel Mac OS X 10_11_1) AppleWebKit/537.36 (KHTML, like Gecko) Chrome/46.0.2490.80 Safari/537.36"
168.150.45.130 - - [01/Nov/2015:13:49:20 -0800] "GET /stat141/mcb2.jpg HTTP/1.1" 200 12310 "http://eeyore.ucdavis.edu/stat141/" "Mozilla/5.0 (Macintosh; Intel Mac OS X 10_11_1) AppleWebKit/537.36 (KHTML, like Gecko) Chrome/46.0.2490.80 Safari/537.36"
168.150.45.130 - - [01/Nov/2015:13:49:20 -0800] "GET /stat141/yuki.png HTTP/1.1" 200 3719 "http://eeyore.ucdavis.edu/stat141/" "Mozilla/5.0 (Macintosh; Intel Mac OS X 10_11_1) AppleWebKit/537.36 (KHTML, like Gecko) Chrome/46.0.2490.80 Safari/537.36"
168.150.45.130 - - [01/Nov/2015:13:49:20 -0800] "GET /stat141/html.css HTTP/1.1" 200 92 "http://eeyore.ucdavis.edu/stat141/" "Mozilla/5.0 (Macintosh; Intel Mac OS X 10_11_1) AppleWebKit/537.36 (KHTML, like Gecko) Chrome/46.0.2490.80 Safari/537.36"
168.150.45.130 - - [01/Nov/2015:13:49:20 -0800] "GET /favicon.ico HTTP/1.1" 404 209 "http://eeyore.ucdavis.edu/stat141/" "Mozilla/5.0 (Macintosh; Intel Mac OS X 10_11_1) AppleWebKit/537.36 (KHTML, like Gecko) Chrome/46.0.2490.80 Safari/537.36"
168.150.45.130 - - [01/Nov/2015:13:49:22 -0800] "GET /stat141/Homeworks.html HTTP/1.1" 200 1432 "http://eeyore.ucdavis.edu/stat141/" "Mozilla/5.0 (Macintosh; Intel Mac OS X 10_11_1) AppleWebKit/537.36 (KHTML, like Gecko) Chrome/46.0.2490.80 Safari/537.36"
50.173.37.210 - - [01/Nov/2015:13:49:45 -0800] "GET /sta141/Hws/CrossValidation.html HTTP/1.1" 200 3099 "http://eeyore.ucdavis.edu/sta141/Hws/assignment3.html" "Mozilla/5.0 (Macintosh; Intel Mac OS X 10_10_2) AppleWebKit/600.3.18 (KHTML, like Gecko) Version/8.0.3 Safari/600.3.18"
73.41.85.35 - - [01/Nov/2015:13:50:05 -0800] "GET /stat141/Class.css HTTP/1.1" 304 - "http://eeyore.ucdavis.edu/stat141/" "Mozilla/5.0 (Macintosh; Intel Mac OS X 10_10_2) AppleWebKit/600.4.8 (KHTML, like Gecko) Version/8.0.3 Safari/600.4.8"
73.41.85.35 - - [01/Nov/2015:13:50:05 -0800] "GET /stat141/OmegaTech.css HTTP/1.1" 304 - "http://eeyore.ucdavis.edu/stat141/" "Mozilla/5.0 (Macintosh; Intel Mac OS X 10_10_2) AppleWebKit/600.4.8 (KHTML, like Gecko) Version/8.0.3 Safari/600.4.8"
73.41.85.35 - - [01/Nov/2015:13:50:05 -0800] "GET /stat141/html.css HTTP/1.1" 304 - "http://eeyore.ucdavis.edu/stat141/" "Mozilla/5.0 (Macintosh; Intel Mac OS X 10_10_2) AppleWebKit/600.4.8 (KHTML, like Gecko) Version/8.0.3 Safari/600.4.8"
73.41.85.35 - - [01/Nov/2015:13:50:05 -0800] "GET /apple-touch-icon-precomposed.png HTTP/1.1" 404 230 "-" "Safari/10600.4.8 CFNetwork/720.2.5 Darwin/14.1.1 (x86_64)"
73.41.85.35 - - [01/Nov/2015:13:50:05 -0800] "GET /apple-touch-icon.png HTTP/1.1" 404 218 "-" "Safari/10600.4.8 CFNetwork/720.2.5 Darwin/14.1.1 (x86_64)"
73.41.85.35 - - [01/Nov/2015:13:50:10 -0800] "GET /stat141/Homeworks.html HTTP/1.1" 304 - "http://eeyore.ucdavis.edu/stat141/" "Mozilla/5.0 (Macintosh; Intel Mac OS X 10_10_2) AppleWebKit/600.4.8 (KHTML, like Gecko) Version/8.0.3 Safari/600.4.8"
73.41.85.35 - - [01/Nov/2015:13:50:10 -0800] "GET /apple-touch-icon-precomposed.png HTTP/1.1" 404 230 "-" "Safari/10600.4.8 CFNetwork/720.2.5 Darwin/14.1.1 (x86_64)"
73.41.85.35 - - [01/Nov/2015:13:50:10 -0800] "GET /apple-touch-icon.png HTTP/1.1" 404 218 "-" "Safari/10600.4.8 CFNetwork/720.2.5 Darwin/14.1.1 (x86_64)"
73.41.85.35 - - [01/Nov/2015:13:50:11 -0800] "GET /stat141/Hws/assignment3.html HTTP/1.1" 304 - "http://eeyore.ucdavis.edu/stat141/Homeworks.html" "Mozilla/5.0 (Macintosh; Intel Mac OS X 10_10_2) AppleWebKit/600.4.8 (KHTML, like Gecko) Version/8.0.3 Safari/600.4.8"
73.41.85.35 - - [01/Nov/2015:13:50:11 -0800] "GET /stat141/Hws/sampleDigits.png HTTP/1.1" 304 - "http://eeyore.ucdavis.edu/stat141/Hws/assignment3.html" "Mozilla/5.0 (Macintosh; Intel Mac OS X 10_10_2) AppleWebKit/600.4.8 (KHTML, like Gecko) Version/8.0.3 Safari/600.4.8"
73.41.85.35 - - [01/Nov/2015:13:50:11 -0800] "GET /apple-touch-icon-precomposed.png HTTP/1.1" 404 230 "-" "Safari/10600.4.8 CFNetwork/720.2.5 Darwin/14.1.1 (x86_64)"
73.41.85.35 - - [01/Nov/2015:13:50:11 -0800] "GET /apple-touch-icon.png HTTP/1.1" 404 218 "-" "Safari/10600.4.8 CFNetwork/720.2.5 Darwin/14.1.1 (x86_64)"
73.41.85.35 - - [01/Nov/2015:13:50:19 -0800] "GET /stat141/Data/digitsTrain.csv HTTP/1.1" 200 9135013 "-" "Mozilla/5.0 (Macintosh; Intel Mac OS X 10_10_2) AppleWebKit/600.4.8 (KHTML, like Gecko) Version/8.0.3 Safari/600.4.8"
73.41.85.35 - - [01/Nov/2015:13:50:20 -0800] "GET /apple-touch-icon-precomposed.png HTTP/1.1" 404 230 "-" "Safari/10600.4.8 CFNetwork/720.2.5 Darwin/14.1.1 (x86_64)"
73.41.85.35 - - [01/Nov/2015:13:50:20 -0800] "GET /apple-touch-icon.png HTTP/1.1" 404 218 "-" "Safari/10600.4.8 CFNetwork/720.2.5 Darwin/14.1.1 (x86_64)"
73.41.85.35 - - [01/Nov/2015:13:51:45 -0800] "GET /stat141/Hws/drawCode.R HTTP/1.1" 304 - "http://eeyore.ucdavis.edu/stat141/Hws/assignment3.html" "Mozilla/5.0 (Macintosh; Intel Mac OS X 10_10_2) AppleWebKit/600.4.8 (KHTML, like Gecko) Version/8.0.3 Safari/600.4.8"
73.41.85.35 - - [01/Nov/2015:13:51:45 -0800] "GET /apple-touch-icon-precomposed.png HTTP/1.1" 404 230 "-" "Safari/10600.4.8 CFNetwork/720.2.5 Darwin/14.1.1 (x86_64)"
73.41.85.35 - - [01/Nov/2015:13:51:45 -0800] "GET /apple-touch-icon.png HTTP/1.1" 404 218 "-" "Safari/10600.4.8 CFNetwork/720.2.5 Darwin/14.1.1 (x86_64)"
98.255.0.211 - - [01/Nov/2015:13:52:11 -0800] "GET /stat141/Hws/assignment3.html HTTP/1.1" 200 4382 "http://eeyore.ucdavis.edu/stat141/Homeworks.html" "Mozilla/5.0 (Windows NT 6.1; Win64; x64) AppleWebKit/537.36 (KHTML, like Gecko) Chrome/47.0.2526.27 Safari/537.36"
98.255.0.211 - - [01/Nov/2015:13:52:11 -0800] "GET /stat141/Hws/sampleDigits.png HTTP/1.1" 304 - "http://eeyore.ucdavis.edu/stat141/Hws/assignment3.html" "Mozilla/5.0 (Windows NT 6.1; Win64; x64) AppleWebKit/537.36 (KHTML, like Gecko) Chrome/47.0.2526.27 Safari/537.36"
168.150.1.32 - - [01/Nov/2015:13:52:54 -0800] "GET /stat141/ HTTP/1.1" 304 - "-" "Mozilla/5.0 (Macintosh; Intel Mac OS X 10_11_1) AppleWebKit/601.2.7 (KHTML, like Gecko) Version/9.0.1 Safari/601.2.7"
168.150.1.32 - - [01/Nov/2015:13:52:54 -0800] "GET /stat141/Class.css HTTP/1.1" 304 - "http://eeyore.ucdavis.edu/stat141/" "Mozilla/5.0 (Macintosh; Intel Mac OS X 10_11_1) AppleWebKit/601.2.7 (KHTML, like Gecko) Version/9.0.1 Safari/601.2.7"
168.150.1.32 - - [01/Nov/2015:13:52:55 -0800] "GET /stat141/OmegaTech.css HTTP/1.1" 304 - "http://eeyore.ucdavis.edu/stat141/" "Mozilla/5.0 (Macintosh; Intel Mac OS X 10_11_1) AppleWebKit/601.2.7 (KHTML, like Gecko) Version/9.0.1 Safari/601.2.7"
168.150.1.32 - - [01/Nov/2015:13:52:55 -0800] "GET /stat141/html.css HTTP/1.1" 304 - "http://eeyore.ucdavis.edu/stat141/" "Mozilla/5.0 (Macintosh; Intel Mac OS X 10_11_1) AppleWebKit/601.2.7 (KHTML, like Gecko) Version/9.0.1 Safari/601.2.7"
168.150.32.43 - - [01/Nov/2015:13:53:04 -0800] "GET /stat141/Data/digitsTrain.csv HTTP/1.0" 200 9135013 "-" "R (3.1.2 x86_64-apple-darwin13.4.0 x86_64 darwin13.4.0)"
168.150.32.43 - - [01/Nov/2015:13:53:08 -0800] "GET /stat141/Data/digitsTrain.csv HTTP/1.0" 200 9135013 "-" "R (3.1.2 x86_64-apple-darwin13.4.0 x86_64 darwin13.4.0)"
168.150.44.137 - - [01/Nov/2015:13:54:12 -0800] "GET /sta141/ HTTP/1.1" 200 4176 "-" "Mozilla/5.0 (Macintosh; Intel Mac OS X 10_8_5) AppleWebKit/536.30.1 (KHTML, like Gecko) Version/6.0.5 Safari/536.30.1"
168.150.44.137 - - [01/Nov/2015:13:54:12 -0800] "GET /sta141/Class.css HTTP/1.1" 304 - "http://eeyore.ucdavis.edu/sta141/" "Mozilla/5.0 (Macintosh; Intel Mac OS X 10_8_5) AppleWebKit/536.30.1 (KHTML, like Gecko) Version/6.0.5 Safari/536.30.1"
168.150.44.137 - - [01/Nov/2015:13:54:12 -0800] "GET /sta141/yuki.png HTTP/1.1" 200 3719 "http://eeyore.ucdavis.edu/sta141/" "Mozilla/5.0 (Macintosh; Intel Mac OS X 10_8_5) AppleWebKit/536.30.1 (KHTML, like Gecko) Version/6.0.5 Safari/536.30.1"
168.150.44.137 - - [01/Nov/2015:13:54:12 -0800] "GET /sta141/mcb2.jpg HTTP/1.1" 200 12310 "http://eeyore.ucdavis.edu/sta141/" "Mozilla/5.0 (Macintosh; Intel Mac OS X 10_8_5) AppleWebKit/536.30.1 (KHTML, like Gecko) Version/6.0.5 Safari/536.30.1"
168.150.44.137 - - [01/Nov/2015:13:54:12 -0800] "GET /sta141/OmegaTech.css HTTP/1.1" 304 - "http://eeyore.ucdavis.edu/sta141/" "Mozilla/5.0 (Macintosh; Intel Mac OS X 10_8_5) AppleWebKit/536.30.1 (KHTML, like Gecko) Version/6.0.5 Safari/536.30.1"
168.150.44.137 - - [01/Nov/2015:13:54:12 -0800] "GET /sta141/html.css HTTP/1.1" 304 - "http://eeyore.ucdavis.edu/sta141/" "Mozilla/5.0 (Macintosh; Intel Mac OS X 10_8_5) AppleWebKit/536.30.1 (KHTML, like Gecko) Version/6.0.5 Safari/536.30.1"
76.20.63.68 - - [01/Nov/2015:13:54:14 -0800] "GET /stat141/ HTTP/1.1" 200 4176 "-" "Mozilla/5.0 (Windows NT 6.3; WOW64) AppleWebKit/537.36 (KHTML, like Gecko) Chrome/46.0.2490.80 Safari/537.36"
76.20.63.68 - - [01/Nov/2015:13:54:14 -0800] "GET /stat141/Class.css HTTP/1.1" 200 1973 "http://eeyore.ucdavis.edu/stat141/" "Mozilla/5.0 (Windows NT 6.3; WOW64) AppleWebKit/537.36 (KHTML, like Gecko) Chrome/46.0.2490.80 Safari/537.36"
76.20.63.68 - - [01/Nov/2015:13:54:14 -0800] "GET /stat141/mcb2.jpg HTTP/1.1" 200 12310 "http://eeyore.ucdavis.edu/stat141/" "Mozilla/5.0 (Windows NT 6.3; WOW64) AppleWebKit/537.36 (KHTML, like Gecko) Chrome/46.0.2490.80 Safari/537.36"
76.20.63.68 - - [01/Nov/2015:13:54:14 -0800] "GET /stat141/OmegaTech.css HTTP/1.1" 200 5221 "http://eeyore.ucdavis.edu/stat141/" "Mozilla/5.0 (Windows NT 6.3; WOW64) AppleWebKit/537.36 (KHTML, like Gecko) Chrome/46.0.2490.80 Safari/537.36"
76.20.63.68 - - [01/Nov/2015:13:54:14 -0800] "GET /stat141/yuki.png HTTP/1.1" 200 3719 "http://eeyore.ucdavis.edu/stat141/" "Mozilla/5.0 (Windows NT 6.3; WOW64) AppleWebKit/537.36 (KHTML, like Gecko) Chrome/46.0.2490.80 Safari/537.36"
76.20.63.68 - - [01/Nov/2015:13:54:15 -0800] "GET /stat141/html.css HTTP/1.1" 200 92 "http://eeyore.ucdavis.edu/stat141/" "Mozilla/5.0 (Windows NT 6.3; WOW64) AppleWebKit/537.36 (KHTML, like Gecko) Chrome/46.0.2490.80 Safari/537.36"
168.150.44.137 - - [01/Nov/2015:13:54:15 -0800] "GET /sta141/Lectures.html HTTP/1.1" 200 5227 "http://eeyore.ucdavis.edu/sta141/" "Mozilla/5.0 (Macintosh; Intel Mac OS X 10_8_5) AppleWebKit/536.30.1 (KHTML, like Gecko) Version/6.0.5 Safari/536.30.1"
76.20.63.68 - - [01/Nov/2015:13:54:15 -0800] "GET /favicon.ico HTTP/1.1" 404 209 "http://eeyore.ucdavis.edu/stat141/" "Mozilla/5.0 (Windows NT 6.3; WOW64) AppleWebKit/537.36 (KHTML, like Gecko) Chrome/46.0.2490.80 Safari/537.36"
168.150.44.137 - - [01/Nov/2015:13:54:17 -0800] "GET /sta141/Homeworks.html HTTP/1.1" 200 1432 "http://eeyore.ucdavis.edu/sta141/" "Mozilla/5.0 (Macintosh; Intel Mac OS X 10_8_5) AppleWebKit/536.30.1 (KHTML, like Gecko) Version/6.0.5 Safari/536.30.1"
168.150.44.137 - - [01/Nov/2015:13:54:19 -0800] "GET /sta141/Hws/assignment3.html HTTP/1.1" 200 4382 "http://eeyore.ucdavis.edu/sta141/Homeworks.html" "Mozilla/5.0 (Macintosh; Intel Mac OS X 10_8_5) AppleWebKit/536.30.1 (KHTML, like Gecko) Version/6.0.5 Safari/536.30.1"
168.150.1.32 - - [01/Nov/2015:13:54:52 -0800] "GET /stat141/Class.css HTTP/1.1" 304 - "http://eeyore.ucdavis.edu/stat141/Hws/assignment3.html" "Mozilla/5.0 (Macintosh; Intel Mac OS X 10_11_1) AppleWebKit/601.2.7 (KHTML, like Gecko) Version/9.0.1 Safari/601.2.7"
168.150.1.32 - - [01/Nov/2015:13:54:52 -0800] "GET /stat141/OmegaTech.css HTTP/1.1" 304 - "http://eeyore.ucdavis.edu/stat141/Hws/assignment3.html" "Mozilla/5.0 (Macintosh; Intel Mac OS X 10_11_1) AppleWebKit/601.2.7 (KHTML, like Gecko) Version/9.0.1 Safari/601.2.7"
168.150.1.32 - - [01/Nov/2015:13:54:52 -0800] "GET /stat141/html.css HTTP/1.1" 304 - "http://eeyore.ucdavis.edu/stat141/Hws/assignment3.html" "Mozilla/5.0 (Macintosh; Intel Mac OS X 10_11_1) AppleWebKit/601.2.7 (KHTML, like Gecko) Version/9.0.1 Safari/601.2.7"
76.20.63.68 - - [01/Nov/2015:13:56:10 -0800] "GET /stat141/Homeworks.html HTTP/1.1" 200 1432 "http://eeyore.ucdavis.edu/stat141/" "Mozilla/5.0 (Windows NT 6.3; WOW64) AppleWebKit/537.36 (KHTML, like Gecko) Chrome/46.0.2490.80 Safari/537.36"
76.20.63.68 - - [01/Nov/2015:13:56:12 -0800] "GET /stat141/Hws/assignment3.html HTTP/1.1" 200 4382 "http://eeyore.ucdavis.edu/stat141/Homeworks.html" "Mozilla/5.0 (Windows NT 6.3; WOW64) AppleWebKit/537.36 (KHTML, like Gecko) Chrome/46.0.2490.80 Safari/537.36"
76.20.63.68 - - [01/Nov/2015:13:56:13 -0800] "GET /stat141/Hws/sampleDigits.png HTTP/1.1" 200 22839 "http://eeyore.ucdavis.edu/stat141/Hws/assignment3.html" "Mozilla/5.0 (Windows NT 6.3; WOW64) AppleWebKit/537.36 (KHTML, like Gecko) Chrome/46.0.2490.80 Safari/537.36"
76.20.63.68 - - [01/Nov/2015:13:56:20 -0800] "GET /stat141/Data/digitsTrain.csv HTTP/1.1" 200 9135013 "http://eeyore.ucdavis.edu/stat141/Hws/assignment3.html" "Mozilla/5.0 (Windows NT 6.3; WOW64) AppleWebKit/537.36 (KHTML, like Gecko) Chrome/46.0.2490.80 Safari/537.36"
24.7.179.180 - - [01/Nov/2015:13:56:38 -0800] "GET /sta141/Syllabus.html HTTP/1.1" 200 5882 "http://eeyore.ucdavis.edu/sta141/" "Mozilla/5.0 (Windows NT 6.1; WOW64; rv:41.0) Gecko/20100101 Firefox/41.0"
24.7.179.180 - - [01/Nov/2015:13:56:38 -0800] "GET /sta141/Class.css HTTP/1.1" 304 - "http://eeyore.ucdavis.edu/sta141/Syllabus.html" "Mozilla/5.0 (Windows NT 6.1; WOW64; rv:41.0) Gecko/20100101 Firefox/41.0"
24.7.179.180 - - [01/Nov/2015:13:56:38 -0800] "GET /sta141/OmegaTech.css HTTP/1.1" 304 - "http://eeyore.ucdavis.edu/sta141/Class.css" "Mozilla/5.0 (Windows NT 6.1; WOW64; rv:41.0) Gecko/20100101 Firefox/41.0"
24.7.179.180 - - [01/Nov/2015:13:56:38 -0800] "GET /sta141/html.css HTTP/1.1" 304 - "http://eeyore.ucdavis.edu/sta141/OmegaTech.css" "Mozilla/5.0 (Windows NT 6.1; WOW64; rv:41.0) Gecko/20100101 Firefox/41.0"
24.7.179.180 - - [01/Nov/2015:13:57:16 -0800] "GET /sta141/Topics.html HTTP/1.1" 200 2852 "http://eeyore.ucdavis.edu/sta141/" "Mozilla/5.0 (Windows NT 6.1; WOW64; rv:41.0) Gecko/20100101 Firefox/41.0"
24.7.179.180 - - [01/Nov/2015:13:57:27 -0800] "GET /sta141/overview.html HTTP/1.1" 200 4335 "http://eeyore.ucdavis.edu/sta141/" "Mozilla/5.0 (Windows NT 6.1; WOW64; rv:41.0) Gecko/20100101 Firefox/41.0"
98.255.1.143 - - [01/Nov/2015:13:58:38 -0800] "GET /sta141 HTTP/1.1" 301 241 "-" "Mozilla/5.0 (Windows NT 10.0; WOW64) AppleWebKit/537.36 (KHTML, like Gecko) Chrome/46.0.2490.80 Safari/537.36"
98.255.1.143 - - [01/Nov/2015:13:58:38 -0800] "GET /sta141/ HTTP/1.1" 200 4176 "-" "Mozilla/5.0 (Windows NT 10.0; WOW64) AppleWebKit/537.36 (KHTML, like Gecko) Chrome/46.0.2490.80 Safari/537.36"
98.255.1.143 - - [01/Nov/2015:13:58:38 -0800] "GET /sta141/Class.css HTTP/1.1" 200 1973 "http://eeyore.ucdavis.edu/sta141/" "Mozilla/5.0 (Windows NT 10.0; WOW64) AppleWebKit/537.36 (KHTML, like Gecko) Chrome/46.0.2490.80 Safari/537.36"
98.255.1.143 - - [01/Nov/2015:13:58:38 -0800] "GET /sta141/OmegaTech.css HTTP/1.1" 200 5221 "http://eeyore.ucdavis.edu/sta141/" "Mozilla/5.0 (Windows NT 10.0; WOW64) AppleWebKit/537.36 (KHTML, like Gecko) Chrome/46.0.2490.80 Safari/537.36"
98.255.1.143 - - [01/Nov/2015:13:58:38 -0800] "GET /sta141/mcb2.jpg HTTP/1.1" 200 12310 "http://eeyore.ucdavis.edu/sta141/" "Mozilla/5.0 (Windows NT 10.0; WOW64) AppleWebKit/537.36 (KHTML, like Gecko) Chrome/46.0.2490.80 Safari/537.36"
98.255.1.143 - - [01/Nov/2015:13:58:38 -0800] "GET /sta141/yuki.png HTTP/1.1" 200 3719 "http://eeyore.ucdavis.edu/sta141/" "Mozilla/5.0 (Windows NT 10.0; WOW64) AppleWebKit/537.36 (KHTML, like Gecko) Chrome/46.0.2490.80 Safari/537.36"
98.255.1.143 - - [01/Nov/2015:13:58:38 -0800] "GET /sta141/html.css HTTP/1.1" 200 92 "http://eeyore.ucdavis.edu/sta141/" "Mozilla/5.0 (Windows NT 10.0; WOW64) AppleWebKit/537.36 (KHTML, like Gecko) Chrome/46.0.2490.80 Safari/537.36"
98.255.1.143 - - [01/Nov/2015:13:58:38 -0800] "GET /favicon.ico HTTP/1.1" 404 209 "http://eeyore.ucdavis.edu/sta141/" "Mozilla/5.0 (Windows NT 10.0; WOW64) AppleWebKit/537.36 (KHTML, like Gecko) Chrome/46.0.2490.80 Safari/537.36"
98.255.1.143 - - [01/Nov/2015:13:58:42 -0800] "GET /sta141/Homeworks.html HTTP/1.1" 200 1432 "http://eeyore.ucdavis.edu/sta141/" "Mozilla/5.0 (Windows NT 10.0; WOW64) AppleWebKit/537.36 (KHTML, like Gecko) Chrome/46.0.2490.80 Safari/537.36"
98.255.1.143 - - [01/Nov/2015:13:58:44 -0800] "GET /sta141/Hws/assignment3.html HTTP/1.1" 200 4382 "http://eeyore.ucdavis.edu/sta141/Homeworks.html" "Mozilla/5.0 (Windows NT 10.0; WOW64) AppleWebKit/537.36 (KHTML, like Gecko) Chrome/46.0.2490.80 Safari/537.36"
98.255.1.143 - - [01/Nov/2015:13:58:44 -0800] "GET /sta141/Hws/sampleDigits.png HTTP/1.1" 200 22839 "http://eeyore.ucdavis.edu/sta141/Hws/assignment3.html" "Mozilla/5.0 (Windows NT 10.0; WOW64) AppleWebKit/537.36 (KHTML, like Gecko) Chrome/46.0.2490.80 Safari/537.36"
73.241.133.170 - - [01/Nov/2015:13:59:22 -0800] "GET /stat141/Hws/knn.html HTTP/1.1" 200 1812 "http://eeyore.ucdavis.edu/stat141/Hws/assignment3.html" "Mozilla/5.0 (Windows NT 10.0; WOW64) AppleWebKit/537.36 (KHTML, like Gecko) Chrome/46.0.2490.80 Safari/537.36"
73.241.133.170 - - [01/Nov/2015:13:59:22 -0800] "GET /stat141/Hws/knn.svg HTTP/1.1" 200 29458 "http://eeyore.ucdavis.edu/stat141/Hws/knn.html" "Mozilla/5.0 (Windows NT 10.0; WOW64) AppleWebKit/537.36 (KHTML, like Gecko) Chrome/46.0.2490.80 Safari/537.36"
73.241.133.170 - - [01/Nov/2015:13:59:23 -0800] "GET /stat141/Hws/CrossValidation.html HTTP/1.1" 200 3099 "http://eeyore.ucdavis.edu/stat141/Hws/assignment3.html" "Mozilla/5.0 (Windows NT 10.0; WOW64) AppleWebKit/537.36 (KHTML, like Gecko) Chrome/46.0.2490.80 Safari/537.36"
24.7.179.180 - - [01/Nov/2015:14:05:33 -0800] "GET /sta141/Handouts.html HTTP/1.1" 200 488 "http://eeyore.ucdavis.edu/sta141/" "Mozilla/5.0 (Windows NT 6.1; WOW64; rv:41.0) Gecko/20100101 Firefox/41.0"
24.7.179.180 - - [01/Nov/2015:14:05:36 -0800] "GET /sta141/Discussion HTTP/1.1" 404 215 "http://eeyore.ucdavis.edu/sta141/" "Mozilla/5.0 (Windows NT 6.1; WOW64; rv:41.0) Gecko/20100101 Firefox/41.0"
24.7.179.180 - - [01/Nov/2015:14:05:40 -0800] "GET /sta141/Data/ HTTP/1.1" 200 482 "http://eeyore.ucdavis.edu/sta141/" "Mozilla/5.0 (Windows NT 6.1; WOW64; rv:41.0) Gecko/20100101 Firefox/41.0"
24.7.179.180 - - [01/Nov/2015:14:05:42 -0800] "GET /sta141/Data HTTP/1.1" 301 246 "http://eeyore.ucdavis.edu/sta141/" "Mozilla/5.0 (Windows NT 6.1; WOW64; rv:41.0) Gecko/20100101 Firefox/41.0"
24.7.179.180 - - [01/Nov/2015:14:05:46 -0800] "GET /sta141/Books.html HTTP/1.1" 200 5166 "http://eeyore.ucdavis.edu/sta141/" "Mozilla/5.0 (Windows NT 6.1; WOW64; rv:41.0) Gecko/20100101 Firefox/41.0"
107.77.92.76 - - [01/Nov/2015:14:05:53 -0800] "GET /stat141/ HTTP/1.1" 200 4176 "-" "Mozilla/5.0 (iPhone; CPU iPhone OS 9_1 like Mac OS X) AppleWebKit/601.1.46 (KHTML, like Gecko) Version/9.0 Mobile/13B143 Safari/601.1"
24.7.179.180 - - [01/Nov/2015:14:05:53 -0800] "GET /sta141/Software.html HTTP/1.1" 200 2279 "http://eeyore.ucdavis.edu/sta141/" "Mozilla/5.0 (Windows NT 6.1; WOW64; rv:41.0) Gecko/20100101 Firefox/41.0"
107.77.92.76 - - [01/Nov/2015:14:05:53 -0800] "GET /stat141/Class.css HTTP/1.1" 200 1973 "http://eeyore.ucdavis.edu/stat141/" "Mozilla/5.0 (iPhone; CPU iPhone OS 9_1 like Mac OS X) AppleWebKit/601.1.46 (KHTML, like Gecko) Version/9.0 Mobile/13B143 Safari/601.1"
107.77.92.76 - - [01/Nov/2015:14:05:53 -0800] "GET /stat141/yuki.png HTTP/1.1" 200 3719 "http://eeyore.ucdavis.edu/stat141/" "Mozilla/5.0 (iPhone; CPU iPhone OS 9_1 like Mac OS X) AppleWebKit/601.1.46 (KHTML, like Gecko) Version/9.0 Mobile/13B143 Safari/601.1"
107.77.92.76 - - [01/Nov/2015:14:05:53 -0800] "GET /stat141/mcb2.jpg HTTP/1.1" 200 12310 "http://eeyore.ucdavis.edu/stat141/" "Mozilla/5.0 (iPhone; CPU iPhone OS 9_1 like Mac OS X) AppleWebKit/601.1.46 (KHTML, like Gecko) Version/9.0 Mobile/13B143 Safari/601.1"
107.77.92.76 - - [01/Nov/2015:14:05:53 -0800] "GET /stat141/OmegaTech.css HTTP/1.1" 200 5221 "http://eeyore.ucdavis.edu/stat141/" "Mozilla/5.0 (iPhone; CPU iPhone OS 9_1 like Mac OS X) AppleWebKit/601.1.46 (KHTML, like Gecko) Version/9.0 Mobile/13B143 Safari/601.1"
107.77.92.76 - - [01/Nov/2015:14:05:53 -0800] "GET /stat141/html.css HTTP/1.1" 200 92 "http://eeyore.ucdavis.edu/stat141/" "Mozilla/5.0 (iPhone; CPU iPhone OS 9_1 like Mac OS X) AppleWebKit/601.1.46 (KHTML, like Gecko) Version/9.0 Mobile/13B143 Safari/601.1"
107.77.92.76 - - [01/Nov/2015:14:05:54 -0800] "GET /apple-touch-icon-120x120-precomposed.png HTTP/1.1" 404 238 "-" "MobileSafari/601.1 CFNetwork/758.1.6 Darwin/15.0.0"
107.77.92.76 - - [01/Nov/2015:14:05:54 -0800] "GET /apple-touch-icon-120x120.png HTTP/1.1" 404 226 "-" "MobileSafari/601.1 CFNetwork/758.1.6 Darwin/15.0.0"
107.77.92.76 - - [01/Nov/2015:14:05:54 -0800] "GET /apple-touch-icon.png HTTP/1.1" 404 218 "-" "MobileSafari/601.1 CFNetwork/758.1.6 Darwin/15.0.0"
107.77.92.76 - - [01/Nov/2015:14:05:54 -0800] "GET /apple-touch-icon.png HTTP/1.1" 404 218 "-" "MobileSafari/601.1 CFNetwork/758.1.6 Darwin/15.0.0"
107.77.92.76 - - [01/Nov/2015:14:05:54 -0800] "GET /apple-touch-icon-precomposed.png HTTP/1.1" 404 230 "-" "MobileSafari/601.1 CFNetwork/758.1.6 Darwin/15.0.0"
107.77.92.76 - - [01/Nov/2015:14:05:54 -0800] "GET /favicon.ico HTTP/1.1" 404 209 "-" "MobileSafari/601.1 CFNetwork/758.1.6 Darwin/15.0.0"
107.77.92.76 - - [01/Nov/2015:14:05:55 -0800] "GET /stat141/Homeworks.html HTTP/1.1" 200 1432 "http://eeyore.ucdavis.edu/stat141/" "Mozilla/5.0 (iPhone; CPU iPhone OS 9_1 like Mac OS X) AppleWebKit/601.1.46 (KHTML, like Gecko) Version/9.0 Mobile/13B143 Safari/601.1"
107.77.92.76 - - [01/Nov/2015:14:05:56 -0800] "GET /stat141/Hws/assignment3.html HTTP/1.1" 200 4382 "http://eeyore.ucdavis.edu/stat141/Homeworks.html" "Mozilla/5.0 (iPhone; CPU iPhone OS 9_1 like Mac OS X) AppleWebKit/601.1.46 (KHTML, like Gecko) Version/9.0 Mobile/13B143 Safari/601.1"
107.77.92.76 - - [01/Nov/2015:14:05:56 -0800] "GET /stat141/Hws/sampleDigits.png HTTP/1.1" 200 22839 "http://eeyore.ucdavis.edu/stat141/Hws/assignment3.html" "Mozilla/5.0 (iPhone; CPU iPhone OS 9_1 like Mac OS X) AppleWebKit/601.1.46 (KHTML, like Gecko) Version/9.0 Mobile/13B143 Safari/601.1"
68.180.229.48 - - [01/Nov/2015:14:06:09 -0800] "GET /stat250/Sessions.html HTTP/1.1" 404 219 "-" "Mozilla/5.0 (compatible; Yahoo! Slurp; http://help.yahoo.com/help/us/ysearch/slurp)"
24.7.179.180 - - [01/Nov/2015:14:06:10 -0800] "GET /sta141/Resources.html HTTP/1.1" 200 2711 "http://eeyore.ucdavis.edu/sta141/" "Mozilla/5.0 (Windows NT 6.1; WOW64; rv:41.0) Gecko/20100101 Firefox/41.0"
168.150.6.32 - - [01/Nov/2015:14:07:35 -0800] "GET /stat141/Data/digitsTrain.csv HTTP/1.0" 200 9135013 "-" "R (3.2.2 x86_64-apple-darwin13.4.0 x86_64 darwin13.4.0)"
24.7.179.180 - - [01/Nov/2015:14:08:18 -0800] "GET /sta141/Lectures.html HTTP/1.1" 304 - "http://eeyore.ucdavis.edu/sta141/" "Mozilla/5.0 (Windows NT 6.1; WOW64; rv:41.0) Gecko/20100101 Firefox/41.0"
24.7.179.180 - - [01/Nov/2015:14:08:20 -0800] "GET /sta141/data.R HTTP/1.1" 200 977 "http://eeyore.ucdavis.edu/sta141/Lectures.html" "Mozilla/5.0 (Windows NT 6.1; WOW64; rv:41.0) Gecko/20100101 Firefox/41.0"
66.249.64.13 - - [01/Nov/2015:14:08:43 -0800] "GET /stat141/Code/Session1.txt HTTP/1.1" 404 223 "-" "Mozilla/5.0 (compatible; Googlebot/2.1; +http://www.google.com/bot.html)"
67.172.180.172 - - [01/Nov/2015:14:11:09 -0800] "GET /stat141/ HTTP/1.1" 304 - "-" "Mozilla/5.0 (Macintosh; Intel Mac OS X 10.10; rv:41.0) Gecko/20100101 Firefox/41.0"
67.172.180.172 - - [01/Nov/2015:14:11:09 -0800] "GET /stat141/Class.css HTTP/1.1" 304 - "http://eeyore.ucdavis.edu/stat141/" "Mozilla/5.0 (Macintosh; Intel Mac OS X 10.10; rv:41.0) Gecko/20100101 Firefox/41.0"
67.172.180.172 - - [01/Nov/2015:14:11:09 -0800] "GET /stat141/OmegaTech.css HTTP/1.1" 304 - "http://eeyore.ucdavis.edu/stat141/Class.css" "Mozilla/5.0 (Macintosh; Intel Mac OS X 10.10; rv:41.0) Gecko/20100101 Firefox/41.0"
67.172.180.172 - - [01/Nov/2015:14:11:09 -0800] "GET /stat141/html.css HTTP/1.1" 304 - "http://eeyore.ucdavis.edu/stat141/OmegaTech.css" "Mozilla/5.0 (Macintosh; Intel Mac OS X 10.10; rv:41.0) Gecko/20100101 Firefox/41.0"
67.172.180.172 - - [01/Nov/2015:14:11:09 -0800] "GET /favicon.ico HTTP/1.1" 404 209 "-" "Mozilla/5.0 (Macintosh; Intel Mac OS X 10.10; rv:41.0) Gecko/20100101 Firefox/41.0"
67.172.180.172 - - [01/Nov/2015:14:11:12 -0800] "GET /stat141/Lectures.html HTTP/1.1" 200 5227 "http://eeyore.ucdavis.edu/stat141/" "Mozilla/5.0 (Macintosh; Intel Mac OS X 10.10; rv:41.0) Gecko/20100101 Firefox/41.0"
67.172.180.172 - - [01/Nov/2015:14:11:15 -0800] "GET /stat141/Homeworks.html HTTP/1.1" 304 - "http://eeyore.ucdavis.edu/stat141/" "Mozilla/5.0 (Macintosh; Intel Mac OS X 10.10; rv:41.0) Gecko/20100101 Firefox/41.0"
67.172.180.172 - - [01/Nov/2015:14:11:23 -0800] "GET /stat141/Hws/assignment3.html HTTP/1.1" 304 - "http://eeyore.ucdavis.edu/stat141/Homeworks.html" "Mozilla/5.0 (Macintosh; Intel Mac OS X 10.10; rv:41.0) Gecko/20100101 Firefox/41.0"
67.172.180.172 - - [01/Nov/2015:14:11:23 -0800] "GET /stat141/Hws/sampleDigits.png HTTP/1.1" 304 - "http://eeyore.ucdavis.edu/stat141/Hws/assignment3.html" "Mozilla/5.0 (Macintosh; Intel Mac OS X 10.10; rv:41.0) Gecko/20100101 Firefox/41.0"
66.249.84.181 - - [01/Nov/2015:14:11:44 -0800] "GET / HTTP/1.1" 200 - "-" "Google favicon"
66.249.84.181 - - [01/Nov/2015:14:11:45 -0800] "GET /favicon.ico HTTP/1.1" 404 209 "-" "Google favicon"
73.41.85.35 - - [01/Nov/2015:14:12:23 -0800] "GET /stat141/Class.css HTTP/1.1" 304 - "http://eeyore.ucdavis.edu/stat141/" "Mozilla/5.0 (Macintosh; Intel Mac OS X 10_10_2) AppleWebKit/600.4.8 (KHTML, like Gecko) Version/8.0.3 Safari/600.4.8"
73.41.85.35 - - [01/Nov/2015:14:12:23 -0800] "GET /stat141/OmegaTech.css HTTP/1.1" 304 - "http://eeyore.ucdavis.edu/stat141/" "Mozilla/5.0 (Macintosh; Intel Mac OS X 10_10_2) AppleWebKit/600.4.8 (KHTML, like Gecko) Version/8.0.3 Safari/600.4.8"
73.41.85.35 - - [01/Nov/2015:14:12:23 -0800] "GET /stat141/html.css HTTP/1.1" 304 - "http://eeyore.ucdavis.edu/stat141/" "Mozilla/5.0 (Macintosh; Intel Mac OS X 10_10_2) AppleWebKit/600.4.8 (KHTML, like Gecko) Version/8.0.3 Safari/600.4.8"
73.41.85.35 - - [01/Nov/2015:14:12:23 -0800] "GET /apple-touch-icon-precomposed.png HTTP/1.1" 404 230 "-" "Safari/10600.4.8 CFNetwork/720.2.5 Darwin/14.1.1 (x86_64)"
73.41.85.35 - - [01/Nov/2015:14:12:23 -0800] "GET /apple-touch-icon.png HTTP/1.1" 404 218 "-" "Safari/10600.4.8 CFNetwork/720.2.5 Darwin/14.1.1 (x86_64)"
168.150.126.182 - - [01/Nov/2015:14:12:41 -0800] "GET /stat141/Homeworks.html HTTP/1.1" 200 1432 "http://eeyore.ucdavis.edu/stat141/" "Mozilla/5.0 (Windows NT 10.0; WOW64) AppleWebKit/537.36 (KHTML, like Gecko) Chrome/46.0.2490.80 Safari/537.36"
73.41.85.35 - - [01/Nov/2015:14:12:42 -0800] "GET /stat141/Homeworks.html HTTP/1.1" 304 - "http://eeyore.ucdavis.edu/stat141/" "Mozilla/5.0 (Macintosh; Intel Mac OS X 10_10_2) AppleWebKit/600.4.8 (KHTML, like Gecko) Version/8.0.3 Safari/600.4.8"
73.41.85.35 - - [01/Nov/2015:14:12:43 -0800] "GET /apple-touch-icon-precomposed.png HTTP/1.1" 404 230 "-" "Safari/10600.4.8 CFNetwork/720.2.5 Darwin/14.1.1 (x86_64)"
73.41.85.35 - - [01/Nov/2015:14:12:43 -0800] "GET /apple-touch-icon.png HTTP/1.1" 404 218 "-" "Safari/10600.4.8 CFNetwork/720.2.5 Darwin/14.1.1 (x86_64)"
168.150.126.182 - - [01/Nov/2015:14:12:44 -0800] "GET /stat141/Lectures.html HTTP/1.1" 200 5227 "http://eeyore.ucdavis.edu/stat141/" "Mozilla/5.0 (Windows NT 10.0; WOW64) AppleWebKit/537.36 (KHTML, like Gecko) Chrome/46.0.2490.80 Safari/537.36"
73.41.85.35 - - [01/Nov/2015:14:12:44 -0800] "GET /stat141/Hws/assignment3.html HTTP/1.1" 304 - "http://eeyore.ucdavis.edu/stat141/Homeworks.html" "Mozilla/5.0 (Macintosh; Intel Mac OS X 10_10_2) AppleWebKit/600.4.8 (KHTML, like Gecko) Version/8.0.3 Safari/600.4.8"
73.41.85.35 - - [01/Nov/2015:14:12:44 -0800] "GET /stat141/Hws/sampleDigits.png HTTP/1.1" 304 - "http://eeyore.ucdavis.edu/stat141/Hws/assignment3.html" "Mozilla/5.0 (Macintosh; Intel Mac OS X 10_10_2) AppleWebKit/600.4.8 (KHTML, like Gecko) Version/8.0.3 Safari/600.4.8"
73.41.85.35 - - [01/Nov/2015:14:12:44 -0800] "GET /apple-touch-icon-precomposed.png HTTP/1.1" 404 230 "-" "Safari/10600.4.8 CFNetwork/720.2.5 Darwin/14.1.1 (x86_64)"
73.41.85.35 - - [01/Nov/2015:14:12:44 -0800] "GET /apple-touch-icon.png HTTP/1.1" 404 218 "-" "Safari/10600.4.8 CFNetwork/720.2.5 Darwin/14.1.1 (x86_64)"
168.150.126.182 - - [01/Nov/2015:14:12:50 -0800] "GET /stat141/Hws/assignment3.html HTTP/1.1" 304 - "http://eeyore.ucdavis.edu/stat141/Homeworks.html" "Mozilla/5.0 (Windows NT 10.0; WOW64) AppleWebKit/537.36 (KHTML, like Gecko) Chrome/46.0.2490.80 Safari/537.36"
168.150.126.182 - - [01/Nov/2015:14:12:50 -0800] "GET /stat141/Hws/sampleDigits.png HTTP/1.1" 304 - "http://eeyore.ucdavis.edu/stat141/Hws/assignment3.html" "Mozilla/5.0 (Windows NT 10.0; WOW64) AppleWebKit/537.36 (KHTML, like Gecko) Chrome/46.0.2490.80 Safari/537.36"
76.20.47.132 - - [01/Nov/2015:14:12:59 -0800] "GET /stat141/ HTTP/1.1" 200 4176 "-" "Mozilla/5.0 (Macintosh; Intel Mac OS X 10_11_1) AppleWebKit/537.36 (KHTML, like Gecko) Chrome/46.0.2490.80 Safari/537.36"
76.20.47.132 - - [01/Nov/2015:14:12:59 -0800] "GET /stat141/Class.css HTTP/1.1" 200 1973 "http://eeyore.ucdavis.edu/stat141/" "Mozilla/5.0 (Macintosh; Intel Mac OS X 10_11_1) AppleWebKit/537.36 (KHTML, like Gecko) Chrome/46.0.2490.80 Safari/537.36"
76.20.47.132 - - [01/Nov/2015:14:12:59 -0800] "GET /stat141/yuki.png HTTP/1.1" 200 3719 "http://eeyore.ucdavis.edu/stat141/" "Mozilla/5.0 (Macintosh; Intel Mac OS X 10_11_1) AppleWebKit/537.36 (KHTML, like Gecko) Chrome/46.0.2490.80 Safari/537.36"
76.20.47.132 - - [01/Nov/2015:14:12:59 -0800] "GET /stat141/mcb2.jpg HTTP/1.1" 200 12310 "http://eeyore.ucdavis.edu/stat141/" "Mozilla/5.0 (Macintosh; Intel Mac OS X 10_11_1) AppleWebKit/537.36 (KHTML, like Gecko) Chrome/46.0.2490.80 Safari/537.36"
