98.255.224.109 - - [01/Nov/2015:15:34:35 -0800] "GET /stat141/Class.css HTTP/1.1" 304 - "http://eeyore.ucdavis.edu/stat141/" "Mozilla/5.0 (Windows NT 6.1; Win64; x64) AppleWebKit/537.36 (KHTML, like Gecko) Chrome/46.0.2490.80 Safari/537.36"
98.255.224.109 - - [01/Nov/2015:15:34:35 -0800] "GET /stat141/OmegaTech.css HTTP/1.1" 304 - "http://eeyore.ucdavis.edu/stat141/" "Mozilla/5.0 (Windows NT 6.1; Win64; x64) AppleWebKit/537.36 (KHTML, like Gecko) Chrome/46.0.2490.80 Safari/537.36"
98.255.224.109 - - [01/Nov/2015:15:34:35 -0800] "GET /stat141/html.css HTTP/1.1" 304 - "http://eeyore.ucdavis.edu/stat141/" "Mozilla/5.0 (Windows NT 6.1; Win64; x64) AppleWebKit/537.36 (KHTML, like Gecko) Chrome/46.0.2490.80 Safari/537.36"
98.255.224.109 - - [01/Nov/2015:15:34:35 -0800] "GET /favicon.ico HTTP/1.1" 404 209 "http://eeyore.ucdavis.edu/stat141/" "Mozilla/5.0 (Windows NT 6.1; Win64; x64) AppleWebKit/537.36 (KHTML, like Gecko) Chrome/46.0.2490.80 Safari/537.36"
168.150.6.32 - - [01/Nov/2015:15:34:35 -0800] "GET /stat141/Hws/assignment3.html HTTP/1.1" 200 4382 "http://eeyore.ucdavis.edu/stat141/Homeworks.html" "Mozilla/5.0 (Macintosh; Intel Mac OS X 10_10_5) AppleWebKit/600.8.9 (KHTML, like Gecko) Version/8.0.8 Safari/600.8.9"
168.150.6.32 - - [01/Nov/2015:15:34:35 -0800] "GET /stat141/Hws/sampleDigits.png HTTP/1.1" 200 22839 "http://eeyore.ucdavis.edu/stat141/Hws/assignment3.html" "Mozilla/5.0 (Macintosh; Intel Mac OS X 10_10_5) AppleWebKit/600.8.9 (KHTML, like Gecko) Version/8.0.8 Safari/600.8.9"
98.255.224.109 - - [01/Nov/2015:15:34:37 -0800] "GET /stat141/Homeworks.html HTTP/1.1" 304 - "http://eeyore.ucdavis.edu/stat141/" "Mozilla/5.0 (Windows NT 6.1; Win64; x64) AppleWebKit/537.36 (KHTML, like Gecko) Chrome/46.0.2490.80 Safari/537.36"
98.255.224.109 - - [01/Nov/2015:15:34:38 -0800] "GET /stat141/Hws/assignment3.html HTTP/1.1" 304 - "http://eeyore.ucdavis.edu/stat141/Homeworks.html" "Mozilla/5.0 (Windows NT 6.1; Win64; x64) AppleWebKit/537.36 (KHTML, like Gecko) Chrome/46.0.2490.80 Safari/537.36"
98.255.224.109 - - [01/Nov/2015:15:34:38 -0800] "GET /stat141/Hws/sampleDigits.png HTTP/1.1" 304 - "http://eeyore.ucdavis.edu/stat141/Hws/assignment3.html" "Mozilla/5.0 (Windows NT 6.1; Win64; x64) AppleWebKit/537.36 (KHTML, like Gecko) Chrome/46.0.2490.80 Safari/537.36"
168.150.6.32 - - [01/Nov/2015:15:34:56 -0800] "GET /stat141/Hws/drawCode.R HTTP/1.1" 200 351 "http://eeyore.ucdavis.edu/stat141/Hws/assignment3.html" "Mozilla/5.0 (Macintosh; Intel Mac OS X 10_10_5) AppleWebKit/600.8.9 (KHTML, like Gecko) Version/8.0.8 Safari/600.8.9"
107.0.114.141 - - [01/Nov/2015:15:35:09 -0800] "GET /stat141/Hws/assignment3.html HTTP/1.1" 304 - "http://eeyore.ucdavis.edu/stat141/Homeworks.html" "Mozilla/5.0 (Macintosh; Intel Mac OS X 10_10_2) AppleWebKit/537.36 (KHTML, like Gecko) Chrome/46.0.2490.80 Safari/537.36"
107.0.114.141 - - [01/Nov/2015:15:35:09 -0800] "GET /stat141/Class.css HTTP/1.1" 304 - "http://eeyore.ucdavis.edu/stat141/Hws/assignment3.html" "Mozilla/5.0 (Macintosh; Intel Mac OS X 10_10_2) AppleWebKit/537.36 (KHTML, like Gecko) Chrome/46.0.2490.80 Safari/537.36"
107.0.114.141 - - [01/Nov/2015:15:35:09 -0800] "GET /stat141/Hws/sampleDigits.png HTTP/1.1" 304 - "http://eeyore.ucdavis.edu/stat141/Hws/assignment3.html" "Mozilla/5.0 (Macintosh; Intel Mac OS X 10_10_2) AppleWebKit/537.36 (KHTML, like Gecko) Chrome/46.0.2490.80 Safari/537.36"
107.0.114.141 - - [01/Nov/2015:15:35:09 -0800] "GET /stat141/OmegaTech.css HTTP/1.1" 304 - "http://eeyore.ucdavis.edu/stat141/Hws/assignment3.html" "Mozilla/5.0 (Macintosh; Intel Mac OS X 10_10_2) AppleWebKit/537.36 (KHTML, like Gecko) Chrome/46.0.2490.80 Safari/537.36"
107.0.114.141 - - [01/Nov/2015:15:35:09 -0800] "GET /stat141/html.css HTTP/1.1" 304 - "http://eeyore.ucdavis.edu/stat141/Hws/assignment3.html" "Mozilla/5.0 (Macintosh; Intel Mac OS X 10_10_2) AppleWebKit/537.36 (KHTML, like Gecko) Chrome/46.0.2490.80 Safari/537.36"
168.150.27.191 - - [01/Nov/2015:15:35:23 -0800] "GET /stat141/Hws/knn.html HTTP/1.1" 200 1812 "http://eeyore.ucdavis.edu/stat141/Hws/assignment3.html" "Mozilla/5.0 (Windows NT 6.1; WOW64) AppleWebKit/537.36 (KHTML, like Gecko) Chrome/46.0.2490.71 Safari/537.36"
168.150.27.191 - - [01/Nov/2015:15:35:23 -0800] "GET /stat141/Class.css HTTP/1.1" 304 - "http://eeyore.ucdavis.edu/stat141/Hws/knn.html" "Mozilla/5.0 (Windows NT 6.1; WOW64) AppleWebKit/537.36 (KHTML, like Gecko) Chrome/46.0.2490.71 Safari/537.36"
168.150.27.191 - - [01/Nov/2015:15:35:23 -0800] "GET /stat141/OmegaTech.css HTTP/1.1" 304 - "http://eeyore.ucdavis.edu/stat141/Hws/knn.html" "Mozilla/5.0 (Windows NT 6.1; WOW64) AppleWebKit/537.36 (KHTML, like Gecko) Chrome/46.0.2490.71 Safari/537.36"
168.150.27.191 - - [01/Nov/2015:15:35:23 -0800] "GET /stat141/html.css HTTP/1.1" 304 - "http://eeyore.ucdavis.edu/stat141/Hws/knn.html" "Mozilla/5.0 (Windows NT 6.1; WOW64) AppleWebKit/537.36 (KHTML, like Gecko) Chrome/46.0.2490.71 Safari/537.36"
168.150.27.191 - - [01/Nov/2015:15:35:23 -0800] "GET /stat141/Hws/knn.svg HTTP/1.1" 200 29458 "http://eeyore.ucdavis.edu/stat141/Hws/knn.html" "Mozilla/5.0 (Windows NT 6.1; WOW64) AppleWebKit/537.36 (KHTML, like Gecko) Chrome/46.0.2490.71 Safari/537.36"
46.119.120.70 - - [01/Nov/2015:15:36:07 -0800] "GET /wp-login.php HTTP/1.1" 404 210 "-" "Mozilla/5.0 (Windows NT 6.3; rv:36.0) Gecko/20100101 Firefox/36.0"
46.119.120.70 - - [01/Nov/2015:15:36:07 -0800] "GET /administrator/index.php HTTP/1.1" 404 221 "-" "Mozilla/5.0 (Windows NT 6.3; rv:36.0) Gecko/20100101 Firefox/36.0"
107.0.114.141 - - [01/Nov/2015:15:36:14 -0800] "GET /stat141/Hws/CrossValidation.html HTTP/1.1" 200 3099 "http://eeyore.ucdavis.edu/stat141/Hws/assignment3.html" "Mozilla/5.0 (Macintosh; Intel Mac OS X 10_10_2) AppleWebKit/537.36 (KHTML, like Gecko) Chrome/46.0.2490.80 Safari/537.36"
207.46.13.79 - - [01/Nov/2015:15:37:07 -0800] "GET /robots.txt HTTP/1.1" 404 208 "-" "Mozilla/5.0 (compatible; bingbot/2.0; +http://www.bing.com/bingbot.htm)"
207.46.13.79 - - [01/Nov/2015:15:38:47 -0800] "GET /stat141/Lectures/mannheim.R HTTP/1.1" 404 225 "-" "Mozilla/5.0 (compatible; bingbot/2.0; +http://www.bing.com/bingbot.htm)"
168.150.27.191 - - [01/Nov/2015:15:40:56 -0800] "GET /stat141/ HTTP/1.1" 304 - "-" "Mozilla/5.0 (Windows NT 6.1; WOW64) AppleWebKit/537.36 (KHTML, like Gecko) Chrome/46.0.2490.71 Safari/537.36"
168.150.27.191 - - [01/Nov/2015:15:40:57 -0800] "GET /stat141/mcb2.jpg HTTP/1.1" 304 - "http://eeyore.ucdavis.edu/stat141/" "Mozilla/5.0 (Windows NT 6.1; WOW64) AppleWebKit/537.36 (KHTML, like Gecko) Chrome/46.0.2490.71 Safari/537.36"
168.150.27.191 - - [01/Nov/2015:15:40:57 -0800] "GET /stat141/yuki.png HTTP/1.1" 304 - "http://eeyore.ucdavis.edu/stat141/" "Mozilla/5.0 (Windows NT 6.1; WOW64) AppleWebKit/537.36 (KHTML, like Gecko) Chrome/46.0.2490.71 Safari/537.36"
145.90.65.19 - - [01/Nov/2015:15:40:58 -0800] "GET /stat242/Lectures/Lec3.Rsession HTTP/1.1" 200 28644 "https://www.google.nl/" "Mozilla/5.0 (Macintosh; Intel Mac OS X 10_10_5) AppleWebKit/537.36 (KHTML, like Gecko) Chrome/46.0.2490.71 Safari/537.36"
145.90.65.19 - - [01/Nov/2015:15:40:58 -0800] "GET /favicon.ico HTTP/1.1" 404 209 "http://eeyore.ucdavis.edu/stat242/Lectures/Lec3.Rsession" "Mozilla/5.0 (Macintosh; Intel Mac OS X 10_10_5) AppleWebKit/537.36 (KHTML, like Gecko) Chrome/46.0.2490.71 Safari/537.36"
50.173.37.210 - - [01/Nov/2015:15:42:02 -0800] "GET /stat141/Discussion HTTP/1.1" 404 216 "http://eeyore.ucdavis.edu/stat141/" "Mozilla/5.0 (Macintosh; Intel Mac OS X 10_10_5) AppleWebKit/537.36 (KHTML, like Gecko) Chrome/46.0.2490.80 Safari/537.36"
107.0.114.66 - - [01/Nov/2015:15:43:58 -0800] "GET /stat141/Data/digitsTrain.csv HTTP/1.0" 200 9135013 "-" "R (3.0.2 x86_64-pc-linux-gnu x86_64 linux-gnu)"
99.53.245.226 - - [01/Nov/2015:15:45:16 -0800] "GET /stat141/Class.css HTTP/1.1" 304 - "http://eeyore.ucdavis.edu/stat141/" "Mozilla/5.0 (Macintosh; Intel Mac OS X 10_11_1) AppleWebKit/601.2.7 (KHTML, like Gecko) Version/9.0.1 Safari/601.2.7"
99.53.245.226 - - [01/Nov/2015:15:45:16 -0800] "GET /stat141/OmegaTech.css HTTP/1.1" 304 - "http://eeyore.ucdavis.edu/stat141/" "Mozilla/5.0 (Macintosh; Intel Mac OS X 10_11_1) AppleWebKit/601.2.7 (KHTML, like Gecko) Version/9.0.1 Safari/601.2.7"
99.53.245.226 - - [01/Nov/2015:15:45:16 -0800] "GET /stat141/html.css HTTP/1.1" 304 - "http://eeyore.ucdavis.edu/stat141/" "Mozilla/5.0 (Macintosh; Intel Mac OS X 10_11_1) AppleWebKit/601.2.7 (KHTML, like Gecko) Version/9.0.1 Safari/601.2.7"
73.41.83.41 - - [01/Nov/2015:15:45:22 -0800] "GET /stat141/ HTTP/1.1" 304 - "-" "Mozilla/5.0 (Windows NT 6.3; WOW64) AppleWebKit/537.36 (KHTML, like Gecko) Chrome/46.0.2490.80 Safari/537.36"
73.41.83.41 - - [01/Nov/2015:15:45:22 -0800] "GET /stat141/Class.css HTTP/1.1" 304 - "http://eeyore.ucdavis.edu/stat141/" "Mozilla/5.0 (Windows NT 6.3; WOW64) AppleWebKit/537.36 (KHTML, like Gecko) Chrome/46.0.2490.80 Safari/537.36"
73.41.83.41 - - [01/Nov/2015:15:45:22 -0800] "GET /stat141/OmegaTech.css HTTP/1.1" 304 - "http://eeyore.ucdavis.edu/stat141/" "Mozilla/5.0 (Windows NT 6.3; WOW64) AppleWebKit/537.36 (KHTML, like Gecko) Chrome/46.0.2490.80 Safari/537.36"
73.41.83.41 - - [01/Nov/2015:15:45:22 -0800] "GET /stat141/html.css HTTP/1.1" 304 - "http://eeyore.ucdavis.edu/stat141/" "Mozilla/5.0 (Windows NT 6.3; WOW64) AppleWebKit/537.36 (KHTML, like Gecko) Chrome/46.0.2490.80 Safari/537.36"
73.41.83.41 - - [01/Nov/2015:15:45:22 -0800] "GET /favicon.ico HTTP/1.1" 404 209 "http://eeyore.ucdavis.edu/stat141/" "Mozilla/5.0 (Windows NT 6.3; WOW64) AppleWebKit/537.36 (KHTML, like Gecko) Chrome/46.0.2490.80 Safari/537.36"
107.0.114.66 - - [01/Nov/2015:15:45:16 -0800] "GET /stat141/Data/digitsTrain.csv HTTP/1.0" 200 9135013 "-" "R (3.0.2 x86_64-pc-linux-gnu x86_64 linux-gnu)"
73.41.83.41 - - [01/Nov/2015:15:45:43 -0800] "GET /sta141/ HTTP/1.1" 200 4176 "-" "Mozilla/5.0 (Windows NT 6.3; WOW64) AppleWebKit/537.36 (KHTML, like Gecko) Chrome/46.0.2490.80 Safari/537.36"
73.41.83.41 - - [01/Nov/2015:15:45:43 -0800] "GET /sta141/Class.css HTTP/1.1" 200 1973 "http://eeyore.ucdavis.edu/sta141/" "Mozilla/5.0 (Windows NT 6.3; WOW64) AppleWebKit/537.36 (KHTML, like Gecko) Chrome/46.0.2490.80 Safari/537.36"
73.41.83.41 - - [01/Nov/2015:15:45:43 -0800] "GET /sta141/OmegaTech.css HTTP/1.1" 200 5221 "http://eeyore.ucdavis.edu/sta141/" "Mozilla/5.0 (Windows NT 6.3; WOW64) AppleWebKit/537.36 (KHTML, like Gecko) Chrome/46.0.2490.80 Safari/537.36"
73.41.83.41 - - [01/Nov/2015:15:45:43 -0800] "GET /sta141/mcb2.jpg HTTP/1.1" 200 12310 "http://eeyore.ucdavis.edu/sta141/" "Mozilla/5.0 (Windows NT 6.3; WOW64) AppleWebKit/537.36 (KHTML, like Gecko) Chrome/46.0.2490.80 Safari/537.36"
73.41.83.41 - - [01/Nov/2015:15:45:43 -0800] "GET /sta141/yuki.png HTTP/1.1" 200 3719 "http://eeyore.ucdavis.edu/sta141/" "Mozilla/5.0 (Windows NT 6.3; WOW64) AppleWebKit/537.36 (KHTML, like Gecko) Chrome/46.0.2490.80 Safari/537.36"
73.41.83.41 - - [01/Nov/2015:15:45:43 -0800] "GET /sta141/html.css HTTP/1.1" 200 92 "http://eeyore.ucdavis.edu/sta141/" "Mozilla/5.0 (Windows NT 6.3; WOW64) AppleWebKit/537.36 (KHTML, like Gecko) Chrome/46.0.2490.80 Safari/537.36"
73.41.83.41 - - [01/Nov/2015:15:45:43 -0800] "GET /favicon.ico HTTP/1.1" 404 209 "http://eeyore.ucdavis.edu/sta141/" "Mozilla/5.0 (Windows NT 6.3; WOW64) AppleWebKit/537.36 (KHTML, like Gecko) Chrome/46.0.2490.80 Safari/537.36"
73.41.83.41 - - [01/Nov/2015:15:45:47 -0800] "GET /sta141/Homeworks.html HTTP/1.1" 200 1432 "http://eeyore.ucdavis.edu/sta141/" "Mozilla/5.0 (Windows NT 6.3; WOW64) AppleWebKit/537.36 (KHTML, like Gecko) Chrome/46.0.2490.80 Safari/537.36"
73.41.83.41 - - [01/Nov/2015:15:46:25 -0800] "GET /sta141/Hws/assignment3.html HTTP/1.1" 200 4382 "http://eeyore.ucdavis.edu/sta141/Homeworks.html" "Mozilla/5.0 (Windows NT 6.3; WOW64) AppleWebKit/537.36 (KHTML, like Gecko) Chrome/46.0.2490.80 Safari/537.36"
73.41.83.41 - - [01/Nov/2015:15:46:25 -0800] "GET /sta141/Hws/sampleDigits.png HTTP/1.1" 200 22839 "http://eeyore.ucdavis.edu/sta141/Hws/assignment3.html" "Mozilla/5.0 (Windows NT 6.3; WOW64) AppleWebKit/537.36 (KHTML, like Gecko) Chrome/46.0.2490.80 Safari/537.36"
66.249.64.3 - - [01/Nov/2015:15:46:26 -0800] "GET /stat141/Hws/CrossValidation.html HTTP/1.1" 200 3099 "-" "Mozilla/5.0 (iPhone; CPU iPhone OS 8_3 like Mac OS X) AppleWebKit/600.1.4 (KHTML, like Gecko) Version/8.0 Mobile/12F70 Safari/600.1.4 (compatible; Googlebot/2.1; +http://www.google.com/bot.html)"
73.41.83.41 - - [01/Nov/2015:15:46:27 -0800] "GET /sta141/Data/digitsTrain.csv HTTP/1.1" 200 9135013 "http://eeyore.ucdavis.edu/sta141/Hws/assignment3.html" "Mozilla/5.0 (Windows NT 6.3; WOW64) AppleWebKit/537.36 (KHTML, like Gecko) Chrome/46.0.2490.80 Safari/537.36"
99.121.201.99 - - [01/Nov/2015:15:47:40 -0800] "GET /sta141/ HTTP/1.1" 304 - "-" "Mozilla/5.0 (Macintosh; Intel Mac OS X 10_6_8) AppleWebKit/537.36 (KHTML, like Gecko) Chrome/46.0.2490.80 Safari/537.36"
99.121.201.99 - - [01/Nov/2015:15:47:43 -0800] "GET /sta141/Class.css HTTP/1.1" 304 - "http://eeyore.ucdavis.edu/sta141/" "Mozilla/5.0 (Macintosh; Intel Mac OS X 10_6_8) AppleWebKit/537.36 (KHTML, like Gecko) Chrome/46.0.2490.80 Safari/537.36"
107.0.114.66 - - [01/Nov/2015:15:47:45 -0800] "GET /stat141/Homeworks.html HTTP/1.1" 304 - "-" "Mozilla/5.0 (X11; Ubuntu; Linux x86_64; rv:41.0) Gecko/20100101 Firefox/41.0"
107.0.114.66 - - [01/Nov/2015:15:47:45 -0800] "GET /stat141/Class.css HTTP/1.1" 304 - "http://eeyore.ucdavis.edu/stat141/Homeworks.html" "Mozilla/5.0 (X11; Ubuntu; Linux x86_64; rv:41.0) Gecko/20100101 Firefox/41.0"
107.0.114.66 - - [01/Nov/2015:15:47:45 -0800] "GET /stat141/OmegaTech.css HTTP/1.1" 304 - "http://eeyore.ucdavis.edu/stat141/Class.css" "Mozilla/5.0 (X11; Ubuntu; Linux x86_64; rv:41.0) Gecko/20100101 Firefox/41.0"
107.0.114.66 - - [01/Nov/2015:15:47:45 -0800] "GET /stat141/html.css HTTP/1.1" 304 - "http://eeyore.ucdavis.edu/stat141/OmegaTech.css" "Mozilla/5.0 (X11; Ubuntu; Linux x86_64; rv:41.0) Gecko/20100101 Firefox/41.0"
107.0.114.66 - - [01/Nov/2015:15:47:45 -0800] "GET /favicon.ico HTTP/1.1" 404 209 "-" "Mozilla/5.0 (X11; Ubuntu; Linux x86_64; rv:41.0) Gecko/20100101 Firefox/41.0"
107.0.114.66 - - [01/Nov/2015:15:47:45 -0800] "GET /favicon.ico HTTP/1.1" 404 209 "-" "Mozilla/5.0 (X11; Ubuntu; Linux x86_64; rv:41.0) Gecko/20100101 Firefox/41.0"
107.0.114.66 - - [01/Nov/2015:15:47:47 -0800] "GET /stat141/Hws/assignment3.html HTTP/1.1" 304 - "http://eeyore.ucdavis.edu/stat141/Homeworks.html" "Mozilla/5.0 (X11; Ubuntu; Linux x86_64; rv:41.0) Gecko/20100101 Firefox/41.0"
107.0.114.66 - - [01/Nov/2015:15:47:47 -0800] "GET /stat141/Hws/sampleDigits.png HTTP/1.1" 304 - "http://eeyore.ucdavis.edu/stat141/Hws/assignment3.html" "Mozilla/5.0 (X11; Ubuntu; Linux x86_64; rv:41.0) Gecko/20100101 Firefox/41.0"
99.121.201.99 - - [01/Nov/2015:15:47:47 -0800] "GET /sta141/OmegaTech.css HTTP/1.1" 304 - "http://eeyore.ucdavis.edu/sta141/" "Mozilla/5.0 (Macintosh; Intel Mac OS X 10_6_8) AppleWebKit/537.36 (KHTML, like Gecko) Chrome/46.0.2490.80 Safari/537.36"
99.121.201.99 - - [01/Nov/2015:15:47:52 -0800] "GET /sta141/html.css HTTP/1.1" 304 - "http://eeyore.ucdavis.edu/sta141/" "Mozilla/5.0 (Macintosh; Intel Mac OS X 10_6_8) AppleWebKit/537.36 (KHTML, like Gecko) Chrome/46.0.2490.80 Safari/537.36"
99.121.201.99 - - [01/Nov/2015:15:47:52 -0800] "GET /sta141/yuki.png HTTP/1.1" 304 - "http://eeyore.ucdavis.edu/sta141/" "Mozilla/5.0 (Macintosh; Intel Mac OS X 10_6_8) AppleWebKit/537.36 (KHTML, like Gecko) Chrome/46.0.2490.80 Safari/537.36"
99.121.201.99 - - [01/Nov/2015:15:47:55 -0800] "GET /sta141/mcb2.jpg HTTP/1.1" 304 - "http://eeyore.ucdavis.edu/sta141/" "Mozilla/5.0 (Macintosh; Intel Mac OS X 10_6_8) AppleWebKit/537.36 (KHTML, like Gecko) Chrome/46.0.2490.80 Safari/537.36"
99.121.201.99 - - [01/Nov/2015:15:48:28 -0800] "GET /sta141/Lectures.html HTTP/1.1" 200 5227 "http://eeyore.ucdavis.edu/sta141/" "Mozilla/5.0 (Macintosh; Intel Mac OS X 10_6_8) AppleWebKit/537.36 (KHTML, like Gecko) Chrome/46.0.2490.80 Safari/537.36"
107.0.114.141 - - [01/Nov/2015:15:49:04 -0800] "GET /stat141/ HTTP/1.1" 304 - "-" "Mozilla/5.0 (Macintosh; Intel Mac OS X 10_10_2) AppleWebKit/537.36 (KHTML, like Gecko) Chrome/46.0.2490.80 Safari/537.36"
107.0.114.141 - - [01/Nov/2015:15:49:04 -0800] "GET /stat141/mcb2.jpg HTTP/1.1" 304 - "http://eeyore.ucdavis.edu/stat141/" "Mozilla/5.0 (Macintosh; Intel Mac OS X 10_10_2) AppleWebKit/537.36 (KHTML, like Gecko) Chrome/46.0.2490.80 Safari/537.36"
107.0.114.141 - - [01/Nov/2015:15:49:04 -0800] "GET /stat141/yuki.png HTTP/1.1" 304 - "http://eeyore.ucdavis.edu/stat141/" "Mozilla/5.0 (Macintosh; Intel Mac OS X 10_10_2) AppleWebKit/537.36 (KHTML, like Gecko) Chrome/46.0.2490.80 Safari/537.36"
168.150.5.131 - - [01/Nov/2015:15:49:10 -0800] "GET /stat141/Discussion HTTP/1.1" 404 216 "http://eeyore.ucdavis.edu/stat141/" "Mozilla/5.0 (Macintosh; Intel Mac OS X 10_10_2) AppleWebKit/537.36 (KHTML, like Gecko) Chrome/46.0.2490.80 Safari/537.36"
168.150.5.131 - - [01/Nov/2015:15:49:15 -0800] "GET /stat141/Discussion HTTP/1.1" 404 216 "http://eeyore.ucdavis.edu/stat141/" "Mozilla/5.0 (Macintosh; Intel Mac OS X 10_10_2) AppleWebKit/537.36 (KHTML, like Gecko) Chrome/46.0.2490.80 Safari/537.36"
168.150.5.131 - - [01/Nov/2015:15:49:18 -0800] "GET /stat141/Lectures.html HTTP/1.1" 200 5227 "http://eeyore.ucdavis.edu/stat141/" "Mozilla/5.0 (Macintosh; Intel Mac OS X 10_10_2) AppleWebKit/537.36 (KHTML, like Gecko) Chrome/46.0.2490.80 Safari/537.36"
168.150.5.131 - - [01/Nov/2015:15:50:09 -0800] "GET /stat141/Handouts.html HTTP/1.1" 200 488 "http://eeyore.ucdavis.edu/stat141/" "Mozilla/5.0 (Macintosh; Intel Mac OS X 10_10_2) AppleWebKit/537.36 (KHTML, like Gecko) Chrome/46.0.2490.80 Safari/537.36"
168.150.5.131 - - [01/Nov/2015:15:50:19 -0800] "GET /stat141/Resources.html HTTP/1.1" 200 2711 "http://eeyore.ucdavis.edu/stat141/" "Mozilla/5.0 (Macintosh; Intel Mac OS X 10_10_2) AppleWebKit/537.36 (KHTML, like Gecko) Chrome/46.0.2490.80 Safari/537.36"
168.150.5.131 - - [01/Nov/2015:15:50:30 -0800] "GET /stat141/Discussion HTTP/1.1" 404 216 "http://eeyore.ucdavis.edu/stat141/" "Mozilla/5.0 (Macintosh; Intel Mac OS X 10_10_2) AppleWebKit/537.36 (KHTML, like Gecko) Chrome/46.0.2490.80 Safari/537.36"
66.249.64.3 - - [01/Nov/2015:15:50:36 -0800] "GET /stat141/Data/ HTTP/1.1" 304 - "-" "Mozilla/5.0 (iPhone; CPU iPhone OS 8_3 like Mac OS X) AppleWebKit/600.1.4 (KHTML, like Gecko) Version/8.0 Mobile/12F70 Safari/600.1.4 (compatible; Googlebot/2.1; +http://www.google.com/bot.html)"
169.237.31.161 - - [01/Nov/2015:15:50:44 -0800] "GET /stat141/Homeworks.html HTTP/1.1" 304 - "http://eeyore.ucdavis.edu/stat141/" "Mozilla/5.0 (Macintosh; Intel Mac OS X 10_11_0) AppleWebKit/537.36 (KHTML, like Gecko) Chrome/46.0.2490.80 Safari/537.36"
107.0.114.152 - - [01/Nov/2015:15:52:25 -0800] "GET /stat141/ HTTP/1.1" 304 - "-" "Mozilla/5.0 (Windows NT 6.2; WOW64) AppleWebKit/537.36 (KHTML, like Gecko) Chrome/45.0.2454.101 Safari/537.36"
107.0.114.152 - - [01/Nov/2015:15:52:25 -0800] "GET /stat141/Class.css HTTP/1.1" 304 - "http://eeyore.ucdavis.edu/stat141/" "Mozilla/5.0 (Windows NT 6.2; WOW64) AppleWebKit/537.36 (KHTML, like Gecko) Chrome/45.0.2454.101 Safari/537.36"
107.0.114.152 - - [01/Nov/2015:15:52:25 -0800] "GET /stat141/OmegaTech.css HTTP/1.1" 304 - "http://eeyore.ucdavis.edu/stat141/" "Mozilla/5.0 (Windows NT 6.2; WOW64) AppleWebKit/537.36 (KHTML, like Gecko) Chrome/45.0.2454.101 Safari/537.36"
107.0.114.152 - - [01/Nov/2015:15:52:25 -0800] "GET /stat141/html.css HTTP/1.1" 304 - "http://eeyore.ucdavis.edu/stat141/" "Mozilla/5.0 (Windows NT 6.2; WOW64) AppleWebKit/537.36 (KHTML, like Gecko) Chrome/45.0.2454.101 Safari/537.36"
107.0.114.152 - - [01/Nov/2015:15:52:26 -0800] "GET /favicon.ico HTTP/1.1" 404 209 "http://eeyore.ucdavis.edu/stat141/" "Mozilla/5.0 (Windows NT 6.2; WOW64) AppleWebKit/537.36 (KHTML, like Gecko) Chrome/45.0.2454.101 Safari/537.36"
107.0.114.152 - - [01/Nov/2015:15:52:27 -0800] "GET /stat141/Homeworks.html HTTP/1.1" 304 - "http://eeyore.ucdavis.edu/stat141/" "Mozilla/5.0 (Windows NT 6.2; WOW64) AppleWebKit/537.36 (KHTML, like Gecko) Chrome/45.0.2454.101 Safari/537.36"
107.0.114.152 - - [01/Nov/2015:15:52:28 -0800] "GET /stat141/Hws/assignment3.html HTTP/1.1" 304 - "http://eeyore.ucdavis.edu/stat141/Homeworks.html" "Mozilla/5.0 (Windows NT 6.2; WOW64) AppleWebKit/537.36 (KHTML, like Gecko) Chrome/45.0.2454.101 Safari/537.36"
107.0.114.152 - - [01/Nov/2015:15:52:28 -0800] "GET /stat141/Hws/sampleDigits.png HTTP/1.1" 304 - "http://eeyore.ucdavis.edu/stat141/Hws/assignment3.html" "Mozilla/5.0 (Windows NT 6.2; WOW64) AppleWebKit/537.36 (KHTML, like Gecko) Chrome/45.0.2454.101 Safari/537.36"
169.237.31.161 - - [01/Nov/2015:15:53:30 -0800] "GET /stat141/Hws/knn.html HTTP/1.1" 200 1812 "http://eeyore.ucdavis.edu/stat141/Hws/assignment3.html" "Mozilla/5.0 (Macintosh; Intel Mac OS X 10_11_0) AppleWebKit/537.36 (KHTML, like Gecko) Chrome/46.0.2490.80 Safari/537.36"
169.237.31.161 - - [01/Nov/2015:15:53:30 -0800] "GET /stat141/Hws/knn.svg HTTP/1.1" 200 29458 "http://eeyore.ucdavis.edu/stat141/Hws/knn.html" "Mozilla/5.0 (Macintosh; Intel Mac OS X 10_11_0) AppleWebKit/537.36 (KHTML, like Gecko) Chrome/46.0.2490.80 Safari/537.36"
73.41.83.41 - - [01/Nov/2015:15:53:32 -0800] "GET /sta141/Data/digitsTrain.csv HTTP/1.1" 200 9135013 "-" "R (3.2.2 x86_64-w64-mingw32 x86_64 mingw32)"
99.53.245.226 - - [01/Nov/2015:15:53:35 -0800] "GET /stat141/Hws/drawCode.R HTTP/1.1" 200 351 "http://eeyore.ucdavis.edu/stat141/Hws/assignment3.html" "Mozilla/5.0 (Macintosh; Intel Mac OS X 10_11_1) AppleWebKit/601.2.7 (KHTML, like Gecko) Version/9.0.1 Safari/601.2.7"
169.237.31.161 - - [01/Nov/2015:15:53:42 -0800] "GET /stat141/Hws/CrossValidation.html HTTP/1.1" 200 3099 "http://eeyore.ucdavis.edu/stat141/Hws/assignment3.html" "Mozilla/5.0 (Macintosh; Intel Mac OS X 10_11_0) AppleWebKit/537.36 (KHTML, like Gecko) Chrome/46.0.2490.80 Safari/537.36"
168.150.123.81 - - [01/Nov/2015:15:54:02 -0800] "GET /stat141/ HTTP/1.1" 304 - "-" "Mozilla/5.0 (Macintosh; Intel Mac OS X 10_11_1) AppleWebKit/537.36 (KHTML, like Gecko) Chrome/46.0.2490.80 Safari/537.36"
168.150.123.81 - - [01/Nov/2015:15:54:02 -0800] "GET /stat141/Class.css HTTP/1.1" 304 - "http://eeyore.ucdavis.edu/stat141/" "Mozilla/5.0 (Macintosh; Intel Mac OS X 10_11_1) AppleWebKit/537.36 (KHTML, like Gecko) Chrome/46.0.2490.80 Safari/537.36"
168.150.123.81 - - [01/Nov/2015:15:54:02 -0800] "GET /stat141/OmegaTech.css HTTP/1.1" 304 - "http://eeyore.ucdavis.edu/stat141/" "Mozilla/5.0 (Macintosh; Intel Mac OS X 10_11_1) AppleWebKit/537.36 (KHTML, like Gecko) Chrome/46.0.2490.80 Safari/537.36"
168.150.123.81 - - [01/Nov/2015:15:54:02 -0800] "GET /stat141/html.css HTTP/1.1" 304 - "http://eeyore.ucdavis.edu/stat141/" "Mozilla/5.0 (Macintosh; Intel Mac OS X 10_11_1) AppleWebKit/537.36 (KHTML, like Gecko) Chrome/46.0.2490.80 Safari/537.36"
99.53.245.226 - - [01/Nov/2015:15:54:03 -0800] "GET /stat141/Data/digitsTrain.csv HTTP/1.1" 200 9135013 "http://eeyore.ucdavis.edu/stat141/Hws/assignment3.html" "Mozilla/5.0 (Macintosh; Intel Mac OS X 10_11_1) AppleWebKit/601.2.7 (KHTML, like Gecko) Version/9.0.1 Safari/601.2.7"
76.20.47.132 - - [01/Nov/2015:15:54:58 -0800] "GET /stat141/Hws/knn.html HTTP/1.1" 200 1812 "http://eeyore.ucdavis.edu/stat141/Hws/assignment3.html" "Mozilla/5.0 (Macintosh; Intel Mac OS X 10_11_1) AppleWebKit/537.36 (KHTML, like Gecko) Chrome/46.0.2490.80 Safari/537.36"
76.20.47.132 - - [01/Nov/2015:15:54:59 -0800] "GET /stat141/Hws/knn.svg HTTP/1.1" 200 29458 "http://eeyore.ucdavis.edu/stat141/Hws/knn.html" "Mozilla/5.0 (Macintosh; Intel Mac OS X 10_11_1) AppleWebKit/537.36 (KHTML, like Gecko) Chrome/46.0.2490.80 Safari/537.36"
168.150.123.81 - - [01/Nov/2015:15:55:14 -0800] "GET /stat141/Homeworks.html HTTP/1.1" 304 - "http://eeyore.ucdavis.edu/stat141/" "Mozilla/5.0 (Macintosh; Intel Mac OS X 10_11_1) AppleWebKit/537.36 (KHTML, like Gecko) Chrome/46.0.2490.80 Safari/537.36"
168.150.123.81 - - [01/Nov/2015:15:55:27 -0800] "GET /stat141/Hws/drawCode.R HTTP/1.1" 200 351 "http://eeyore.ucdavis.edu/stat141/Hws/assignment3.html" "Mozilla/5.0 (Macintosh; Intel Mac OS X 10_11_1) AppleWebKit/537.36 (KHTML, like Gecko) Chrome/46.0.2490.80 Safari/537.36"
107.0.114.89 - - [01/Nov/2015:15:55:28 -0800] "GET /sta141/mcb2.jpg HTTP/1.1" 200 12310 "http://eeyore.ucdavis.edu/sta141/" "Mozilla/5.0 (Macintosh; Intel Mac OS X 10_8_5) AppleWebKit/536.30.1 (KHTML, like Gecko) Version/6.0.5 Safari/536.30.1"
107.0.114.89 - - [01/Nov/2015:15:55:28 -0800] "GET /sta141/yuki.png HTTP/1.1" 200 3719 "http://eeyore.ucdavis.edu/sta141/" "Mozilla/5.0 (Macintosh; Intel Mac OS X 10_8_5) AppleWebKit/536.30.1 (KHTML, like Gecko) Version/6.0.5 Safari/536.30.1"
107.0.114.89 - - [01/Nov/2015:15:55:28 -0800] "GET /sta141/OmegaTech.css HTTP/1.1" 200 5221 "http://eeyore.ucdavis.edu/sta141/" "Mozilla/5.0 (Macintosh; Intel Mac OS X 10_8_5) AppleWebKit/536.30.1 (KHTML, like Gecko) Version/6.0.5 Safari/536.30.1"
76.20.47.132 - - [01/Nov/2015:15:55:41 -0800] "GET /stat141/Hws/CrossValidation.html HTTP/1.1" 200 3099 "http://eeyore.ucdavis.edu/stat141/Hws/assignment3.html" "Mozilla/5.0 (Macintosh; Intel Mac OS X 10_11_1) AppleWebKit/537.36 (KHTML, like Gecko) Chrome/46.0.2490.80 Safari/537.36"
73.41.83.41 - - [01/Nov/2015:15:55:49 -0800] "GET /sta141/Data/digitsTrain.csv HTTP/1.1" 200 9135013 "-" "R (3.2.2 x86_64-w64-mingw32 x86_64 mingw32)"
107.0.114.66 - - [01/Nov/2015:15:58:10 -0800] "GET /stat141/Data/digitsTrain.csv HTTP/1.0" 200 9135013 "-" "R (3.0.2 x86_64-pc-linux-gnu x86_64 linux-gnu)"
168.150.1.32 - - [01/Nov/2015:15:58:38 -0800] "GET / HTTP/1.1" 200 - "-" "Mozilla/5.0 (Macintosh; Intel Mac OS X 10_11_1) AppleWebKit/601.2.7 (KHTML, like Gecko) Version/9.0.1 Safari/601.2.7"
50.173.37.139 - - [01/Nov/2015:16:01:42 -0800] "HEAD /stat141/Hws/assignment3.html HTTP/1.1" 200 - "-" "Mozilla/5.0 (X11; Linux x86_64; rv:10.0) Gecko/20150101 Firefox/20.0 (Chrome)"
50.173.37.139 - - [01/Nov/2015:16:01:42 -0800] "GET /stat141/Hws/assignment3.html HTTP/1.1" 200 4382 "-" "Mozilla/5.0 (X11; Linux x86_64; rv:10.0) Gecko/20150101 Firefox/20.0 (Chrome)"
50.173.37.139 - - [01/Nov/2015:16:01:47 -0800] "HEAD /stat141/ HTTP/1.1" 200 - "-" "Mozilla/5.0 (X11; Linux x86_64; rv:10.0) Gecko/20150101 Firefox/20.0 (Chrome)"
50.173.37.139 - - [01/Nov/2015:16:01:51 -0800] "GET /stat141/ HTTP/1.1" 200 4176 "-" "Mozilla/5.0 (X11; Linux x86_64; rv:10.0) Gecko/20150101 Firefox/20.0 (Chrome)"
107.0.114.141 - - [01/Nov/2015:16:02:27 -0800] "GET /stat141/Homeworks.html HTTP/1.1" 304 - "http://eeyore.ucdavis.edu/stat141/" "Mozilla/5.0 (Macintosh; Intel Mac OS X 10_10_2) AppleWebKit/537.36 (KHTML, like Gecko) Chrome/46.0.2490.80 Safari/537.36"
66.249.84.181 - - [01/Nov/2015:16:02:35 -0800] "GET /favicon.ico HTTP/1.1" 404 209 "-" "Google favicon"
73.41.85.154 - - [01/Nov/2015:16:04:28 -0800] "GET /stat141/ HTTP/1.1" 304 - "-" "Mozilla/5.0 (X11; Linux x86_64; rv:41.0) Gecko/20100101 Firefox/41.0"
73.41.85.154 - - [01/Nov/2015:16:04:28 -0800] "GET /stat141/Class.css HTTP/1.1" 304 - "http://eeyore.ucdavis.edu/stat141/" "Mozilla/5.0 (X11; Linux x86_64; rv:41.0) Gecko/20100101 Firefox/41.0"
73.41.85.154 - - [01/Nov/2015:16:04:28 -0800] "GET /stat141/mcb2.jpg HTTP/1.1" 304 - "http://eeyore.ucdavis.edu/stat141/" "Mozilla/5.0 (X11; Linux x86_64; rv:41.0) Gecko/20100101 Firefox/41.0"
73.41.85.154 - - [01/Nov/2015:16:04:28 -0800] "GET /stat141/yuki.png HTTP/1.1" 304 - "http://eeyore.ucdavis.edu/stat141/" "Mozilla/5.0 (X11; Linux x86_64; rv:41.0) Gecko/20100101 Firefox/41.0"
73.41.85.154 - - [01/Nov/2015:16:04:28 -0800] "GET /stat141/OmegaTech.css HTTP/1.1" 304 - "http://eeyore.ucdavis.edu/stat141/Class.css" "Mozilla/5.0 (X11; Linux x86_64; rv:41.0) Gecko/20100101 Firefox/41.0"
73.41.85.154 - - [01/Nov/2015:16:04:28 -0800] "GET /stat141/html.css HTTP/1.1" 304 - "http://eeyore.ucdavis.edu/stat141/OmegaTech.css" "Mozilla/5.0 (X11; Linux x86_64; rv:41.0) Gecko/20100101 Firefox/41.0"
73.41.85.154 - - [01/Nov/2015:16:04:32 -0800] "GET /stat141/Lectures.html HTTP/1.1" 304 - "http://eeyore.ucdavis.edu/stat141/Lectures.html" "Mozilla/5.0 (X11; Linux x86_64; rv:41.0) Gecko/20100101 Firefox/41.0"
73.41.85.154 - - [01/Nov/2015:16:04:32 -0800] "GET /stat141/Class.css HTTP/1.1" 304 - "http://eeyore.ucdavis.edu/stat141/Lectures.html" "Mozilla/5.0 (X11; Linux x86_64; rv:41.0) Gecko/20100101 Firefox/41.0"
73.41.85.154 - - [01/Nov/2015:16:04:32 -0800] "GET /stat141/OmegaTech.css HTTP/1.1" 304 - "http://eeyore.ucdavis.edu/stat141/Class.css" "Mozilla/5.0 (X11; Linux x86_64; rv:41.0) Gecko/20100101 Firefox/41.0"
73.41.85.154 - - [01/Nov/2015:16:04:32 -0800] "GET /stat141/html.css HTTP/1.1" 304 - "http://eeyore.ucdavis.edu/stat141/OmegaTech.css" "Mozilla/5.0 (X11; Linux x86_64; rv:41.0) Gecko/20100101 Firefox/41.0"
76.20.47.132 - - [01/Nov/2015:16:04:36 -0800] "GET /stat141/Lectures.html HTTP/1.1" 200 5227 "http://eeyore.ucdavis.edu/stat141/" "Mozilla/5.0 (Macintosh; Intel Mac OS X 10_11_1) AppleWebKit/537.36 (KHTML, like Gecko) Chrome/46.0.2490.80 Safari/537.36"
76.20.47.132 - - [01/Nov/2015:16:05:00 -0800] "GET /stat141/Sessions/Session9 HTTP/1.1" 200 106391 "http://eeyore.ucdavis.edu/stat141/Lectures.html" "Mozilla/5.0 (Macintosh; Intel Mac OS X 10_11_1) AppleWebKit/537.36 (KHTML, like Gecko) Chrome/46.0.2490.80 Safari/537.36"
67.166.144.28 - - [01/Nov/2015:16:05:12 -0800] "GET /stat141/Data/digitsTrain.csv HTTP/1.0" 200 9135013 "-" "R (3.2.2 x86_64-apple-darwin13.4.0 x86_64 darwin13.4.0)"
76.20.47.132 - - [01/Nov/2015:16:05:22 -0800] "GET /stat141/drawCode.R HTTP/1.1" 200 351 "http://eeyore.ucdavis.edu/stat141/Lectures.html" "Mozilla/5.0 (Macintosh; Intel Mac OS X 10_11_1) AppleWebKit/537.36 (KHTML, like Gecko) Chrome/46.0.2490.80 Safari/537.36"
76.20.47.132 - - [01/Nov/2015:16:05:24 -0800] "GET /stat141/if.R HTTP/1.1" 200 165 "http://eeyore.ucdavis.edu/stat141/Lectures.html" "Mozilla/5.0 (Macintosh; Intel Mac OS X 10_11_1) AppleWebKit/537.36 (KHTML, like Gecko) Chrome/46.0.2490.80 Safari/537.36"
76.20.47.132 - - [01/Nov/2015:16:05:32 -0800] "GET /stat141/overview.html HTTP/1.1" 200 4335 "http://eeyore.ucdavis.edu/stat141/" "Mozilla/5.0 (Macintosh; Intel Mac OS X 10_11_1) AppleWebKit/537.36 (KHTML, like Gecko) Chrome/46.0.2490.80 Safari/537.36"
168.150.28.245 - - [01/Nov/2015:16:08:02 -0800] "GET /stat141/Homeworks.html HTTP/1.1" 304 - "http://eeyore.ucdavis.edu/stat141/" "Mozilla/5.0 (Windows NT 6.2) AppleWebKit/537.36 (KHTML, like Gecko) Chrome/45.0.2454.101 Safari/537.36"
99.53.245.226 - - [01/Nov/2015:16:08:03 -0800] "GET /stat141/Data HTTP/1.1" 301 247 "http://eeyore.ucdavis.edu/stat141/" "Mozilla/5.0 (Macintosh; Intel Mac OS X 10_11_1) AppleWebKit/601.2.7 (KHTML, like Gecko) Version/9.0.1 Safari/601.2.7"
99.53.245.226 - - [01/Nov/2015:16:08:03 -0800] "GET /stat141/Data/ HTTP/1.1" 200 482 "http://eeyore.ucdavis.edu/stat141/" "Mozilla/5.0 (Macintosh; Intel Mac OS X 10_11_1) AppleWebKit/601.2.7 (KHTML, like Gecko) Version/9.0.1 Safari/601.2.7"
168.150.28.245 - - [01/Nov/2015:16:08:03 -0800] "GET /stat141/Hws/assignment3.html HTTP/1.1" 304 - "http://eeyore.ucdavis.edu/stat141/Homeworks.html" "Mozilla/5.0 (Windows NT 6.2) AppleWebKit/537.36 (KHTML, like Gecko) Chrome/45.0.2454.101 Safari/537.36"
168.150.28.245 - - [01/Nov/2015:16:08:03 -0800] "GET /stat141/Hws/sampleDigits.png HTTP/1.1" 304 - "http://eeyore.ucdavis.edu/stat141/Hws/assignment3.html" "Mozilla/5.0 (Windows NT 6.2) AppleWebKit/537.36 (KHTML, like Gecko) Chrome/45.0.2454.101 Safari/537.36"
99.53.245.226 - - [01/Nov/2015:16:08:06 -0800] "GET /stat141/Data/ HTTP/1.1" 200 482 "http://eeyore.ucdavis.edu/stat141/" "Mozilla/5.0 (Macintosh; Intel Mac OS X 10_11_1) AppleWebKit/601.2.7 (KHTML, like Gecko) Version/9.0.1 Safari/601.2.7"
99.53.245.226 - - [01/Nov/2015:16:08:09 -0800] "GET /stat141/Homeworks.html HTTP/1.1" 304 - "http://eeyore.ucdavis.edu/stat141/" "Mozilla/5.0 (Macintosh; Intel Mac OS X 10_11_1) AppleWebKit/601.2.7 (KHTML, like Gecko) Version/9.0.1 Safari/601.2.7"
73.235.167.22 - - [01/Nov/2015:16:08:35 -0800] "GET /ExplorationsInDataScience/ HTTP/1.1" 404 224 "-" "Mozilla/5.0 (Macintosh; Intel Mac OS X 10_10_1) AppleWebKit/600.2.5 (KHTML, like Gecko) Version/8.0.2 Safari/600.2.5"
73.235.167.22 - - [01/Nov/2015:16:08:35 -0800] "GET /favicon.ico HTTP/1.1" 404 209 "http://eeyore.ucdavis.edu/ExplorationsInDataScience/" "Mozilla/5.0 (Macintosh; Intel Mac OS X 10_10_1) AppleWebKit/600.2.5 (KHTML, like Gecko) Version/8.0.2 Safari/600.2.5"
73.235.167.22 - - [01/Nov/2015:16:08:36 -0800] "GET /ExplorationsInDataScience/ HTTP/1.1" 404 224 "-" "Mozilla/5.0 (iPhone; CPU iPhone OS 8_1 like Mac OS X) AppleWebKit/600.1.4 (KHTML, like Gecko) Version/8.0 Mobile/12B410 Safari/600.1.4"
73.235.167.22 - - [01/Nov/2015:16:08:36 -0800] "GET /apple-touch-icon-precomposed.png HTTP/1.1" 404 230 "-" "com.apple.WebKit.WebContent/10600.2.5 CFNetwork/720.1.1 Darwin/14.0.0 (x86_64)"
73.235.167.22 - - [01/Nov/2015:16:08:36 -0800] "GET /apple-touch-icon.png HTTP/1.1" 404 218 "-" "com.apple.WebKit.WebContent/10600.2.5 CFNetwork/720.1.1 Darwin/14.0.0 (x86_64)"
99.53.245.226 - - [01/Nov/2015:16:09:07 -0800] "GET /stat141/Data/digitsTrain.csv HTTP/1.1" 200 9135013 "-" "com.apple.WebKit.Networking/11601.2.7.2 CFNetwork/760.1.2 Darwin/15.0.0 (x86_64)"
73.41.83.41 - - [01/Nov/2015:16:09:23 -0800] "GET /stat141/Homeworks.html HTTP/1.1" 304 - "http://eeyore.ucdavis.edu/stat141/" "Mozilla/5.0 (Windows NT 6.3; WOW64) AppleWebKit/537.36 (KHTML, like Gecko) Chrome/46.0.2490.80 Safari/537.36"
73.41.83.41 - - [01/Nov/2015:16:09:24 -0800] "GET /stat141/Hws/assignment3.html HTTP/1.1" 304 - "http://eeyore.ucdavis.edu/stat141/Homeworks.html" "Mozilla/5.0 (Windows NT 6.3; WOW64) AppleWebKit/537.36 (KHTML, like Gecko) Chrome/46.0.2490.80 Safari/537.36"
73.41.83.41 - - [01/Nov/2015:16:09:24 -0800] "GET /stat141/Hws/sampleDigits.png HTTP/1.1" 304 - "http://eeyore.ucdavis.edu/stat141/Hws/assignment3.html" "Mozilla/5.0 (Windows NT 6.3; WOW64) AppleWebKit/537.36 (KHTML, like Gecko) Chrome/46.0.2490.80 Safari/537.36"
73.41.85.154 - - [01/Nov/2015:16:09:59 -0800] "GET /favicon.ico HTTP/1.1" 404 209 "-" "Mozilla/5.0 (X11; Linux x86_64; rv:41.0) Gecko/20100101 Firefox/41.0"
168.150.116.147 - - [01/Nov/2015:16:12:00 -0800] "GET /stat141 HTTP/1.1" 301 242 "-" "Mozilla/5.0 (Windows NT 6.3; WOW64) AppleWebKit/537.36 (KHTML, like Gecko) Chrome/46.0.2490.80 Safari/537.36"
168.150.116.147 - - [01/Nov/2015:16:12:00 -0800] "GET /stat141/ HTTP/1.1" 304 - "-" "Mozilla/5.0 (Windows NT 6.3; WOW64) AppleWebKit/537.36 (KHTML, like Gecko) Chrome/46.0.2490.80 Safari/537.36"
168.150.116.147 - - [01/Nov/2015:16:12:00 -0800] "GET /stat141/Class.css HTTP/1.1" 304 - "http://eeyore.ucdavis.edu/stat141/" "Mozilla/5.0 (Windows NT 6.3; WOW64) AppleWebKit/537.36 (KHTML, like Gecko) Chrome/46.0.2490.80 Safari/537.36"
168.150.116.147 - - [01/Nov/2015:16:12:00 -0800] "GET /stat141/OmegaTech.css HTTP/1.1" 304 - "http://eeyore.ucdavis.edu/stat141/" "Mozilla/5.0 (Windows NT 6.3; WOW64) AppleWebKit/537.36 (KHTML, like Gecko) Chrome/46.0.2490.80 Safari/537.36"
168.150.116.147 - - [01/Nov/2015:16:12:00 -0800] "GET /stat141/mcb2.jpg HTTP/1.1" 304 - "http://eeyore.ucdavis.edu/stat141/" "Mozilla/5.0 (Windows NT 6.3; WOW64) AppleWebKit/537.36 (KHTML, like Gecko) Chrome/46.0.2490.80 Safari/537.36"
168.150.116.147 - - [01/Nov/2015:16:12:00 -0800] "GET /stat141/yuki.png HTTP/1.1" 304 - "http://eeyore.ucdavis.edu/stat141/" "Mozilla/5.0 (Windows NT 6.3; WOW64) AppleWebKit/537.36 (KHTML, like Gecko) Chrome/46.0.2490.80 Safari/537.36"
168.150.116.147 - - [01/Nov/2015:16:12:00 -0800] "GET /stat141/html.css HTTP/1.1" 304 - "http://eeyore.ucdavis.edu/stat141/" "Mozilla/5.0 (Windows NT 6.3; WOW64) AppleWebKit/537.36 (KHTML, like Gecko) Chrome/46.0.2490.80 Safari/537.36"
168.150.116.147 - - [01/Nov/2015:16:12:01 -0800] "GET /favicon.ico HTTP/1.1" 404 209 "http://eeyore.ucdavis.edu/stat141/" "Mozilla/5.0 (Windows NT 6.3; WOW64) AppleWebKit/537.36 (KHTML, like Gecko) Chrome/46.0.2490.80 Safari/537.36"
168.150.116.147 - - [01/Nov/2015:16:12:02 -0800] "GET /stat141/Homeworks.html HTTP/1.1" 304 - "http://eeyore.ucdavis.edu/stat141/" "Mozilla/5.0 (Windows NT 6.3; WOW64) AppleWebKit/537.36 (KHTML, like Gecko) Chrome/46.0.2490.80 Safari/537.36"
168.150.116.147 - - [01/Nov/2015:16:12:03 -0800] "GET /stat141/Hws/assignment3.html HTTP/1.1" 200 4382 "http://eeyore.ucdavis.edu/stat141/Homeworks.html" "Mozilla/5.0 (Windows NT 6.3; WOW64) AppleWebKit/537.36 (KHTML, like Gecko) Chrome/46.0.2490.80 Safari/537.36"
168.150.116.147 - - [01/Nov/2015:16:12:03 -0800] "GET /stat141/Hws/sampleDigits.png HTTP/1.1" 200 22839 "http://eeyore.ucdavis.edu/stat141/Hws/assignment3.html" "Mozilla/5.0 (Windows NT 6.3; WOW64) AppleWebKit/537.36 (KHTML, like Gecko) Chrome/46.0.2490.80 Safari/537.36"
14.39.140.6 - - [01/Nov/2015:16:13:37 -0800] "GET /stat242/data/wikipedia-articles.xml HTTP/1.1" 404 233 "http://eeyore.ucdavis.edu/stat242/data/wikipedia-articles.xml" "Mozilla/5.0 (Windows; U; Windows NT 6.1; en-US) AppleWebKit/532.2 (KHTML, like Gecko) Chrome/4.0.221.7 Safari/532.2"
68.180.229.48 - - [01/Nov/2015:16:13:45 -0800] "GET /stat242/D3/scatter7.html HTTP/1.1" 304 - "-" "Mozilla/5.0 (compatible; Yahoo! Slurp; http://help.yahoo.com/help/us/ysearch/slurp)"
168.150.46.229 - - [01/Nov/2015:16:14:49 -0800] "GET /stat141/Homeworks.html/ HTTP/1.1" 404 221 "-" "Mozilla/5.0 (Windows NT 6.1; WOW64) AppleWebKit/537.36 (KHTML, like Gecko) Chrome/46.0.2490.71 Safari/537.36"
168.150.46.229 - - [01/Nov/2015:16:14:51 -0800] "GET /favicon.ico HTTP/1.1" 404 209 "-" "Mozilla/5.0 (Windows NT 6.1; WOW64) AppleWebKit/537.36 (KHTML, like Gecko) Chrome/46.0.2490.71 Safari/537.36"
66.85.185.81 - - [01/Nov/2015:16:15:06 -0800] "GET /favicon.ico HTTP/1.1" 404 209 "-" "Mozilla/5.0 (Windows NT 6.1; WOW64) AppleWebKit/537.36 (KHTML, like Gecko) Chrome/46.0.2490.71 Safari/537.36"
98.255.1.253 - - [01/Nov/2015:16:16:28 -0800] "GET /stat141/Hws/assignment3.html HTTP/1.1" 200 4382 "http://eeyore.ucdavis.edu/stat141/Homeworks.html" "Mozilla/5.0 (Windows NT 6.1; WOW64) AppleWebKit/537.36 (KHTML, like Gecko) Chrome/46.0.2490.80 Safari/537.36"
98.255.1.253 - - [01/Nov/2015:16:16:28 -0800] "GET /stat141/Class.css HTTP/1.1" 200 1973 "http://eeyore.ucdavis.edu/stat141/Hws/assignment3.html" "Mozilla/5.0 (Windows NT 6.1; WOW64) AppleWebKit/537.36 (KHTML, like Gecko) Chrome/46.0.2490.80 Safari/537.36"
98.255.1.253 - - [01/Nov/2015:16:16:28 -0800] "GET /stat141/Hws/sampleDigits.png HTTP/1.1" 200 22839 "http://eeyore.ucdavis.edu/stat141/Hws/assignment3.html" "Mozilla/5.0 (Windows NT 6.1; WOW64) AppleWebKit/537.36 (KHTML, like Gecko) Chrome/46.0.2490.80 Safari/537.36"
98.255.1.253 - - [01/Nov/2015:16:16:28 -0800] "GET /stat141/OmegaTech.css HTTP/1.1" 200 5221 "http://eeyore.ucdavis.edu/stat141/Hws/assignment3.html" "Mozilla/5.0 (Windows NT 6.1; WOW64) AppleWebKit/537.36 (KHTML, like Gecko) Chrome/46.0.2490.80 Safari/537.36"
98.255.1.253 - - [01/Nov/2015:16:16:31 -0800] "GET /stat141/html.css HTTP/1.1" 200 92 "http://eeyore.ucdavis.edu/stat141/Hws/assignment3.html" "Mozilla/5.0 (Windows NT 6.1; WOW64) AppleWebKit/537.36 (KHTML, like Gecko) Chrome/46.0.2490.80 Safari/537.36"
98.255.1.253 - - [01/Nov/2015:16:17:51 -0800] "GET /favicon.ico HTTP/1.1" 404 209 "http://eeyore.ucdavis.edu/stat141/Hws/assignment3.html" "Mozilla/5.0 (Windows NT 6.1; WOW64) AppleWebKit/537.36 (KHTML, like Gecko) Chrome/46.0.2490.80 Safari/537.36"
168.150.8.27 - - [01/Nov/2015:16:20:19 -0800] "GET /sta141/ HTTP/1.1" 304 - "-" "Mozilla/5.0 (Windows NT 10.0; WOW64) AppleWebKit/537.36 (KHTML, like Gecko) Chrome/46.0.2490.80 Safari/537.36"
168.150.8.27 - - [01/Nov/2015:16:20:19 -0800] "GET /sta141/Class.css HTTP/1.1" 304 - "http://eeyore.ucdavis.edu/sta141/" "Mozilla/5.0 (Windows NT 10.0; WOW64) AppleWebKit/537.36 (KHTML, like Gecko) Chrome/46.0.2490.80 Safari/537.36"
168.150.8.27 - - [01/Nov/2015:16:20:19 -0800] "GET /sta141/OmegaTech.css HTTP/1.1" 304 - "http://eeyore.ucdavis.edu/sta141/" "Mozilla/5.0 (Windows NT 10.0; WOW64) AppleWebKit/537.36 (KHTML, like Gecko) Chrome/46.0.2490.80 Safari/537.36"
168.150.8.27 - - [01/Nov/2015:16:20:19 -0800] "GET /sta141/html.css HTTP/1.1" 304 - "http://eeyore.ucdavis.edu/sta141/" "Mozilla/5.0 (Windows NT 10.0; WOW64) AppleWebKit/537.36 (KHTML, like Gecko) Chrome/46.0.2490.80 Safari/537.36"
168.150.8.27 - - [01/Nov/2015:16:20:19 -0800] "GET /favicon.ico HTTP/1.1" 404 209 "http://eeyore.ucdavis.edu/sta141/" "Mozilla/5.0 (Windows NT 10.0; WOW64) AppleWebKit/537.36 (KHTML, like Gecko) Chrome/46.0.2490.80 Safari/537.36"
168.150.8.27 - - [01/Nov/2015:16:31:34 -0800] "GET /sta141/Homeworks.html HTTP/1.1" 304 - "http://eeyore.ucdavis.edu/sta141/" "Mozilla/5.0 (Windows NT 10.0; WOW64) AppleWebKit/537.36 (KHTML, like Gecko) Chrome/46.0.2490.80 Safari/537.36"
168.150.8.27 - - [01/Nov/2015:16:31:36 -0800] "GET /sta141/Hws/assignment3.html HTTP/1.1" 304 - "http://eeyore.ucdavis.edu/sta141/Homeworks.html" "Mozilla/5.0 (Windows NT 10.0; WOW64) AppleWebKit/537.36 (KHTML, like Gecko) Chrome/46.0.2490.80 Safari/537.36"
168.150.8.27 - - [01/Nov/2015:16:31:36 -0800] "GET /sta141/Hws/sampleDigits.png HTTP/1.1" 304 - "http://eeyore.ucdavis.edu/sta141/Hws/assignment3.html" "Mozilla/5.0 (Windows NT 10.0; WOW64) AppleWebKit/537.36 (KHTML, like Gecko) Chrome/46.0.2490.80 Safari/537.36"
98.238.243.161 - - [01/Nov/2015:16:32:51 -0800] "GET /stat141/Hws/drawCode.R HTTP/1.1" 200 351 "http://eeyore.ucdavis.edu/stat141/Hws/assignment3.html" "Mozilla/5.0 (Macintosh; Intel Mac OS X 10_10_5) AppleWebKit/601.1.56 (KHTML, like Gecko) Version/9.0 Safari/601.1.56"
168.150.122.49 - - [01/Nov/2015:16:33:37 -0800] "GET /favicon.ico HTTP/1.1" 404 209 "http://eeyore.ucdavis.edu/sta141/Hws/assignment3.html" "Mozilla/5.0 (Windows NT 6.3; WOW64) AppleWebKit/537.36 (KHTML, like Gecko) Chrome/46.0.2490.80 Safari/537.36"
76.20.62.66 - - [01/Nov/2015:16:33:42 -0800] "GET /stat141/Hws/assignment3.html HTTP/1.1" 200 4382 "http://eeyore.ucdavis.edu/stat141/Homeworks.html" "Mozilla/5.0 (X11; Linux x86_64) AppleWebKit/537.36 (KHTML, like Gecko) Chrome/46.0.2490.71 Safari/537.36"
76.20.62.66 - - [01/Nov/2015:16:33:43 -0800] "GET /stat141/Hws/knn.html HTTP/1.1" 200 1812 "http://eeyore.ucdavis.edu/stat141/Hws/assignment3.html" "Mozilla/5.0 (X11; Linux x86_64) AppleWebKit/537.36 (KHTML, like Gecko) Chrome/46.0.2490.71 Safari/537.36"
76.20.62.66 - - [01/Nov/2015:16:33:44 -0800] "GET /stat141/Class.css HTTP/1.1" 200 1973 "http://eeyore.ucdavis.edu/stat141/Hws/assignment3.html" "Mozilla/5.0 (X11; Linux x86_64) AppleWebKit/537.36 (KHTML, like Gecko) Chrome/46.0.2490.71 Safari/537.36"
76.20.62.66 - - [01/Nov/2015:16:33:44 -0800] "GET /stat141/Class.css HTTP/1.1" 200 1973 "http://eeyore.ucdavis.edu/stat141/Hws/knn.html" "Mozilla/5.0 (X11; Linux x86_64) AppleWebKit/537.36 (KHTML, like Gecko) Chrome/46.0.2490.71 Safari/537.36"
76.20.62.66 - - [01/Nov/2015:16:33:44 -0800] "GET /stat141/Hws/CrossValidation.html HTTP/1.1" 200 3099 "http://eeyore.ucdavis.edu/stat141/Hws/assignment3.html" "Mozilla/5.0 (X11; Linux x86_64) AppleWebKit/537.36 (KHTML, like Gecko) Chrome/46.0.2490.71 Safari/537.36"
76.20.62.66 - - [01/Nov/2015:16:33:44 -0800] "GET /stat141/Hws/sampleDigits.png HTTP/1.1" 200 22839 "http://eeyore.ucdavis.edu/stat141/Hws/assignment3.html" "Mozilla/5.0 (X11; Linux x86_64) AppleWebKit/537.36 (KHTML, like Gecko) Chrome/46.0.2490.71 Safari/537.36"
76.20.62.66 - - [01/Nov/2015:16:33:44 -0800] "GET /stat141/OmegaTech.css HTTP/1.1" 200 5221 "http://eeyore.ucdavis.edu/stat141/Hws/assignment3.html" "Mozilla/5.0 (X11; Linux x86_64) AppleWebKit/537.36 (KHTML, like Gecko) Chrome/46.0.2490.71 Safari/537.36"
76.20.62.66 - - [01/Nov/2015:16:33:44 -0800] "GET /stat141/Hws/knn.svg HTTP/1.1" 200 29458 "http://eeyore.ucdavis.edu/stat141/Hws/knn.html" "Mozilla/5.0 (X11; Linux x86_64) AppleWebKit/537.36 (KHTML, like Gecko) Chrome/46.0.2490.71 Safari/537.36"
76.20.62.66 - - [01/Nov/2015:16:33:44 -0800] "GET /stat141/html.css HTTP/1.1" 200 92 "http://eeyore.ucdavis.edu/stat141/Hws/assignment3.html" "Mozilla/5.0 (X11; Linux x86_64) AppleWebKit/537.36 (KHTML, like Gecko) Chrome/46.0.2490.71 Safari/537.36"
98.238.243.161 - - [01/Nov/2015:16:33:51 -0800] "GET /stat141/Lectures.html HTTP/1.1" 304 - "http://eeyore.ucdavis.edu/stat141/" "Mozilla/5.0 (Macintosh; Intel Mac OS X 10_10_5) AppleWebKit/601.1.56 (KHTML, like Gecko) Version/9.0 Safari/601.1.56"
98.238.243.161 - - [01/Nov/2015:16:33:57 -0800] "GET /stat141/drawCode.R HTTP/1.1" 200 351 "http://eeyore.ucdavis.edu/stat141/Lectures.html" "Mozilla/5.0 (Macintosh; Intel Mac OS X 10_10_5) AppleWebKit/601.1.56 (KHTML, like Gecko) Version/9.0 Safari/601.1.56"
98.238.243.161 - - [01/Nov/2015:16:33:59 -0800] "GET /stat141/data.R HTTP/1.1" 200 977 "http://eeyore.ucdavis.edu/stat141/Lectures.html" "Mozilla/5.0 (Macintosh; Intel Mac OS X 10_10_5) AppleWebKit/601.1.56 (KHTML, like Gecko) Version/9.0 Safari/601.1.56"
76.20.62.66 - - [01/Nov/2015:16:34:09 -0800] "GET /favicon.ico HTTP/1.1" 404 209 "http://eeyore.ucdavis.edu/stat141/Lectures.html" "Mozilla/5.0 (X11; Linux x86_64) AppleWebKit/537.36 (KHTML, like Gecko) Chrome/46.0.2490.71 Safari/537.36"
76.20.62.66 - - [01/Nov/2015:16:34:09 -0800] "GET /favicon.ico HTTP/1.1" 404 209 "http://eeyore.ucdavis.edu/stat141/Hws/CrossValidation.html" "Mozilla/5.0 (X11; Linux x86_64) AppleWebKit/537.36 (KHTML, like Gecko) Chrome/46.0.2490.71 Safari/537.36"
76.20.62.66 - - [01/Nov/2015:16:34:09 -0800] "GET /favicon.ico HTTP/1.1" 404 209 "http://eeyore.ucdavis.edu/stat141/Hws/knn.html" "Mozilla/5.0 (X11; Linux x86_64) AppleWebKit/537.36 (KHTML, like Gecko) Chrome/46.0.2490.71 Safari/537.36"
76.20.62.66 - - [01/Nov/2015:16:34:09 -0800] "GET /favicon.ico HTTP/1.1" 404 209 "http://eeyore.ucdavis.edu/stat141/Hws/assignment3.html" "Mozilla/5.0 (X11; Linux x86_64) AppleWebKit/537.36 (KHTML, like Gecko) Chrome/46.0.2490.71 Safari/537.36"
98.244.54.229 - - [01/Nov/2015:16:34:41 -0800] "GET /stat141/ HTTP/1.1" 304 - "-" "Mozilla/5.0 (Windows NT 10.0; WOW64) AppleWebKit/537.36 (KHTML, like Gecko) Chrome/46.0.2490.80 Safari/537.36"
98.244.54.229 - - [01/Nov/2015:16:34:41 -0800] "GET /stat141/Class.css HTTP/1.1" 304 - "http://eeyore.ucdavis.edu/stat141/" "Mozilla/5.0 (Windows NT 10.0; WOW64) AppleWebKit/537.36 (KHTML, like Gecko) Chrome/46.0.2490.80 Safari/537.36"
98.244.54.229 - - [01/Nov/2015:16:34:41 -0800] "GET /stat141/OmegaTech.css HTTP/1.1" 304 - "http://eeyore.ucdavis.edu/stat141/" "Mozilla/5.0 (Windows NT 10.0; WOW64) AppleWebKit/537.36 (KHTML, like Gecko) Chrome/46.0.2490.80 Safari/537.36"
98.244.54.229 - - [01/Nov/2015:16:34:41 -0800] "GET /stat141/html.css HTTP/1.1" 304 - "http://eeyore.ucdavis.edu/stat141/" "Mozilla/5.0 (Windows NT 10.0; WOW64) AppleWebKit/537.36 (KHTML, like Gecko) Chrome/46.0.2490.80 Safari/537.36"
98.244.54.229 - - [01/Nov/2015:16:34:42 -0800] "GET /favicon.ico HTTP/1.1" 404 209 "http://eeyore.ucdavis.edu/stat141/" "Mozilla/5.0 (Windows NT 10.0; WOW64) AppleWebKit/537.36 (KHTML, like Gecko) Chrome/46.0.2490.80 Safari/537.36"
98.244.54.229 - - [01/Nov/2015:16:34:46 -0800] "GET /stat141/Lectures.html HTTP/1.1" 304 - "http://eeyore.ucdavis.edu/stat141/" "Mozilla/5.0 (Windows NT 10.0; WOW64) AppleWebKit/537.36 (KHTML, like Gecko) Chrome/46.0.2490.80 Safari/537.36"
98.244.54.229 - - [01/Nov/2015:16:34:51 -0800] "GET /stat141/Homeworks.html HTTP/1.1" 200 1432 "http://eeyore.ucdavis.edu/stat141/" "Mozilla/5.0 (Windows NT 10.0; WOW64) AppleWebKit/537.36 (KHTML, like Gecko) Chrome/46.0.2490.80 Safari/537.36"
98.244.54.229 - - [01/Nov/2015:16:34:53 -0800] "GET /stat141/Hws/assignment3.html HTTP/1.1" 200 4382 "http://eeyore.ucdavis.edu/stat141/Homeworks.html" "Mozilla/5.0 (Windows NT 10.0; WOW64) AppleWebKit/537.36 (KHTML, like Gecko) Chrome/46.0.2490.80 Safari/537.36"
98.244.54.229 - - [01/Nov/2015:16:34:53 -0800] "GET /stat141/Hws/sampleDigits.png HTTP/1.1" 200 22839 "http://eeyore.ucdavis.edu/stat141/Hws/assignment3.html" "Mozilla/5.0 (Windows NT 10.0; WOW64) AppleWebKit/537.36 (KHTML, like Gecko) Chrome/46.0.2490.80 Safari/537.36"
98.244.54.229 - - [01/Nov/2015:16:35:01 -0800] "GET /stat141/Hws/drawCode.R HTTP/1.1" 200 351 "http://eeyore.ucdavis.edu/stat141/Hws/assignment3.html" "Mozilla/5.0 (Windows NT 10.0; WOW64) AppleWebKit/537.36 (KHTML, like Gecko) Chrome/46.0.2490.80 Safari/537.36"
108.213.78.140 - - [01/Nov/2015:16:36:38 -0800] "GET /stat141/Homeworks.html HTTP/1.1" 200 1432 "http://eeyore.ucdavis.edu/stat141/" "Mozilla/5.0 (Windows NT 6.1; WOW64) AppleWebKit/537.36 (KHTML, like Gecko) Chrome/46.0.2490.80 Safari/537.36"
108.213.78.140 - - [01/Nov/2015:16:36:40 -0800] "GET /stat141/Hws/assignment3.html HTTP/1.1" 304 - "http://eeyore.ucdavis.edu/stat141/Homeworks.html" "Mozilla/5.0 (Windows NT 6.1; WOW64) AppleWebKit/537.36 (KHTML, like Gecko) Chrome/46.0.2490.80 Safari/537.36"
108.213.78.140 - - [01/Nov/2015:16:36:41 -0800] "GET /stat141/Hws/sampleDigits.png HTTP/1.1" 200 22839 "http://eeyore.ucdavis.edu/stat141/Hws/assignment3.html" "Mozilla/5.0 (Windows NT 6.1; WOW64) AppleWebKit/537.36 (KHTML, like Gecko) Chrome/46.0.2490.80 Safari/537.36"
108.237.121.41 - - [01/Nov/2015:16:37:34 -0800] "GET /apple-touch-icon-120x120-precomposed.png HTTP/1.1" 404 238 "-" "Mozilla/5.0 (iPhone; CPU iPhone OS 9_1 like Mac OS X) AppleWebKit/601.1.46 (KHTML, like Gecko) Mobile/13B143"
66.87.135.217 - - [01/Nov/2015:16:37:35 -0800] "GET /apple-touch-icon-120x120.png HTTP/1.1" 404 226 "-" "Mozilla/5.0 (iPhone; CPU iPhone OS 9_1 like Mac OS X) AppleWebKit/601.1.46 (KHTML, like Gecko) Mobile/13B143"
66.87.135.217 - - [01/Nov/2015:16:37:35 -0800] "GET /apple-touch-icon.png HTTP/1.1" 404 218 "-" "Mozilla/5.0 (iPhone; CPU iPhone OS 9_1 like Mac OS X) AppleWebKit/601.1.46 (KHTML, like Gecko) Mobile/13B143"
66.87.135.217 - - [01/Nov/2015:16:37:36 -0800] "GET /apple-touch-icon-precomposed.png HTTP/1.1" 404 230 "-" "Mozilla/5.0 (iPhone; CPU iPhone OS 9_1 like Mac OS X) AppleWebKit/601.1.46 (KHTML, like Gecko) Mobile/13B143"
66.87.135.217 - - [01/Nov/2015:16:37:36 -0800] "GET /favicon.ico HTTP/1.1" 404 209 "-" "Mozilla/5.0 (iPhone; CPU iPhone OS 9_1 like Mac OS X) AppleWebKit/601.1.46 (KHTML, like Gecko) Mobile/13B143"
